[0/1] Planning build
Test Suite 'Selected tests' started at 2026-08-20 21:06:10.630.
Test Suite 'helutPackageTests.xctest' started at 2026-08-20 21:06:10.631.
Test Suite 'NoisyBKLUTIsolationTests' started at 2026-08-20 21:06:10.631.
Test Case '-[HELUTTests.NoisyBKLUTIsolationTests testC60FirstCorruptLUTCPUAndMetal]' started.
Test Case '-[HELUTTests.NoisyBKLUTIsolationTests testC60FirstCorruptLUTCPUAndMetal]' passed (60.267 seconds).
Test Suite 'NoisyBKLUTIsolationTests' passed at 2026-08-20 21:07:10.898.
	 Executed 1 test, with 0 failures (0 unexpected) in 60.267 (60.267) seconds
Test Suite 'helutPackageTests.xctest' passed at 2026-08-20 21:07:10.898.
	 Executed 1 test, with 0 failures (0 unexpected) in 60.267 (60.267) seconds
Test Suite 'Selected tests' passed at 2026-08-20 21:07:10.898.
	 Executed 1 test, with 0 failures (0 unexpected) in 60.267 (60.268) seconds
C60_LUT_PROBE start N=1024 n=1024 baseLog=2 levels=16 k=7 sigma=128.0 backend=both secretSeed=0xE135 bkSeed=0xE235 inputSeed=0xE335
C60_LUT_PROBE bk-seconds=18.058493
C60_LUT_PROBE input address=4 packed-native=28 expected-packed=28 expected-bit=1
C60_LUT_PROBE backend=cpu seconds=34.524089 raw=15132003 raw-bit=1 raw-|e|=451939 refreshed-native=7 refreshed-bit=1 refreshed-|e|=0 half-gap=7340032
C60_LUT_PROBE backend=metal seconds=7.653019 raw=15132003 raw-bit=1 raw-|e|=451939 refreshed-native=7 refreshed-bit=1 refreshed-|e|=0 half-gap=7340032
C60_LUT_PROBE result COMPLETE diagnostic-only=true
◇ Test run started.
↳ Testing Library Version: 1902
↳ Target Platform: arm64e-apple-macos14.0
✔ Test run with 0 tests in 0 suites passed after 0.001 seconds.
