HELUT encrypted-netlist bench · SING
  netlist: Generated/Netlists/PicoRV32/picorv32_lut6_netlist.json  module=picorv32
  poly N=1024  LUTs=2006  DFFs=1565  sequential  2N=2048
  stimuli=1 (max --vectors 1)  cpu-only=false  metal-netlist-only=false
  paths filter: blind-rotate-metal public-ms covering-b2
  paths: public-ms@boolean + public-ms@crypto + secret@crypto (+ Metal)
  BK noise inject Gaussian σ=128.0 (torus; identity residual is empirical, not B_bk)
  BK identity confidence trials=192
  BK identity PBS parallelism=8 (RNG preparation and reduction remain serial)
  boolean scale kδ  k=7  (test-poly stride 7; public-MS native δ)
  DynamicRotateCost mux=2099200 binary=11275 speedup≈186.2×

  Metal BR tile progress: quiet
  starting blind-rotate-metal public-ms covering-b2  digits=balanced
  identity residual trials=192  (n=1024)  parallelism=8
  identity observed max|e| 2107374  (sample-decodable true)
  identity 95% confidence σ=637756.9881164038 events=2006 εlog2=-88.40085651170702 target=-64 samples=192 clears=yes
HELUTToolKit/HelutBench.swift:994: Fatal error: DFF mismatches blind-rotate-metal public-ms covering-b2 tick 1 (4): $auto$ff.cc:337:slice$14510 $_DFF_P_ want=0 got=1; $auto$ff.cc:337:slice$14521 $_DFF_P_ want=0 got=1; $auto$ff.cc:337:slice$14523 $_DFF_P_ want=0 got=1; $auto$ff.cc:337:slice$8281 $_DFF_P_ want=0 got=1
time: command terminated abnormally
     2725.19 real      6803.91 user        27.27 sys
          2276720640  maximum resident set size
                   0  average shared memory size
                   0  average unshared data size
                   0  average unshared stack size
              140552  page reclaims
                  96  page faults
                   0  swaps
                   0  block input operations
                   0  block output operations
                   0  messages sent
                   0  messages received
                   0  signals received
                  31  voluntary context switches
             3459649  involuntary context switches
     197392754316972  instructions retired
      26558027322203  cycles elapsed
          2458077440  peak memory footprint
