HELUT encrypted-netlist bench · SING
  netlist: Generated/Netlists/PicoRV32/picorv32_lut6_netlist.json  module=picorv32
  poly N=1024  LUTs=2006  DFFs=1565  sequential  2N=2048
  stimuli=1 (max --vectors 1)  cpu-only=false  metal-netlist-only=false
  paths filter: blind-rotate-metal public-ms covering-b2
  paths: public-ms@boolean + public-ms@crypto + secret@crypto (+ Metal)
  BK noise inject Gaussian σ=128.0 (torus; identity residual is empirical, not B_bk)
  BK identity confidence trials=32
  BK identity PBS parallelism=8 (RNG preparation and reduction remain serial)
  boolean scale kδ  k=7  (test-poly stride 7; public-MS native δ)
  DynamicRotateCost mux=2099200 binary=11275 speedup≈186.2×

  Metal BR tile progress: quiet
  starting blind-rotate-metal public-ms covering-b2  digits=balanced
  identity residual trials=32  (n=1024)  parallelism=8
  identity observed max|e| 1159788  (sample-decodable true)
  identity 95% confidence σ=755381.5130525075 events=2006 εlog2=-60.73442986998689 target=-64 samples=32 clears=no
time: command terminated abnormally
      191.89 real      1126.44 user         3.09 sys
           390578176  maximum resident set size
                   0  average shared memory size
                   0  average unshared data size
                   0  average unshared stack size
               24101  page reclaims
                  93  page faults
                   0  swaps
                   0  block input operations
                   0  block output operations
                   0  messages sent
                   0  messages received
                   0  signals received
                   4  voluntary context switches
              268551  involuntary context switches
      33195128443544  instructions retired
       4417805688231  cycles elapsed
           380322680  peak memory footprint
