HELUT encrypted-netlist bench · SING
  netlist: Generated/Netlists/PicoRV32/picorv32_lut6_netlist.json  module=picorv32
  poly N=1024  LUTs=2006  DFFs=1565  sequential  2N=2048
  stimuli=1 (max --vectors 1)  cpu-only=false  metal-netlist-only=false
  paths filter: blind-rotate-metal public-ms covering-b2
  paths: public-ms@boolean + public-ms@crypto + secret@crypto (+ Metal)
  BK noise inject Gaussian σ=128.0 (torus; identity residual is empirical, not B_bk)
  BK identity confidence trials=1
  noisy-BK policy: UNSAFE DIAGNOSTIC ONLY (functional output cannot certify ε)
  divergence trace: enabled (first LUT + all wrong DFFs)
  boolean scale kδ  k=7  (test-poly stride 7; public-MS native δ)
  DynamicRotateCost mux=2099200 binary=11275 speedup≈186.2×

  Metal BR tile progress: quiet
  starting blind-rotate-metal public-ms covering-b2  digits=balanced
  identity residual trials=1  (n=1024)
  identity observed max|e| 118405  (sample-decodable true)
  identity 95% confidence σ=inf events=2006 εlog2=0.0 target=-64 samples=1 clears=no
ENCRYPTED TARGET CONE name=$abc$28808$auto$blifparse.cc:557:parse_blif$29048 LUTs=10/2006
ENCRYPTED LUT CPU REPLAY
  name=$abc$28808$auto$blifparse.cc:557:parse_blif$29048 wavefront=4 y=654 address-logical=19 address-packed=24 expected-logical=0 expected-packed=1
  input-domain=full-torus-public-ms input-phases=[14680064, 14680064, 0, 0, 14680064, 2097152] input-bits=[1, 1, 0, 0, 1, 0] packed-native=165 expected-packed=133 offset=32
  cpu    raw=15210189 raw-bit=1 raw-residual=530125 raw-|e|=530125 refreshed-native=7 refreshed-bit=1 refreshed-residual=0 refreshed-|e|=0
  metal  raw=15210189 raw-bit=1 raw-residual=530125 raw-|e|=530125 refreshed-native=7 refreshed-bit=1 refreshed-residual=0 refreshed-|e|=0
  ciphertext-equal=yes
ENCRYPTED TARGET CONE result COMPLETE diagnostic-only=true
  target-only diagnostic complete: $abc$28808$auto$blifparse.cc:557:parse_blif$29048 (no netlist PASS asserted)
