  WO 1/6 IV-III-VIII
  WO 1/126 I-II-VI
  WO 13/126 I-VI-VII
  WO 25/126 II-IV-VI
  WO 37/126 III-I-VI
  WO 49/126 III-VI-VII
  WO 61/126 IV-III-VI
  WO 73/126 V-I-VI
  WO 85/126 V-VI-VII
  WO 97/126 VI-IV-VII
  WO 109/126 VII-IV-VI
  WO 121/126 VIII-IV-VI
  WO 1/336 I-II-III
  WO 13/336 I-IV-II
  WO 25/336 I-VI-II
  WO 37/336 I-VIII-II
  WO 49/336 II-III-I
  WO 61/336 II-V-I
  WO 73/336 II-VII-I
  WO 85/336 III-I-II
  WO 97/336 III-IV-I
  WO 109/336 III-VI-I
  WO 121/336 III-VIII-I
  WO 133/336 IV-II-I
  WO 145/336 IV-V-I
  WO 157/336 IV-VII-I
  WO 169/336 V-I-II
  WO 181/336 V-III-I
  WO 193/336 V-VI-I
  WO 205/336 V-VIII-I
  WO 217/336 VI-II-I
  WO 229/336 VI-IV-I
  WO 241/336 VI-VII-I
  WO 253/336 VII-I-II
  WO 265/336 VII-III-I
  WO 277/336 VII-V-I
  WO 289/336 VII-VIII-I
  WO 301/336 VIII-II-I
  WO 313/336 VIII-IV-I
  WO 325/336 VIII-VI-I
  WO 1/336 I-II-III
  WO 13/336 I-IV-II
  WO 25/336 I-VI-II
  WO 37/336 I-VIII-II
  WO 49/336 II-III-I
  WO 61/336 II-V-I
