=== Welchman diagonal board — P1030680 ===
fixture: Fixtures/p1030680_wenselaers_procedure_neustadt_constellations.json (24 loop-ranked placements)
mode: loop-ranked (loops, edges); confirm≥1 independent
selected 24 of 24
min menu constraints: 16
running 24 menus, highest deduction power first:
  [1] {FFFTTTBLEIBTBESETZT@17 + NEUSTADT@43} edges=27 letters=19 loops=9 comp=1 span=51 central=T
  [2] {FFFTTTBLEIBTBESETZT@15 + NEUSTADT@43} edges=27 letters=19 loops=9 comp=1 span=51 central=T
  [3] {FFFTTTBLEIBTBESETZT@17 + NEUSTADT@42} edges=27 letters=19 loops=9 comp=1 span=50 central=T
  [4] {FFFTTTBLEIBTBESETZT@15 + NEUSTADT@42} edges=27 letters=19 loops=9 comp=1 span=50 central=T
  [5] {FFFTTTBLEIBTBESETZT@48 + NEUSTADT@12} edges=27 letters=20 loops=8 comp=1 span=67 central=T
  [6] {FFFTTTBLEIBTBESETZT@48 + NEUSTADT@10} edges=27 letters=20 loops=8 comp=1 span=67 central=T
  [7] {FFFTTTBLEIBTBESETZT@46 + NEUSTADT@10} edges=27 letters=20 loops=8 comp=1 span=65 central=T
  [8] {FFFTTTBLEIBTBESETZT@38 + NEUSTADT@25} edges=27 letters=20 loops=8 comp=1 span=57 central=T
  [9] {FFFTTTBLEIBTBESETZT@38 + NEUSTADT@15} edges=27 letters=20 loops=8 comp=1 span=57 central=T
  [10] {FFFTTTBLEIBTBESETZT@10 + NEUSTADT@46} edges=27 letters=20 loops=8 comp=1 span=54 central=T
  [11] {FFFTTTBLEIBTBESETZT@10 + NEUSTADT@45} edges=27 letters=20 loops=8 comp=1 span=53 central=T
  [12] {FFFTTTBLEIBTBESETZT@28 + NEUSTADT@15} edges=27 letters=20 loops=8 comp=1 span=47 central=T
  … 12 more
shells/menu: 34944 (336 WO × 2 Greek × 2 UKW × 1 mid-ring × 26 right-ring) → 1.6e+10 settings
kernel sieve: ≤10 plugs
GPU pipeline depth: 4 shells in flight
break threshold: -3.600  IC floor: 0.055  (German -2.847 / noise -5.382)
right ring swept: every right-wheel turnover phase covered
residual gap: middle ring pinned A, so keys whose middle wheel turns over inside a 67-letter span (~12% for 1 notch, ~23% for 2) are not covered — --bombe-middle-ring closes it
ETA floor (~50M/s): 127.7 min

quarantine: soft IC≥0.048 / tail>-4.000 (strict IC≥0.055 / tail>-3.600) → logs/quarantine_wenselaers_constellation.json
  [1/24·1] {FFFTTTBLEIBTBESETZT@17 + NEUSTADT@43} edges=27 letters=19 loops=9 comp=1 span=51 central=T dead at the board                       360s  44.3M/s ETA 138.2 min
  [2/24·2] {FFFTTTBLEIBTBESETZT@15 + NEUSTADT@43} edges=27 letters=19 loops=9 comp=1 span=51 central=T dead at the board                       742s  43.0M/s ETA 136.1 min
  [3/24·3] {FFFTTTBLEIBTBESETZT@17 + NEUSTADT@42} edges=27 letters=19 loops=9 comp=1 span=50 central=T dead at the board                      1115s  43.0M/s ETA 130.0 min
  [4/24·4] {FFFTTTBLEIBTBESETZT@15 + NEUSTADT@42} edges=27 letters=19 loops=9 comp=1 span=50 central=T dead at the board                      1510s  42.3M/s ETA 125.8 min
  [5/24·5] {FFFTTTBLEIBTBESETZT@48 + NEUSTADT@12} edges=27 letters=20 loops=8 comp=1 span=67 central=T dead at the board                      1881s  42.4M/s ETA 119.1 min
  [6/24·6] {FFFTTTBLEIBTBESETZT@48 + NEUSTADT@10} edges=27 letters=20 loops=8 comp=1 span=67 central=T dead at the board                      2260s  42.4M/s ETA 113.0 min
  [7/24·7] {FFFTTTBLEIBTBESETZT@46 + NEUSTADT@10} edges=27 letters=20 loops=8 comp=1 span=65 central=T dead at the board                      2706s  41.3M/s ETA 109.5 min
  [8/24·8] {FFFTTTBLEIBTBESETZT@38 + NEUSTADT@25} edges=27 letters=20 loops=8 comp=1 span=57 central=T dead at the board                      3097s  41.3M/s ETA 103.2 min
  [9/24·9] {FFFTTTBLEIBTBESETZT@38 + NEUSTADT@15} edges=27 letters=20 loops=8 comp=1 span=57 central=T dead at the board                      3465s  41.5M/s ETA  96.3 min
  [10/24·10] {FFFTTTBLEIBTBESETZT@10 + NEUSTADT@46} edges=27 letters=20 loops=8 comp=1 span=54 central=T dead at the board                      3858s  41.4M/s ETA  90.0 min
  [11/24·11] {FFFTTTBLEIBTBESETZT@10 + NEUSTADT@45} edges=27 letters=20 loops=8 comp=1 span=53 central=T dead at the board                      4258s  41.2M/s ETA  83.9 min
  [12/24·12] {FFFTTTBLEIBTBESETZT@28 + NEUSTADT@15} edges=27 letters=20 loops=8 comp=1 span=47 central=T dead at the board                      4611s  41.6M/s ETA  76.8 min
  [13/24·13] {FFFTTTBLEIBTBESETZT@28 + NEUSTADT@14} edges=27 letters=20 loops=8 comp=1 span=47 central=T dead at the board                      4943s  42.0M/s ETA  69.7 min
  [14/24·14] {FFFTTTBLEIBTBESETZT@18 + NEUSTADT@39} edges=27 letters=20 loops=8 comp=1 span=47 central=T dead at the board                      5324s  42.0M/s ETA  63.4 min
  [15/24·15] {FFFTTTBLEIBTBESETZT@18 + NEUSTADT@38} edges=27 letters=20 loops=8 comp=1 span=46 central=T dead at the board                      5707s  42.0M/s ETA  57.1 min
  [16/24·16] {FFFTTTBLEIBTBESETZT@19 + NEUSTADT@39} edges=27 letters=21 loops=7 comp=1 span=47 central=T dead at the board                      6075s  42.1M/s ETA  50.6 min
  [17/24·17] {FFFTTTBLEIBTBESETZT@19 + NEUSTADT@38} edges=27 letters=21 loops=7 comp=1 span=46 central=T dead at the board                      6381s  42.5M/s ETA  43.8 min
  [18/24·18] {FFFTTTBLEIBTBESETZT@16 + NEUSTADT@37} edges=27 letters=21 loops=7 comp=1 span=45 central=T dead at the board                      6768s  42.5M/s ETA  37.6 min
  [19/24·19] {FFFTTTBLEIBTBESETZT@23 + NEUSTADT@4} edges=27 letters=21 loops=7 comp=1 span=42 central=T dead at the board                      7116s  42.6M/s ETA  31.2 min
  [20/24·20] {FFFTTTBLEIBTBESETZT@23 + NEUSTADT@1} edges=27 letters=21 loops=7 comp=1 span=42 central=T dead at the board                      7504s  42.6M/s ETA  25.0 min
  [21/24·21] {FFFTTTBLEIBTBESETZT@13 + NEUSTADT@33} edges=27 letters=21 loops=7 comp=1 span=41 central=T dead at the board                      7862s  42.7M/s ETA  18.7 min
  [22/24·22] {FFFTTTBLEIBTBESETZT@13 + NEUSTADT@32} edges=27 letters=21 loops=7 comp=1 span=40 central=T dead at the board                      8216s  42.8M/s ETA  12.4 min
  [23/24·23] {FFFTTTBLEIBTBESETZT@12 + NEUSTADT@32} edges=27 letters=21 loops=7 comp=1 span=40 central=T dead at the board                      8611s  42.7M/s ETA   6.2 min
  [24/24·24] {FFFTTTBLEIBTBESETZT@12 + NEUSTADT@31} edges=27 letters=21 loops=7 comp=1 span=39 central=T dead at the board                      9007s  42.5M/s ETA   0.0 min

total raw stops: 0 over 383245664256 settings (42.5M/s mean)
survived the 10-plug sieve: 0
no setting survived — every runnable menu contradicted everywhere it was tried
quarantine: 0 soft-band near-misses (solo pass complete)
