indel family: +28 spliced menus (delta 4, splices on 4-letter group boundaries)
  post-gap only: dropped 308 straddling menus. Kept menus carry the full edge count — nothing fell in the gap.
  a spliced menu runs on the EXACT board — no tolerance, no survivor inflation. Step number and ciphertext index diverge; that is the whole mechanism.
  indel-only: dropping 28 ordinary menus, sweeping the spliced family alone.
  on a known-undamaged control every splice is false, so a break there would be a false positive; on the target a break is a genuine hypothesis hit and must still clear crib-exact ∧ IC ∧ tail ∧ ≤10 plugs.
=== Welchman diagonal board — P1030680 ===
fixture: Fixtures/p1030680_wenselaers_hapax_menus.json (28 loop-ranked placements)
mode: loop-ranked (loops, edges); confirm≥1 independent
selected 28 of 28
min crib length: 16
running 28 menus, highest deduction power first:
  [1] STUETZPUNKTLUEBECKVVVCHEFVIERXUUUFLOTTXX@22 edges=40 letters=21 loops=20 comp=1 central=V
  [2] STUETZPUNKTLUEBECKVVVCHEFVIERXUUUFLOTTXX@8 edges=40 letters=22 loops=19 comp=1 central=E
  [3] STUETZPUNKTLUEBECKVVVCHEFVIERXUUUFLOTTXX@34 edges=40 letters=22 loops=19 comp=1 central=V
  [4] STUETZPUNKTLUEBECKVVVCHEFVIERXUUUFLOTTXX@35 edges=40 letters=22 loops=19 comp=1 central=V
  [5] ALLEINMARSCHNACHJNEUSTADTJANGETRETENX@4 edges=37 letters=23 loops=16 comp=2 central=E
  [6] ALLEINMARSCHNACHJNEUSTADTJANGETRETENX@6 edges=37 letters=23 loops=15 comp=1 central=E
  [7] ALLEINMARSCHNACHJNEUSTADTJANGETRETENX@10 edges=37 letters=23 loops=15 comp=1 central=E
  [8] ALLEINMARSCHNACHJNEUSTADTJANGETRETENX@12 edges=37 letters=23 loops=15 comp=1 central=E
  [9] ALLEINMARSCHNACHJNEUSTADTJANGETRETENX@21 edges=37 letters=24 loops=15 comp=2 central=R
  [10] ALLEINMARSCHNACHJNEUSTADTJANGETRETENX@30 edges=37 letters=23 loops=15 comp=1 central=R
  [11] ALLEINMARSCHNACHJNEUSTADTJANGETRETENX@16 edges=37 letters=24 loops=14 comp=1 central=E
  [12] ALLEINMARSCHNACHJNEUSTADTJANGETRETENX@25 edges=37 letters=24 loops=14 comp=1 central=R
  … 16 more
shells/menu: 34944 (336 WO × 2 Greek × 2 UKW × 1 mid-ring × 26 right-ring) → 1.6e+10 settings
kernel sieve: ≤10 plugs
GPU pipeline depth: 4 shells in flight
break threshold: -3.600  IC floor: 0.055  (German -2.847 / noise -5.382)
right ring swept: every right-wheel turnover phase covered
residual gap: middle ring pinned A, so keys whose middle wheel turns over inside a 40-letter span (~8% for 1 notch, ~15% for 2) are not covered — --bombe-middle-ring closes it
ETA floor (~50M/s): 149.0 min

quarantine: soft IC≥0.048 / tail>-4.000 (strict IC≥0.055 / tail>-3.600) → logs/quarantine_wenselaers_postgap.json
  [1/28·1] STUETZPUNKTLUEBECKVVVCHEFVIERXUUUFLOTTXX@22 edges=40 letters=21 loops=20 comp=1 central=V dead at the board                       423s  37.7M/s ETA 190.6 min
  [2/28·2] STUETZPUNKTLUEBECKVVVCHEFVIERXUUUFLOTTXX@8 edges=40 letters=22 loops=19 comp=1 central=E dead at the board                       926s  34.5M/s ETA 200.5 min
  [3/28·3] STUETZPUNKTLUEBECKVVVCHEFVIERXUUUFLOTTXX@34 edges=40 letters=22 loops=19 comp=1 central=V dead at the board                      1355s  35.3M/s ETA 188.2 min
  [4/28·4] STUETZPUNKTLUEBECKVVVCHEFVIERXUUUFLOTTXX@35 edges=40 letters=22 loops=19 comp=1 central=V dead at the board                      1790s  35.7M/s ETA 179.0 min
  [5/28·5] ALLEINMARSCHNACHJNEUSTADTJANGETRETENX@4 edges=37 letters=23 loops=16 comp=2 central=E dead at the board                      2237s  35.7M/s ETA 171.5 min
  [6/28·6] ALLEINMARSCHNACHJNEUSTADTJANGETRETENX@6 edges=37 letters=23 loops=15 comp=1 central=E dead at the board                      2652s  36.1M/s ETA 162.1 min
  [7/28·7] ALLEINMARSCHNACHJNEUSTADTJANGETRETENX@10 edges=37 letters=23 loops=15 comp=1 central=E dead at the board                      3154s  35.4M/s ETA 157.7 min
  [8/28·8] ALLEINMARSCHNACHJNEUSTADTJANGETRETENX@12 edges=37 letters=23 loops=15 comp=1 central=E dead at the board                      3650s  35.0M/s ETA 152.1 min
  [9/28·9] ALLEINMARSCHNACHJNEUSTADTJANGETRETENX@21 edges=37 letters=24 loops=15 comp=2 central=R dead at the board                      4118s  34.9M/s ETA 144.9 min
  [10/28·10] ALLEINMARSCHNACHJNEUSTADTJANGETRETENX@30 edges=37 letters=23 loops=15 comp=1 central=R dead at the board                      4542s  35.2M/s ETA 136.3 min
  [11/28·11] ALLEINMARSCHNACHJNEUSTADTJANGETRETENX@16 edges=37 letters=24 loops=14 comp=1 central=E dead at the board                      5037s  34.9M/s ETA 129.7 min
  [12/28·12] ALLEINMARSCHNACHJNEUSTADTJANGETRETENX@25 edges=37 letters=24 loops=14 comp=1 central=R dead at the board                      5452s  35.1M/s ETA 121.2 min
  [13/28·13] ALLEINMARSCHNACHJNEUSTADTJANGETRETENX@27 edges=37 letters=24 loops=14 comp=1 central=R dead at the board                      5829s  35.6M/s ETA 112.1 min
  [14/28·14] SOFORTNEUSTADTINMARSCHSETZENX@6 edges=29 letters=21 loops=9 comp=1 central=S dead at the board                      6207s  36.0M/s ETA 103.4 min
  [15/28·15] SOFORTNEUSTADTINMARSCHSETZENX@10 edges=29 letters=22 loops=9 comp=2 central=S dead at the board                      6518s  36.7M/s ETA  94.2 min
  [16/28·16] SOFORTNEUSTADTINMARSCHSETZENX@15 edges=29 letters=21 loops=9 comp=1 central=R dead at the board                      6877s  37.2M/s ETA  86.0 min
  [17/28·17] SOFORTNEUSTADTINMARSCHSETZENX@22 edges=29 letters=23 loops=9 comp=3 central=R dead at the board                      7250s  37.4M/s ETA  78.2 min
  [18/28·18] SOFORTNEUSTADTINMARSCHSETZENX@11 edges=29 letters=22 loops=8 comp=1 central=S dead at the board                      7634s  37.7M/s ETA  70.7 min
  [19/28·19] SOFORTNEUSTADTINMARSCHSETZENX@17 edges=29 letters=22 loops=8 comp=1 central=R dead at the board                      8008s  37.9M/s ETA  63.2 min
  [20/28·20] SOFORTNEUSTADTINMARSCHSETZENX@20 edges=29 letters=22 loops=8 comp=1 central=R dead at the board                      8449s  37.8M/s ETA  56.3 min
  [21/28·21] SOFORTNEUSTADTINMARSCHSETZENX@21 edges=29 letters=22 loops=8 comp=1 central=R dead at the board                      8848s  37.9M/s ETA  49.2 min
  [22/28·22] SOFORTNEUSTADTINMARSCHSETZENX@25 edges=29 letters=23 loops=8 comp=2 central=R dead at the board                      9234s  38.0M/s ETA  42.0 min
  [23/28·23] SOFORTNEUSTADTINMARSCHSETZENX@27 edges=29 letters=23 loops=8 comp=2 central=R dead at the board                      9661s  38.0M/s ETA  35.0 min
  [24/28·24] SOFORTNEUSTADTINMARSCHSETZENX@32 edges=29 letters=24 loops=7 comp=2 central=R dead at the board                     10026s  38.2M/s ETA  27.9 min
  [25/28·25] SOFORTNEUSTADTINMARSCHSETZENX@37 edges=29 letters=24 loops=7 comp=2 central=T dead at the board                     10434s  38.3M/s ETA  20.9 min
  [26/28·26] SOFORTNEUSTADTINMARSCHSETZENX@44 edges=29 letters=24 loops=7 comp=2 central=S dead at the board                     10968s  37.9M/s ETA  14.1 min
  [27/28·27] SOFORTNEUSTADTINMARSCHSETZENX@45 edges=29 letters=23 loops=7 comp=1 central=S dead at the board                     11372s  37.9M/s ETA   7.0 min
  [28/28·28] SOFORTNEUSTADTINMARSCHSETZENX@43 edges=29 letters=25 loops=5 comp=1 central=S dead at the board                     11832s  37.8M/s ETA   0.0 min

total raw stops: 0 over 447119941632 settings (37.8M/s mean)
survived the 10-plug sieve: 0
no setting survived — every runnable menu contradicted everywhere it was tried
quarantine: 0 soft-band near-misses (solo pass complete)
