=== Welchman diagonal board — P1030680 ===
fixture: Fixtures/p1030680_uebung_menus.json (46 loop-ranked placements)
mode: loop-ranked (loops, edges); confirm≥1 independent
selected 46 of 46
min crib length: 16
running 46 menus, highest deduction power first:
  [1] UEBUNGSMELDUNGUEBUNGSMELDUNG@0 edges=28 letters=22 loops=7 central=U
  [2] UEBUNGSMELDUNGUEBUNGSMELDUNG@1 edges=28 letters=22 loops=7 central=U
  [3] XUEBUNGXUEBUNGXUEBUNG@0 edges=21 letters=16 loops=6 central=U
  [4] XUEBUNGXUEBUNGXUEBUNG@2 edges=21 letters=16 loops=6 central=U
  [5] XUEBUNGXUEBUNGUEBUNG@0 edges=20 letters=15 loops=6 central=U
  [6] UEBUNGSFUNKUEBUNGSFUNK@1 edges=22 letters=18 loops=5 central=U
  [7] FUNKUEBUNGXFUNKUEBUNG@0 edges=21 letters=17 loops=5 central=U
  [8] FUNKUEBUNGFUNKUEBUNG@0 edges=20 letters=16 loops=5 central=U
  [9] UEBUNGXUEBUNGXUEBUNG@1 edges=20 letters=16 loops=5 central=U
  [10] XUEBUNGXUEBUNGUEBUNG@2 edges=20 letters=16 loops=5 central=U
  [11] UEBUNGUEBUNGXUEBUNG@0 edges=19 letters=15 loops=5 central=U
  [12] UEBUNGXUEBUNGUEBUNG@0 edges=19 letters=15 loops=5 central=U
  … 34 more
shells/menu: 1344 (336 WO × 2 Greek × 2 UKW × 1 ring) → 6.14e+08 settings
GPU pipeline depth: 4 shells in flight
break threshold: -3.600  IC floor: 0.055  (German -2.847 / noise -5.382)
rings AAAA: exhaustive over turnover-free spans, which is 0/26 (0%) of keys at 28 letters. --bombe-ring-sweep covers the rest at 26x cost.
ETA floor (~50M/s): 9.4 min

  [1/46·1] UEBUNGSMELDUNGUEBUNGSMELDUNG@0 edges=28 letters=22 loops=7 central=U dead at the board                        14s  42.9M/s ETA  10.7 min
  [2/46·2] UEBUNGSMELDUNGUEBUNGSMELDUNG@1 edges=28 letters=22 loops=7 central=U dead at the board                        30s  41.4M/s ETA  10.9 min
  [3/46·3] XUEBUNGXUEBUNGXUEBUNG@0 edges=21 letters=16 loops=6 central=U dead at the board                        46s  40.4M/s ETA  10.9 min
  [4/46·4] XUEBUNGXUEBUNGXUEBUNG@2 edges=21 letters=16 loops=6 central=U dead at the board                        58s  42.3M/s ETA  10.2 min
  [5/46·5] XUEBUNGXUEBUNGUEBUNG@0 edges=20 letters=15 loops=6 central=U dead at the board                        70s  43.7M/s ETA   9.6 min
  [6/46·6] UEBUNGSFUNKUEBUNGSFUNK@1 edges=22 letters=18 loops=5 central=U dead at the board                        84s  44.1M/s ETA   9.3 min
  [7/46·7] FUNKUEBUNGXFUNKUEBUNG@0 edges=21 letters=17 loops=5 central=U dead at the board                        97s  44.5M/s ETA   9.0 min
  [8/46·8] FUNKUEBUNGFUNKUEBUNG@0 edges=20 letters=16 loops=5 central=U dead at the board                       109s  45.1M/s ETA   8.6 min
  [9/46·9] UEBUNGXUEBUNGXUEBUNG@1 edges=20 letters=16 loops=5 central=U dead at the board                       124s  44.5M/s ETA   8.5 min
  [10/46·10] XUEBUNGXUEBUNGUEBUNG@2 edges=20 letters=16 loops=5 central=U dead at the board                       136s  45.0M/s ETA   8.2 min
  [11/46·11] UEBUNGUEBUNGXUEBUNG@0 edges=19 letters=15 loops=5 central=U dead at the board                       147s  45.8M/s ETA   7.8 min
  [12/46·12] UEBUNGXUEBUNGUEBUNG@0 edges=19 letters=15 loops=5 central=U dead at the board                       156s  47.2M/s ETA   7.4 min
  [13/46·13] UEBUNGXUEBUNGUEBUNG@1 edges=19 letters=15 loops=5 central=U dead at the board                       168s  47.5M/s ETA   7.1 min
  [14/46·14] FUNKUEBUNGFUNKUEBUNG@1 edges=20 letters=17 loops=4 central=U dead at the board                       180s  47.7M/s ETA   6.9 min
  [15/46·15] FUNKXUEBUNGXUEBUNG@1 edges=18 letters=16 loops=4 central=U dead at the board                       197s  46.8M/s ETA   6.8 min
  [16/46·16] UEBUNGUEBUNGUEBUNG@0 edges=18 letters=15 loops=4 central=U dead at the board                       207s  47.5M/s ETA   6.5 min
  [17/46·17] UEBUNGUEBUNGUEBUNG@1 edges=18 letters=15 loops=4 central=U dead at the board                       219s  47.7M/s ETA   6.2 min
  [18/46·18] FUNKUEBUNGXUEBUNG@2 edges=17 letters=15 loops=4 central=U dead at the board                       231s  48.0M/s ETA   6.0 min
  [19/46·19] UEBUNGSMELDUNGXUEBUNG@0 edges=21 letters=19 loops=3 central=E dead at the board                       243s  47.9M/s ETA   5.8 min
  [20/46·20] XXXXXUEBUNGSMELDUNG@1 edges=19 letters=18 loops=3 central=X dead at the board                       257s  47.7M/s ETA   5.6 min
  [21/46·21] FUNKXUEBUNGXUEBUNG@0 edges=18 letters=16 loops=3 central=U dead at the board                       269s  47.9M/s ETA   5.3 min
  [22/46·22] UEBUNGSFUNKXUEBUNG@0 edges=18 letters=16 loops=3 central=U dead at the board                       281s  48.1M/s ETA   5.1 min
  [23/46·23] UEBUNGSFUNKXUEBUNG@1 edges=18 letters=16 loops=3 central=U dead at the board                       300s  47.1M/s ETA   5.0 min
  [24/46·24] UEBUNGXFUNKXUEBUNG@0 edges=18 letters=16 loops=3 central=U dead at the board                       311s  47.5M/s ETA   4.7 min
  [25/46·25] UEBUNGXFUNKXUEBUNG@1 edges=18 letters=16 loops=3 central=U dead at the board                       329s  46.6M/s ETA   4.6 min
  [26/46·26] XXXXUEBUNGSMELDUNG@2 edges=18 letters=17 loops=3 central=X dead at the board                       343s  46.6M/s ETA   4.4 min
  [27/46·27] FUNKUEBUNGXUEBUNG@1 edges=17 letters=16 loops=3 central=U dead at the board                       355s  46.7M/s ETA   4.2 min
  [28/46·28] UEBUNGXXXXXUEBUNG@1 edges=17 letters=15 loops=3 central=X dead at the board                       367s  46.9M/s ETA   3.9 min
  [29/46·29] UEBUNGXXXXUEBUNG@0 edges=16 letters=14 loops=3 central=X dead at the board                       380s  46.9M/s ETA   3.7 min
  [30/46·30] XXXUEBUNGXUEBUNG@0 edges=16 letters=14 loops=3 central=X dead at the board                       392s  47.0M/s ETA   3.5 min
  [31/46·31] XXXUEBUNGXUEBUNG@2 edges=16 letters=14 loops=3 central=X dead at the board                       403s  47.2M/s ETA   3.2 min
  [32/46·32] UEBUNGSMELDUNGXUEBUNG@1 edges=21 letters=20 loops=2 central=E dead at the board                       418s  47.1M/s ETA   3.0 min
  [33/46·33] XXXXXUEBUNGSMELDUNG@0 edges=19 letters=18 loops=2 central=X dead at the board                       430s  47.1M/s ETA   2.8 min
  [34/46·34] XXXXXUEBUNGSMELDUNG@2 edges=19 letters=18 loops=2 central=X dead at the board                       443s  47.1M/s ETA   2.6 min
  [35/46·35] UEBUNGSMELDUNGXXXX@0 edges=18 letters=18 loops=2 central=X dead at the board                       456s  47.1M/s ETA   2.4 min
  [36/46·36] UEBUNGSMELDUNGXXXX@1 edges=18 letters=18 loops=2 central=X       3 stops → 0 valid 10-plug completions     465s  47.5M/s ETA   2.2 min
  [37/46·37] UEBUNGSMELDUNGXXX@0 edges=17 letters=17 loops=2 central=E dead at the board                       484s  47.0M/s ETA   2.0 min
  [38/46·38] XXXXUEBUNGSMELDUNG@1 edges=18 letters=18 loops=1 central=X dead at the board                       497s  46.9M/s ETA   1.7 min
  [39/46·39] UEBUNGSMELDUNGXXX@1 edges=17 letters=18 loops=1 central=E     196 stops → 0 valid 10-plug completions     516s  46.4M/s ETA   1.5 min
  [40/46·40] XXXUEBUNGSMELDUNG@0 edges=17 letters=17 loops=1 central=E dead at the board                       533s  46.1M/s ETA   1.3 min
  [41/46·41] XXXUEBUNGSMELDUNG@2 edges=17 letters=17 loops=1 central=E dead at the board                       549s  45.8M/s ETA   1.1 min
  [42/46·42] UEBUNGSMELDUNGXX@0 edges=16 letters=17 loops=1 central=E       4 stops → 0 scorable completions     569s  45.4M/s ETA   0.9 min
  [43/46·43] UEBUNGSMELDUNGXX@1 edges=16 letters=17 loops=1 central=E    2706 stops → 0 scorable completions     586s  45.0M/s ETA   0.7 min
  [44/46·44] XUEBUNGSMELDUNGX@0 edges=16 letters=17 loops=1 central=E    2628 stops → 0 valid 10-plug completions     603s  44.8M/s ETA   0.5 min
  [45/46·45] XUEBUNGSMELDUNGX@2 edges=16 letters=17 loops=1 central=E      37 stops → 0 scorable completions     620s  44.6M/s ETA   0.2 min
  [46/46·46] XXUEBUNGSMELDUNG@1 edges=16 letters=17 loops=1 central=E      40 stops → 0 scorable completions     638s  44.3M/s ETA   0.0 min

total raw stops: 5614 over 28252084224 settings (44.3M/s mean)
survived the 10-plug sieve: 0
every stop was a ghost: no menu admits a physically buildable 10-plug board.
The cribs tried are not in this message at the offsets tried.
