=== Welchman diagonal board — P1030680 ===
fixture: Fixtures/p1030680_regenbogen_01_anchor_menus.json (19 loop-ranked placements)
mode: loop-ranked (loops, edges); confirm≥1 independent
selected 19 of 19
min crib length: 16
running 19 menus, highest deduction power first:
  [1] BEFEHLERHALTENREGENBOGEN@24 edges=24 letters=16 loops=9 central=E
  [2] BEFEHLERHALTENREGENBOGEN@22 edges=24 letters=17 loops=8 central=E
  [3] BEFEHLERHALTENREGENBOGEN@34 edges=24 letters=18 loops=8 central=E
  [4] BEFEHLERHALTENREGENBOGEN@38 edges=24 letters=17 loops=8 central=E
  [5] BEFEHLERHALTENREGENBOGEN@42 edges=24 letters=18 loops=8 central=E
  [6] BEFEHLERHALTENREGENBOGEN@45 edges=24 letters=19 loops=8 central=E
  [7] BEFEHLERHALTENREGENBOGEN@18 edges=24 letters=19 loops=7 central=E
  [8] BEFEHLERHALTENREGENBOGEN@29 edges=24 letters=18 loops=7 central=E
  [9] BEFEHLERHALTENREGENBOGEN@32 edges=24 letters=18 loops=7 central=E
  [10] BEFEHLERHALTENREGENBOGEN@33 edges=24 letters=18 loops=7 central=E
  [11] BEFEHLERHALTENREGENBOGEN@8 edges=24 letters=21 loops=6 central=E
  [12] BEFEHLERHALTENREGENBOGEN@10 edges=24 letters=20 loops=6 central=E
  … 7 more
shells/menu: 34944 (336 WO × 2 Greek × 2 UKW × 26 ring) → 1.6e+10 settings
GPU pipeline depth: 4 shells in flight
break threshold: -3.600  IC floor: 0.055  (German -2.847 / noise -5.382)
right ring swept: every right-wheel turnover phase covered
residual gap: middle ring pinned A, so keys whose middle wheel turns over inside a 24-letter span (~4% for 1 notch, ~8% for 2) are not covered
ETA floor (~50M/s): 101.1 min

quarantine: soft IC≥0.048 / tail>-4.300 (strict IC≥0.055 / tail>-3.600) → logs/quarantine_regenbogen.json
  [1/19·1] BEFEHLERHALTENREGENBOGEN@24 edges=24 letters=16 loops=9 central=E dead at the board                       287s  55.6M/s ETA  86.1 min
  [2/19·2] BEFEHLERHALTENREGENBOGEN@22 edges=24 letters=17 loops=8 central=E dead at the board                       666s  47.9M/s ETA  94.4 min
  [3/19·3] BEFEHLERHALTENREGENBOGEN@34 edges=24 letters=18 loops=8 central=E dead at the board                       980s  48.9M/s ETA  87.1 min
  [4/19·4] BEFEHLERHALTENREGENBOGEN@38 edges=24 letters=17 loops=8 central=E dead at the board                      1288s  49.6M/s ETA  80.5 min
  [5/19·5] BEFEHLERHALTENREGENBOGEN@42 edges=24 letters=18 loops=8 central=E dead at the board                      1627s  49.1M/s ETA  75.9 min
  [6/19·6] BEFEHLERHALTENREGENBOGEN@45 edges=24 letters=19 loops=8 central=E dead at the board                      1915s  50.0M/s ETA  69.1 min
  [7/19·7] BEFEHLERHALTENREGENBOGEN@18 edges=24 letters=19 loops=7 central=E dead at the board                      2283s  49.0M/s ETA  65.2 min
  [8/19·8] BEFEHLERHALTENREGENBOGEN@29 edges=24 letters=18 loops=7 central=E dead at the board                      2608s  49.0M/s ETA  59.8 min
  [9/19·9] BEFEHLERHALTENREGENBOGEN@32 edges=24 letters=18 loops=7 central=E dead at the board                      2872s  50.0M/s ETA  53.2 min
  [10/19·10] BEFEHLERHALTENREGENBOGEN@33 edges=24 letters=18 loops=7 central=E dead at the board                      3198s  49.9M/s ETA  48.0 min
  [11/19·11] BEFEHLERHALTENREGENBOGEN@8 edges=24 letters=21 loops=6 central=E dead at the board                      3470s  50.6M/s ETA  42.1 min
  [12/19·12] BEFEHLERHALTENREGENBOGEN@10 edges=24 letters=20 loops=6 central=E dead at the board                      3826s  50.1M/s ETA  37.2 min
  [13/19·13] BEFEHLERHALTENREGENBOGEN@13 edges=24 letters=20 loops=6 central=E dead at the board                      4196s  49.5M/s ETA  32.3 min
  [14/19·14] BEFEHLERHALTENREGENBOGEN@15 edges=24 letters=19 loops=6 central=E dead at the board                      4512s  49.6M/s ETA  26.9 min
  [15/19·15] BEFEHLERHALTENREGENBOGEN@17 edges=24 letters=19 loops=6 central=E dead at the board                      4896s  48.9M/s ETA  21.8 min
  [16/19·16] BEFEHLERHALTENREGENBOGEN@48 edges=24 letters=19 loops=6 central=E dead at the board                      5267s  48.5M/s ETA  16.5 min
  [17/19·17] BEFEHLERHALTENREGENBOGEN@1 edges=24 letters=20 loops=5 central=E dead at the board                      5560s  48.8M/s ETA  10.9 min
  [18/19·18] BEFEHLERHALTENREGENBOGEN@2 edges=24 letters=20 loops=5 central=E dead at the board                      5866s  49.0M/s ETA   5.4 min
  [19/19·19] BEFEHLERHALTENREGENBOGEN@5 edges=24 letters=20 loops=5 central=E dead at the board                      6225s  48.7M/s ETA   0.0 min

total raw stops: 0 over 303402817536 settings (48.7M/s mean)
survived the 10-plug sieve: 0
no setting survived — every runnable menu contradicted everywhere it was tried
quarantine: 0 soft-band near-misses (solo pass complete)
