=== Welchman diagonal board — P1030680 ===
fixture: Fixtures/p1030680_thetis_register_menus.json (73 loop-ranked placements)
mode: loop-ranked (loops, edges); confirm≥1 independent
selected 1 of 73
min menu constraints: 16
running 1 menus, highest deduction power first:
  [1] SCHULFUNKSPRUCHX@1 edges=16 letters=17 loops=1 comp=2 span=17 central=S
shells/menu: 908544 (336 WO × 2 Greek × 2 UKW × 26 mid-ring × 26 right-ring) → 4.15e+11 settings
kernel sieve: ≤10 plugs, middle-ring covered-lane skip
GPU pipeline depth: 4 shells in flight
break threshold: -3.600  IC floor: 0.055  (German -2.847 / noise -5.382)
right ring swept: every right-wheel turnover phase covered
middle ring swept: ring A in full, rings B–Z restricted to lanes whose middle wheel reaches a notch (the rest are exactly the ring-A lanes)
no residual ring gap for these menus — this is the arm the ledger has never run
ETA floor (~50M/s): 138.4 min

  [1/1·1] SCHULFUNKSPRUCHX@1 edges=16 letters=17 loops=1 comp=2 span=17 central=S     343 stops → 4 physical, best IC 0.049 tail -4.387    3252s 127.7M/s ETA   0.0 min
    shell C/beta/VI-I-II/AAAJ pos MWEW plugs 9  → logs/welchman-physical.jsonl

total raw stops: 343 over 415182802944 settings (127.7M/s mean)
survived the 10-plug sieve: 4

******************************************************************************
***  BREAK FOUND  ***
******************************************************************************
  menu        SCHULFUNKSPRUCHX@1 edges=16 letters=17 loops=1 comp=2 span=17 central=S
  UKW         C
  Greek       beta
  wheel order VI-I-II
  rings       AAAJ
  position    MWEW
  stecker     AP BG CO DK EU HJ IT MR VY (9 pairs)
  IC          0.049 (floor 0.055)
  tail        -4.387 vs German -2.847 / noise -5.382
  head        letters 0..32 — IC 0.058, tail -3.416. The decrypt is German to there and noise after.
  Likely a middle-wheel turnover past the crib, which the pinned middle
  ring cannot represent. Re-run this shell sweeping the middle ring to
  recover the remainder of the message.

  ESCHULFUNKSPRUCHXHEHQDASDIDESSJUQMTWMQHIBEMDEUOLFULRIPLCHHSIUZZSQAHPNZTE
******************************************************************************
