=== Welchman diagonal board — P1030680 ===
fixture: Fixtures/p1030680_maxupper_strongest_menus.json (24 loop-ranked placements)
mode: loop-ranked (loops, edges); confirm≥1 independent
selected 24 of 24
min menu constraints: 16
resuming from menu 2 of 24 (skipping 1 already done)
running 23 menus, highest deduction power first:
  [2] FUNFUUUFLOTTXNULEINSZWONULBEIROTNULSIBEN@22 edges=40 letters=21 loops=20 comp=1 span=62 central=U
  [3] NFUUUFLOTTXNULEINSZWONULBEIROTNULSIBENGE@21 edges=40 letters=21 loops=20 comp=1 span=61 central=T
  [4] NFUNFUUUFLOTTXNULEINSZWONULBEIROTNULSIBE@21 edges=40 letters=21 loops=20 comp=1 span=61 central=U
  [5] UNFUUUFLOTTXNULEINSZWONULBEIROTNULSIBENG@20 edges=40 letters=21 loops=20 comp=1 span=60 central=U
  [6] FUNFUUUFLOTTXNULEINSZWONULBEIROTNULSIBEN@19 edges=40 letters=21 loops=20 comp=1 span=59 central=U
  [7] NFUNFUUUFLOTTXNULEINSZWONULBEIROTNULSIBE@18 edges=40 letters=21 loops=20 comp=1 span=58 central=U
  [8] LAUKKANANFUNFUUUFLOTTXNULEINSZWONULBEIRO@17 edges=40 letters=22 loops=19 comp=1 span=57 central=U
  [9] AUKKANANFUNFUUUFLOTTXNULEINSZWONULBEIROT@11 edges=40 letters=22 loops=19 comp=1 span=51 central=U
  [10] LAUKKANANFUNFUUUFLOTTXNULEINSZWONULBEIRO@10 edges=40 letters=22 loops=19 comp=1 span=50 central=U
  [11] UUUFUNFDREIVIERKKNOLLAUKK@25 edges=25 letters=19 loops=8 comp=2 span=50 central=R
  [12] UUUFUNFDREIVIERKKNOLLAUKK@27 edges=25 letters=20 loops=8 comp=3 span=52 central=R
  [13] DMXUUUBOOTEYFXDXUUUAUSB@31 edges=23 letters=19 loops=7 comp=3 span=54 central=U
  … 11 more
shells/menu: 908544 (336 WO × 2 Greek × 2 UKW × 26 mid-ring × 26 right-ring) → 4.15e+11 settings
kernel sieve: ≤10 plugs, middle-ring covered-lane skip
GPU pipeline depth: 4 shells in flight
break threshold: -3.600  IC floor: 0.055  (German -2.847 / noise -5.382)
right ring swept: every right-wheel turnover phase covered
middle ring swept: ring A in full, rings B–Z restricted to lanes whose middle wheel reaches a notch (the rest are exactly the ring-A lanes)
no residual ring gap for these menus — this is the arm the ledger has never run
ETA floor (~50M/s): 3183.1 min

quarantine: soft IC≥0.048 / tail>-4.000 (strict IC≥0.055 / tail>-3.600) → logs/quarantine_middlering.json
