=== Welchman diagonal board — P1030680 ===
fixture: Fixtures/p1030680_uebung_nearmiss_menus.json (7 loop-ranked placements)
mode: loop-ranked (loops, edges); confirm≥1 independent
selected 7 of 7
min crib length: 6
running 7 menus, highest deduction power first:
  [1] UEBUNGXUEBUNG@0 edges=13 letters=13 loops=3 central=E
  [2] XUEBUNGXUEBUNG@0 edges=14 letters=13 loops=2 central=E
  [3] UEBUNGXUEBUNG@1 edges=13 letters=13 loops=2 central=E
  [4] UEBUNGUEBUNG@0 edges=12 letters=12 loops=1 central=U
  [5] UEBUNGUEBUNG@1 edges=12 letters=12 loops=1 central=E
  [6] UEBUNGSMELDUNG@0 edges=14 letters=16 loops=0 central=E
  [7] UEBUNGSMELDUNG@1 edges=14 letters=16 loops=0 central=E
shells/menu: 1344 (336 WO × 2 Greek × 2 UKW × 1 ring) → 6.14e+08 settings
GPU pipeline depth: 4 shells in flight
break threshold: -3.600  IC floor: 0.055  (German -2.847 / noise -5.382)
rings AAAA: exhaustive over turnover-free spans, which is 12/26 (46%) of keys at 14 letters. --bombe-ring-sweep covers the rest at 26x cost.
ETA floor (~50M/s): 1.4 min

quarantine: soft IC≥0.048 / tail>-4.300 (strict IC≥0.055 / tail>-3.600) → logs/quarantine_candidates.json
  [1/7·1] UEBUNGXUEBUNG@0 edges=13 letters=13 loops=3 central=E    3220 stops → 667 physical, best IC 0.049 tail -4.270      15s  42.1M/s ETA   1.5 min
  [2/7·2] XUEBUNGXUEBUNG@0 edges=14 letters=13 loops=2 central=E      90 stops → 42 physical, best IC 0.047 tail -4.329      31s  39.9M/s ETA   1.3 min
  [3/7·3] UEBUNGXUEBUNG@1 edges=13 letters=13 loops=2 central=E  105271 stops → 962 physical, best IC 0.041 tail -4.312      47s  39.6M/s ETA   1.0 min
  [4/7·4] UEBUNGUEBUNG@0 edges=12 letters=12 loops=1 central=U   21038 stops → 2599 physical, best IC 0.053 tail -4.995      58s  42.6M/s ETA   0.7 min
  [5/7·5] UEBUNGUEBUNG@1 edges=12 letters=12 loops=1 central=E   21328 stops → 2463 physical, best IC 0.046 tail -4.483      73s  42.0M/s ETA   0.5 min
  [6/7·6] UEBUNGSMELDUNG@0 edges=14 letters=16 loops=0 central=E     931 stops → 131 physical, best IC 0.040 tail -4.886      93s  39.6M/s ETA   0.3 min
  [7/7·7] UEBUNGSMELDUNG@1 edges=14 letters=16 loops=0 central=E  695556 stops → 123 physical, best IC 0.046 tail -5.074     112s  38.5M/s ETA   0.0 min

total raw stops: 847434 over 4299230208 settings (38.5M/s mean)
survived the 10-plug sieve: 6987
best physical candidate: IC 0.049 tail -4.270 (IC floor 0.055 / threshold -3.600) — below the bar, so no break claimed
  UEBUNGXUEBUNG@0 edges=13 letters=13 loops=3 central=E
  UKW B Greek gamma WO I-IV-VI pos HZBR
  UEBUNGXUEBUNGLTDEBTAXFOFSWURZUKZUSEIPDRQCSGPKRSYEVSGSKEEIEPQDPXYDSEFTFCB
quarantine: wrote 55 near-miss(es) → logs/quarantine_candidates.json (solo pass complete)
  escalate: --hybrid --hybrid-stochastic --hybrid-quarantine logs/quarantine_candidates.json
