=== Welchman diagonal board — P1030680 ===
fixture: Fixtures/p1030680_maxupper_strongest_menus.json (24 loop-ranked placements)
mode: loop-ranked (loops, edges); confirm≥1 independent
selected 24 of 24
min crib length: 16
running 24 menus, highest deduction power first:
  [1] NFUNFUUUFLOTTXNULEINSZWONULBEIROTNULSIBE@18 edges=40 letters=21 loops=20 central=U
  [2] NFUNFUUUFLOTTXNULEINSZWONULBEIROTNULSIBE@21 edges=40 letters=21 loops=20 central=U
  [3] FUNFUUUFLOTTXNULEINSZWONULBEIROTNULSIBEN@19 edges=40 letters=21 loops=20 central=U
  [4] FUNFUUUFLOTTXNULEINSZWONULBEIROTNULSIBEN@22 edges=40 letters=21 loops=20 central=U
  [5] UNFUUUFLOTTXNULEINSZWONULBEIROTNULSIBENG@20 edges=40 letters=21 loops=20 central=U
  [6] UNFUUUFLOTTXNULEINSZWONULBEIROTNULSIBENG@23 edges=40 letters=21 loops=20 central=T
  [7] NFUUUFLOTTXNULEINSZWONULBEIROTNULSIBENGE@21 edges=40 letters=21 loops=20 central=T
  [8] LAUKKANANFUNFUUUFLOTTXNULEINSZWONULBEIRO@10 edges=40 letters=22 loops=19 central=U
  [9] LAUKKANANFUNFUUUFLOTTXNULEINSZWONULBEIRO@17 edges=40 letters=22 loops=19 central=U
  [10] AUKKANANFUNFUUUFLOTTXNULEINSZWONULBEIROT@11 edges=40 letters=22 loops=19 central=U
  [11] UUUFUNFDREIVIERKKNOLLAUKK@25 edges=25 letters=19 loops=8 central=R
  [12] UUUFUNFDREIVIERKKNOLLAUKK@27 edges=25 letters=20 loops=8 central=R
  … 12 more
shells/menu: 34944 (336 WO × 2 Greek × 2 UKW × 1 mid-ring × 26 right-ring) → 1.6e+10 settings
garble tolerance: 1 menu edges may be dropped (Mulein board — widens survivors; inflation is placement dependent)
kernel sieve: ≤10 plugs
GPU pipeline depth: 4 shells in flight
break threshold: -3.600  IC floor: 0.055  (German -2.847 / noise -5.382)
right ring swept: every right-wheel turnover phase covered
residual gap: middle ring pinned A, so keys whose middle wheel turns over inside a 40-letter span (~8% for 1 notch, ~15% for 2) are not covered — --bombe-middle-ring closes it
ETA floor (~50M/s): 127.7 min

quarantine: soft IC≥0.048 / tail>-4.000 (strict IC≥0.055 / tail>-3.600) → logs/quarantine_tolerance1.json
  [1/24·1] NFUNFUUUFLOTTXNULEINSZWONULBEIROTNULSIBE@18 edges=40 letters=21 loops=20 central=U dead at the board                      6675s   2.4M/s ETA 2558.6 min
  [2/24·2] NFUNFUUUFLOTTXNULEINSZWONULBEIROTNULSIBE@21 edges=40 letters=21 loops=20 central=U dead at the board                     11568s   2.8M/s ETA 2120.8 min
  [3/24·3] FUNFUUUFLOTTXNULEINSZWONULBEIROTNULSIBEN@19 edges=40 letters=21 loops=20 central=U dead at the board                     17106s   2.8M/s ETA 1995.6 min

=== SUSPENDED 2026-08-17 after placement 3/24 (all dead at the board, tolerance 1, right rings).
=== Resume: --bombe-ring-sweep --bombe-garble-tolerance 1 --bombe-from 4
=== Paused to run the indel post-gap arm first: exact board, no inflation, ~23h,
=== and it tests the error Girard documented rather than one we inferred.
