=== Welchman diagonal board — P1030680 ===
fixture: Fixtures/p1030680_thetis_register_menus.json (73 loop-ranked placements)
mode: loop-ranked (loops, edges); confirm≥1 independent
selected 73 of 73
min crib length: 16
running 73 menus, highest deduction power first:
  [1] THETISXTHETISXTHETIS@2 edges=20 letters=14 loops=7 central=T
  [2] THETISXTHETISXTHETIS@4 edges=20 letters=15 loops=6 central=T
  [3] ACHACHACHACHACHACH@2 edges=18 letters=13 loops=6 central=A
  [4] VERFAHRENKENNGRUPPE@1 edges=19 letters=18 loops=5 central=E
  [5] ACHACHACHACHACHACH@5 edges=18 letters=14 loops=5 central=H
  [6] SEDMSSEDMSSEDMSSE@0 edges=17 letters=13 loops=5 central=S
  [7] SEDMSSEDMSSEDMSSE@2 edges=17 letters=13 loops=5 central=S
  [8] ACHACHACHACHACHA@3 edges=16 letters=12 loops=5 central=A
  [9] ACHACHACHACHACHA@5 edges=16 letters=12 loops=5 central=A
  [10] ANALLEXXANALLEXX@3 edges=16 letters=12 loops=5 central=A
  [11] THETISXTHETISXTH@4 edges=16 letters=12 loops=5 central=T
  [12] XXXSEDMXXXSEDMXX@3 edges=16 letters=12 loops=5 central=X
  … 61 more
shells/menu: 1344 (336 WO × 2 Greek × 2 UKW × 1 ring) → 6.14e+08 settings
GPU pipeline depth: 4 shells in flight
break threshold: -3.600  IC floor: 0.055  (German -2.847 / noise -5.382)
rings AAAA: exhaustive over turnover-free spans, which is 5/26 (19%) of keys at 21 letters. --bombe-ring-sweep covers the rest at 26x cost.
ETA floor (~50M/s): 14.9 min

  [1/73·1] THETISXTHETISXTHETIS@2 edges=20 letters=14 loops=7 central=T dead at the board                        10s  60.5M/s ETA  12.2 min
  [2/73·2] THETISXTHETISXTHETIS@4 edges=20 letters=15 loops=6 central=T dead at the board                        19s  64.4M/s ETA  11.3 min
  [3/73·3] ACHACHACHACHACHACH@2 edges=18 letters=13 loops=6 central=A dead at the board                        30s  60.9M/s ETA  11.8 min
  [4/73·4] VERFAHRENKENNGRUPPE@1 edges=19 letters=18 loops=5 central=E dead at the board                        41s  60.6M/s ETA  11.6 min
  [5/73·5] ACHACHACHACHACHACH@5 edges=18 letters=14 loops=5 central=H dead at the board                        52s  58.6M/s ETA  11.9 min
  [6/73·6] SEDMSSEDMSSEDMSSE@0 edges=17 letters=13 loops=5 central=S dead at the board                        61s  60.9M/s ETA  11.3 min
  [7/73·7] SEDMSSEDMSSEDMSSE@2 edges=17 letters=13 loops=5 central=S dead at the board                        70s  61.6M/s ETA  11.0 min
  [8/73·8] ACHACHACHACHACHA@3 edges=16 letters=12 loops=5 central=A dead at the board                        79s  62.1M/s ETA  10.7 min
  [9/73·9] ACHACHACHACHACHA@5 edges=16 letters=12 loops=5 central=A dead at the board                        88s  62.6M/s ETA  10.5 min
  [10/73·10] ANALLEXXANALLEXX@3 edges=16 letters=12 loops=5 central=A dead at the board                        97s  63.2M/s ETA  10.2 min
  [11/73·11] THETISXTHETISXTH@4 edges=16 letters=12 loops=5 central=T dead at the board                       106s  63.5M/s ETA  10.0 min
  [12/73·12] XXXSEDMXXXSEDMXX@3 edges=16 letters=12 loops=5 central=X dead at the board                       116s  63.7M/s ETA   9.8 min
  [13/73·13] XXXXACHXXXXACHXX@1 edges=16 letters=12 loops=5 central=X dead at the board                       124s  64.5M/s ETA   9.5 min
  [14/73·14] ANALLEFUNKSTELLEN@3 edges=17 letters=14 loops=4 central=E dead at the board                       133s  64.5M/s ETA   9.4 min
  [15/73·15] ACHACHACHACHACHA@2 edges=16 letters=13 loops=4 central=A dead at the board                       144s  64.2M/s ETA   9.3 min
  [16/73·16] ANALLEXXANALLEXX@0 edges=16 letters=13 loops=4 central=A dead at the board                       153s  64.3M/s ETA   9.1 min
  [17/73·17] ANALLEXXANALLEXX@1 edges=16 letters=13 loops=4 central=A dead at the board                       162s  64.4M/s ETA   8.9 min
  [18/73·18] EACHSEDMEACHSEDM@0 edges=16 letters=14 loops=4 central=E       3 stops → 0 valid 10-plug completions     171s  64.7M/s ETA   8.7 min
  [19/73·19] OEDMOEDMOEDMOEDM@2 edges=16 letters=14 loops=4 central=E      74 stops → 0 valid 10-plug completions     180s  64.8M/s ETA   8.5 min
  [20/73·20] OEDMOEDMOEDMOEDM@4 edges=16 letters=13 loops=4 central=E dead at the board                       190s  64.7M/s ETA   8.4 min
  [21/73·21] THETISXTHETISXTH@2 edges=16 letters=13 loops=4 central=T       1 stops → 0 scorable completions     199s  64.9M/s ETA   8.2 min
  [22/73·22] XXXSEDMXXXSEDMXX@2 edges=16 letters=13 loops=4 central=X dead at the board                       207s  65.4M/s ETA   8.0 min
  [23/73·23] XXXXACHXXXXACHXX@2 edges=16 letters=13 loops=4 central=X       1 stops → 1 physical, best IC 0.049 tail -5.804     215s  65.7M/s ETA   7.8 min
  [24/73·24] VERFAHRENKENNGRUPPE@4 edges=19 letters=17 loops=3 central=E dead at the board                       224s  65.8M/s ETA   7.6 min
  [25/73·25] ANALLEFUNKSTELLEN@1 edges=17 letters=16 loops=3 central=E dead at the board                       233s  65.9M/s ETA   7.5 min
  [26/73·26] GRUPPENZAHLXXXXXX@3 edges=17 letters=16 loops=3 central=X dead at the board                       243s  65.8M/s ETA   7.3 min
  [27/73·27] GRUPPENZAHLXXXXXX@4 edges=17 letters=16 loops=3 central=X dead at the board                       251s  66.0M/s ETA   7.1 min
  [28/73·28] ANFUNKLEHRGANGXX@0 edges=16 letters=16 loops=3 central=A       8 stops → 0 scorable completions     262s  65.6M/s ETA   7.0 min
  [29/73·29] EACHSEDMEACHSEDM@1 edges=16 letters=14 loops=3 central=E dead at the board                       272s  65.4M/s ETA   6.9 min
  [30/73·30] FUNKLEHRGANGXXXX@2 edges=16 letters=16 loops=3 central=X       4 stops → 0 scorable completions     285s  64.6M/s ETA   6.8 min
  [31/73·31] FUNKLEHRGANGXXXX@3 edges=16 letters=16 loops=3 central=X   17630 stops → 0 valid 10-plug completions     295s  64.6M/s ETA   6.7 min
  [32/73·32] LEHRSPRUCHXXXXXX@5 edges=16 letters=15 loops=3 central=X       6 stops → 0 valid 10-plug completions     304s  64.6M/s ETA   6.5 min
  [33/73·33] OEDMOEDMOEDMOEDM@0 edges=16 letters=14 loops=3 central=E dead at the board                       315s  64.2M/s ETA   6.4 min
  [34/73·34] SEDMOEDMACHSEDMO@4 edges=16 letters=15 loops=3 central=E       1 stops → 0 scorable completions     327s  63.9M/s ETA   6.2 min
  [35/73·35] ZEITGRUPPEXXXXXX@4 edges=16 letters=14 loops=3 central=X dead at the board                       336s  63.9M/s ETA   6.1 min
  [36/73·36] ZEITGRUPPEXXXXXX@5 edges=16 letters=14 loops=3 central=X       1 stops → 1 physical, best IC 0.050 tail -5.413     345s  64.1M/s ETA   5.9 min
  [37/73·37] LEHRGANGFUNKSPRUCH@1 edges=18 letters=18 loops=2 central=E   14647 stops → 0 valid 10-plug completions     355s  64.1M/s ETA   5.8 min
  [38/73·38] THETISFUNKSPRUCHX@0 edges=17 letters=17 loops=2 central=S dead at the board                       367s  63.5M/s ETA   5.6 min
  [39/73·39] THETISFUNKSPRUCHX@1 edges=17 letters=18 loops=2 central=S       2 stops → 0 valid 10-plug completions     379s  63.3M/s ETA   5.5 min
  [40/73·40] UEBUNGSSPRUCHXXXX@3 edges=17 letters=17 loops=2 central=S dead at the board                       390s  63.0M/s ETA   5.4 min
  [41/73·41] UEBUNGSSPRUCHXXXX@4 edges=17 letters=17 loops=2 central=X dead at the board                       402s  62.6M/s ETA   5.2 min
  [42/73·42] ACHSEDMOEDMACHSE@1 edges=16 letters=15 loops=2 central=E       1 stops → 0 scorable completions     414s  62.3M/s ETA   5.1 min
  [43/73·43] ACHSEDMOEDMACHSE@3 edges=16 letters=15 loops=2 central=E dead at the board                       429s  61.6M/s ETA   5.0 min
  [44/73·44] ANFUNKLEHRGANGXX@1 edges=16 letters=16 loops=2 central=A     114 stops → 0 valid 10-plug completions     451s  60.0M/s ETA   5.0 min
  [45/73·45] AUSBILDUNGXXXXXX@5 edges=16 letters=17 loops=2 central=X     148 stops → 1 physical, best IC 0.041 tail -4.903     460s  60.1M/s ETA   4.8 min
  [46/73·46] FUNKLEHRGANGXXXX@4 edges=16 letters=16 loops=2 central=X      21 stops → 0 scorable completions     471s  59.9M/s ETA   4.6 min
  [47/73·47] KACHOEDMKACHOEDM@0 edges=16 letters=15 loops=2 central=E       1 stops → 0 scorable completions     486s  59.5M/s ETA   4.5 min
  [48/73·48] KACHOEDMKACHOEDM@1 edges=16 letters=15 loops=2 central=E dead at the board                       501s  58.8M/s ETA   4.4 min
  [49/73·49] KACHOEDMKACHOEDM@2 edges=16 letters=16 loops=2 central=E      80 stops → 0 scorable completions     513s  58.6M/s ETA   4.2 min
  [50/73·50] KACHOEDMKACHOEDM@4 edges=16 letters=15 loops=2 central=E dead at the board                       524s  58.6M/s ETA   4.0 min
  [51/73·51] SCHULFUNKSPRUCHX@4 edges=16 letters=18 loops=2 central=S 6712704 stops → 0 scorable completions     641s  48.9M/s ETA   4.6 min
  [52/73·52] SEDMOEDMACHSEDMO@1 edges=16 letters=15 loops=2 central=E dead at the board                       655s  48.8M/s ETA   4.4 min
  [53/73·53] SEDMOEDMACHSEDMO@2 edges=16 letters=16 loops=2 central=E       2 stops → 0 scorable completions     667s  48.8M/s ETA   4.2 min
  [54/73·54] AUSBILDUNGSFUNKSPRUCH@3 edges=21 letters=23 loops=1 central=S dead at the board                       681s  48.7M/s ETA   4.0 min
  [55/73·55] LEHRGANGFUNKSPRUCH@2 edges=18 letters=18 loops=1 central=S dead at the board                       693s  48.8M/s ETA   3.8 min
  [56/73·56] THETISFUNKSPRUCHX@2 edges=17 letters=18 loops=1 central=S   23477 stops → 0 valid 10-plug completions     709s  48.5M/s ETA   3.6 min
  [57/73·57] THETISFUNKSPRUCHX@4 edges=17 letters=18 loops=1 central=S      55 stops → 0 valid 10-plug completions     723s  48.4M/s ETA   3.4 min
  [58/73·58] UEBUNGSSPRUCHXXXX@5 edges=17 letters=17 loops=1 central=X dead at the board                       740s  48.2M/s ETA   3.2 min
  [59/73·59] ANFUNKLEHRGANGXX@2 edges=16 letters=16 loops=1 central=A dead at the board                       754s  48.1M/s ETA   3.0 min
  [60/73·60] FUNKSPRUCHUEBUNG@0 edges=16 letters=17 loops=1 central=U      31 stops → 0 scorable completions     767s  48.0M/s ETA   2.8 min
  [61/73·61] FUNKSPRUCHUEBUNG@2 edges=16 letters=18 loops=1 central=U      78 stops → 0 scorable completions     781s  48.0M/s ETA   2.6 min
  [62/73·62] FUNKSPRUCHUEBUNG@5 edges=16 letters=17 loops=1 central=U       3 stops → 0 valid 10-plug completions     794s  48.0M/s ETA   2.3 min
  [63/73·63] PRAKTIKUMFUNKXXX@5 edges=16 letters=18 loops=1 central=K      77 stops → 0 valid 10-plug completions     805s  48.0M/s ETA   2.1 min
  [64/73·64] SCHULFUNKSPRUCHX@1 edges=16 letters=17 loops=1 central=S       3 stops → 0 scorable completions     817s  48.1M/s ETA   1.9 min
  [65/73·65] SCHULFUNKSPRUCHX@2 edges=16 letters=18 loops=1 central=S       3 stops → 0 valid 10-plug completions     828s  48.2M/s ETA   1.7 min
  [66/73·66] SCHULFUNKSPRUCHX@5 edges=16 letters=17 loops=1 central=S       6 stops → 0 scorable completions     839s  48.3M/s ETA   1.5 min
  [67/73·67] VONFUNKLEHRGANGX@0 edges=16 letters=18 loops=1 central=E     444 stops → 0 scorable completions     858s  48.0M/s ETA   1.3 min
  [68/73·68] VONFUNKLEHRGANGX@1 edges=16 letters=18 loops=1 central=E    6934 stops → 0 scorable completions     874s  47.8M/s ETA   1.1 min
  [69/73·69] VONFUNKLEHRGANGX@3 edges=16 letters=18 loops=1 central=E  171714 stops → 0 scorable completions     890s  47.6M/s ETA   0.9 min
  [70/73·70] VONFUNKLEHRGANGX@5 edges=16 letters=18 loops=1 central=E      30 stops → 0 scorable completions     907s  47.4M/s ETA   0.6 min
  [71/73·71] AUSBILDUNGXFUNKX@0 edges=16 letters=18 loops=0 central=J       3 stops → 0 scorable completions     927s  47.0M/s ETA   0.4 min
  [72/73·72] AUSBILDUNGXFUNKX@5 edges=16 letters=18 loops=0 central=K       9 stops → 0 scorable completions     946s  46.7M/s ETA   0.2 min
  [73/73·73] FUNKSPRUCHUEBUNG@3 edges=16 letters=18 loops=0 central=U   23519 stops → 0 scorable completions     963s  46.6M/s ETA   0.0 min

total raw stops: 6971835 over 44834829312 settings (46.6M/s mean)
survived the 10-plug sieve: 3
best physical candidate: IC 0.041 tail -4.903 (IC floor 0.055 / threshold -3.600) — below the bar, so no break claimed
  AUSBILDUNGXXXXXX@5 edges=16 letters=17 loops=2 central=X
  UKW C Greek beta WO II-VI-VII pos BPTW
  ZUZPIAUSBILDUNGXXXXXXXXEQWQSXYLADCREQSSKDCELOJMNSEPMPJJYEREVFHDTUWVFPIAR
