=== Welchman diagonal board — P1030680 ===
fixture: Fixtures/p1030680_uebung_pair_menus.json (73 loop-ranked placements)
mode: loop-ranked (loops, edges); confirm≥2 independent
selected 73 of 73
min crib length: 6
running 73 menus, highest deduction power first:
  [1] FUNFUUUFLOTTXNULEINSZWONULBEIROTNULSIBEN@19 edges=40 letters=21 loops=20 central=U
  [2] NFUNFUUUFLOTTXNULEINSZWONULBEIROTNULSIBE@18 edges=40 letters=21 loops=20 central=U
  [3] UNFUUUFLOTTXNULEINSZWONULBEIROTNULSIBENG@20 edges=40 letters=21 loops=20 central=U
  [4] ANANFUNFUUUFLOTTXNULEINSZWONULBEIROTNULS@15 edges=40 letters=22 loops=19 central=U
  [5] ANANFUNFUUUFLOTTXNULEINSZWONULBEIROTNULS@18 edges=40 letters=22 loops=19 central=U
  [6] ANFUNFUUUFLOTTXNULEINSZWONULBEIROTNULSIB@17 edges=40 letters=22 loops=19 central=U
  [7] ANFUNFUUUFLOTTXNULEINSZWONULBEIROTNULSIB@20 edges=40 letters=22 loops=19 central=U
  [8] AUKKANANFUNFUUUFLOTTXNULEINSZWONULBEIROT@11 edges=40 letters=22 loops=19 central=U
  [9] AUKKANANFUNFUUUFLOTTXNULEINSZWONULBEIROT@18 edges=40 letters=22 loops=19 central=U
  [10] FLOTTXNULEINSZWONULBEIROTNULSIBENGEANKER@10 edges=40 letters=22 loops=19 central=E
  [11] FLOTTXNULEINSZWONULBEIROTNULSIBENGEANKER@12 edges=40 letters=22 loops=19 central=R
  [12] FLOTTXNULEINSZWONULBEIROTNULSIBENGEANKER@14 edges=40 letters=22 loops=19 central=R
  … 61 more
shells/menu: 1344 (336 WO × 2 Greek × 2 UKW × 1 ring) → 6.14e+08 settings
GPU pipeline depth: 4 shells in flight
break threshold: -3.600  IC floor: 0.055  (German -2.847 / noise -5.382)
rings AAAA: exhaustive over turnover-free spans, which is 0/26 (0%) of keys at 40 letters. --bombe-ring-sweep covers the rest at 26x cost.
ETA floor (~50M/s): 14.9 min

  [1/73·1] FUNFUUUFLOTTXNULEINSZWONULBEIROTNULSIBEN@19 edges=40 letters=21 loops=20 central=U dead at the board                        15s  40.3M/s ETA  18.3 min
  [2/73·2] NFUNFUUUFLOTTXNULEINSZWONULBEIROTNULSIBE@18 edges=40 letters=21 loops=20 central=U dead at the board                        28s  43.2M/s ETA  16.8 min
  [3/73·3] UNFUUUFLOTTXNULEINSZWONULBEIROTNULSIBENG@20 edges=40 letters=21 loops=20 central=U dead at the board                        42s  44.3M/s ETA  16.2 min
  [4/73·4] ANANFUNFUUUFLOTTXNULEINSZWONULBEIROTNULS@15 edges=40 letters=22 loops=19 central=U dead at the board                        55s  44.5M/s ETA  15.9 min
  [5/73·5] ANANFUNFUUUFLOTTXNULEINSZWONULBEIROTNULS@18 edges=40 letters=22 loops=19 central=U dead at the board                        68s  45.4M/s ETA  15.3 min
  [6/73·6] ANFUNFUUUFLOTTXNULEINSZWONULBEIROTNULSIB@17 edges=40 letters=22 loops=19 central=U dead at the board                        81s  45.4M/s ETA  15.1 min
  [7/73·7] ANFUNFUUUFLOTTXNULEINSZWONULBEIROTNULSIB@20 edges=40 letters=22 loops=19 central=U dead at the board                        93s  46.0M/s ETA  14.7 min
  [8/73·8] AUKKANANFUNFUUUFLOTTXNULEINSZWONULBEIROT@11 edges=40 letters=22 loops=19 central=U dead at the board                       109s  45.2M/s ETA  14.7 min
  [9/73·9] AUKKANANFUNFUUUFLOTTXNULEINSZWONULBEIROT@18 edges=40 letters=22 loops=19 central=U dead at the board                       123s  45.1M/s ETA  14.5 min
  [10/73·10] FLOTTXNULEINSZWONULBEIROTNULSIBENGEANKER@10 edges=40 letters=22 loops=19 central=E dead at the board                       138s  44.5M/s ETA  14.5 min
  [11/73·11] FLOTTXNULEINSZWONULBEIROTNULSIBENGEANKER@12 edges=40 letters=22 loops=19 central=R dead at the board                       159s  42.6M/s ETA  14.9 min
  [12/73·12] FLOTTXNULEINSZWONULBEIROTNULSIBENGEANKER@14 edges=40 letters=22 loops=19 central=R dead at the board                       177s  41.7M/s ETA  15.0 min
  [13/73·13] FUUUFLOTTXNULEINSZWONULBEIROTNULSIBENGEA@10 edges=40 letters=22 loops=19 central=U dead at the board                       196s  40.7M/s ETA  15.1 min
  [14/73·14] KANANFUNFUUUFLOTTXNULEINSZWONULBEIROTNUL@14 edges=40 letters=22 loops=19 central=U dead at the board                       211s  40.8M/s ETA  14.8 min
  [15/73·15] KANANFUNFUUUFLOTTXNULEINSZWONULBEIROTNUL@17 edges=40 letters=22 loops=19 central=U dead at the board                       223s  41.2M/s ETA  14.4 min
  [16/73·16] KKANANFUNFUUUFLOTTXNULEINSZWONULBEIROTNU@13 edges=40 letters=22 loops=19 central=U dead at the board                       237s  41.4M/s ETA  14.1 min
  [17/73·17] KKANANFUNFUUUFLOTTXNULEINSZWONULBEIROTNU@20 edges=40 letters=22 loops=19 central=U dead at the board                       251s  41.6M/s ETA  13.8 min
  [18/73·18] LAUKKANANFUNFUUUFLOTTXNULEINSZWONULBEIRO@10 edges=40 letters=22 loops=19 central=U dead at the board                       267s  41.4M/s ETA  13.6 min
  [19/73·19] LAUKKANANFUNFUUUFLOTTXNULEINSZWONULBEIRO@17 edges=40 letters=22 loops=19 central=U dead at the board                       282s  41.4M/s ETA  13.4 min
  [20/73·20] LOTTXNULEINSZWONULBEIROTNULSIBENGEANKERT@11 edges=40 letters=22 loops=19 central=R dead at the board                       303s  40.6M/s ETA  13.4 min
  [21/73·21] LOTTXNULEINSZWONULBEIROTNULSIBENGEANKERT@13 edges=40 letters=22 loops=19 central=R dead at the board                       323s  40.0M/s ETA  13.3 min
  [22/73·22] LOTTXNULEINSZWONULBEIROTNULSIBENGEANKERT@15 edges=40 letters=22 loops=19 central=R dead at the board                       340s  39.7M/s ETA  13.2 min
  [23/73·23] NANFUNFUUUFLOTTXNULEINSZWONULBEIROTNULSI@16 edges=40 letters=22 loops=19 central=U dead at the board                       355s  39.8M/s ETA  12.8 min
  [24/73·24] NANFUNFUUUFLOTTXNULEINSZWONULBEIROTNULSI@19 edges=40 letters=22 loops=19 central=U dead at the board                       367s  40.1M/s ETA  12.5 min
  [25/73·25] OTTXNULEINSZWONULBEIROTNULSIBENGEANKERTX@12 edges=40 letters=22 loops=19 central=R dead at the board                       388s  39.6M/s ETA  12.4 min
  [26/73·26] OTTXNULEINSZWONULBEIROTNULSIBENGEANKERTX@14 edges=40 letters=22 loops=19 central=R dead at the board                       408s  39.1M/s ETA  12.3 min
  [27/73·27] TTXNULEINSZWONULBEIROTNULSIBENGEANKERTXZ@13 edges=40 letters=22 loops=19 central=R dead at the board                       429s  38.7M/s ETA  12.2 min
  [28/73·28] TTXNULEINSZWONULBEIROTNULSIBENGEANKERTXZ@15 edges=40 letters=22 loops=19 central=R dead at the board                       449s  38.3M/s ETA  12.0 min
  [29/73·29] TXNULEINSZWONULBEIROTNULSIBENGEANKERTXZU@14 edges=40 letters=22 loops=19 central=R dead at the board                       469s  37.9M/s ETA  11.9 min
  [30/73·30] TXNULEINSZWONULBEIROTNULSIBENGEANKERTXZU@16 edges=40 letters=22 loops=19 central=R dead at the board                       490s  37.6M/s ETA  11.7 min
  [31/73·31] UFLOTTXNULEINSZWONULBEIROTNULSIBENGEANKE@10 edges=40 letters=22 loops=19 central=E dead at the board                       507s  37.6M/s ETA  11.4 min
  [32/73·32] UFLOTTXNULEINSZWONULBEIROTNULSIBENGEANKE@11 edges=40 letters=22 loops=19 central=E dead at the board                       525s  37.4M/s ETA  11.2 min
  [33/73·33] UFLOTTXNULEINSZWONULBEIROTNULSIBENGEANKE@13 edges=40 letters=22 loops=19 central=L dead at the board                       544s  37.3M/s ETA  11.0 min
  [34/73·34] UKKANANFUNFUUUFLOTTXNULEINSZWONULBEIROTN@12 edges=40 letters=22 loops=19 central=U dead at the board                       560s  37.3M/s ETA  10.7 min
  [35/73·35] UKKANANFUNFUUUFLOTTXNULEINSZWONULBEIROTN@19 edges=40 letters=22 loops=19 central=U dead at the board                       574s  37.5M/s ETA  10.4 min
  [36/73·36] UUFLOTTXNULEINSZWONULBEIROTNULSIBENGEANK@10 edges=40 letters=22 loops=19 central=E dead at the board                       590s  37.5M/s ETA  10.1 min
  [37/73·37] UUFLOTTXNULEINSZWONULBEIROTNULSIBENGEANK@12 edges=40 letters=22 loops=19 central=L dead at the board                       609s  37.3M/s ETA   9.9 min
  [38/73·38] UUUFLOTTXNULEINSZWONULBEIROTNULSIBENGEAN@11 edges=40 letters=22 loops=19 central=U dead at the board                       628s  37.1M/s ETA   9.6 min
  [39/73·39] LEINSZWONULBEIROTNULSIBENGEANKERTXZUMWEI@10 edges=40 letters=23 loops=18 central=E dead at the board                       644s  37.2M/s ETA   9.4 min
  [40/73·40] NSZWONULBEIROTNULSIBENGEANKERTXZUMWEITER@10 edges=40 letters=23 loops=18 central=E dead at the board                       661s  37.2M/s ETA   9.1 min
  [41/73·41] UEBUNGXUEBUNG@0 edges=13 letters=13 loops=3 central=E    3220 stops → 373 physical, best IC 0.049 tail -4.270     674s  37.4M/s ETA   8.8 min
  [41/73·41] clears the bar at 13 letters — holding for ≥2-menu agreement before claiming a break
  [42/73·42] XUEBUNGXUEBUNG@0 edges=14 letters=13 loops=2 central=E      90 stops → 23 physical, best IC 0.047 tail -4.329     689s  37.4M/s ETA   8.5 min
  [43/73·43] XUEBUNGXUEBUNG@2 edges=14 letters=13 loops=2 central=E      97 stops → 14 physical, best IC 0.039 tail -4.571     703s  37.6M/s ETA   8.2 min
  [43/73·43] clears the bar at 14 letters — holding for ≥2-menu agreement before claiming a break
  [44/73·44] UEBUNGXUEBUNG@1 edges=13 letters=13 loops=2 central=E  105271 stops → 478 physical, best IC 0.044 tail -4.373     718s  37.7M/s ETA   7.9 min
  [44/73·44] clears the bar at 13 letters — holding for ≥2-menu agreement before claiming a break
  [45/73·45] FUNKXUEBUNG@2 edges=11 letters=14 loops=2 central=E 3224191 stops → 560 physical, best IC 0.043 tail -4.312     885s  31.2M/s ETA   9.2 min
  [45/73·45] clears the bar at 11 letters — holding for ≥2-menu agreement before claiming a break
  [46/73·46] UEBUNGUEBUNG@0 edges=12 letters=12 loops=1 central=U   21038 stops → 1531 physical, best IC 0.053 tail -4.995     896s  31.5M/s ETA   8.8 min
  [46/73·46] clears the bar at 12 letters — holding for ≥2-menu agreement before claiming a break
  [47/73·47] UEBUNGUEBUNG@1 edges=12 letters=12 loops=1 central=E   21328 stops → 1340 physical, best IC 0.046 tail -4.483     909s  31.7M/s ETA   8.4 min
  [47/73·47] clears the bar at 12 letters — holding for ≥2-menu agreement before claiming a break
  [48/73·48] UEBUNGSFUNK@0 edges=11 letters=13 loops=1 central=J 2029816 stops → 497 physical, best IC 0.042 tail -4.524     967s  30.5M/s ETA   8.4 min
  [48/73·48] clears the bar at 11 letters — holding for ≥2-menu agreement before claiming a break
  [49/73·49] UEBUNGXFUNK@0 edges=11 letters=14 loops=1 central=J 4667743 stops → 555 physical, best IC 0.037 tail -4.705    1135s  26.5M/s ETA   9.3 min
  [49/73·49] clears the bar at 11 letters — holding for ≥2-menu agreement before claiming a break
  [50/73·50] FUNKUEBUNG@1 edges=10 letters=13 loops=1 central=U 40196783 stops → 726 physical, best IC 0.047 tail -4.891    2530s  12.1M/s ETA  19.4 min
  [50/73·50] clears the bar at 10 letters — holding for ≥2-menu agreement before claiming a break
  [51/73·51] UEBUNGXXX@0 edges=9 letters=12 loops=1 central=X 38006907 stops → 1730 physical, best IC 0.046 tail -4.276    4083s   7.7M/s ETA  29.4 min
  [51/73·51] clears the bar at 9 letters — holding for ≥2-menu agreement before claiming a break
  [52/73·52] UEBUNGSMELDUNG@0 edges=14 letters=16 loops=0 central=E     931 stops → 41 physical, best IC 0.040 tail -4.886    4104s   7.8M/s ETA  27.6 min
  [52/73·52] clears the bar at 14 letters — holding for ≥2-menu agreement before claiming a break
  [53/73·53] UEBUNGSMELDUNG@1 edges=14 letters=16 loops=0 central=E  695556 stops → 45 physical, best IC 0.046 tail -5.074    4122s   7.9M/s ETA  25.9 min
  [54/73·54] FUNKXUEBUNG@0 edges=11 letters=14 loops=0 central=J 21247267 stops → 411 physical, best IC 0.036 tail -4.683    4675s   7.1M/s ETA  27.4 min
  [54/73·54] clears the bar at 11 letters — holding for ≥2-menu agreement before claiming a break

---
ABORTED 2026-08-09 ~2h into short menus (host stalled on 10M–40M ghost completions).
All 40 ≥16 body anchors were already dead at the board — confirm-2 was impossible.
Ghost killer: confirm≥2 now host-retests short challengers only against locked ≥16
anchor shells (no GPU flood). See BREAK Phase 16.
