BLUE hold: squeeze failed (crypto -13443.0, nb 0)
Enigma 256 TensorLUT
  module: enigma_256_nlff_offset_combo
  LUTs: 47  DFFs: 0  wires: 145
  baseline → build/enigma_256_nlff_offset_tensorlut.v
# TensorLUT Red Team — enigma_256_nlff_offset_combo
generation: 5
formula: cubic6
netlist: build/enigma_256_nlff_offset_combo_netlist.json
luts: 47
dffs: 0
batch: 3815
explore_gens: 240
polish_gens: 160
pop: 64
polish_lambda: 0.0
explore_seed: 14833185
baseline_crypto: 0.000000
explore_best_crypto: -21879.037109
explore_nonbinary: 1096
polish_gen_crypto: -13601.505859
final_crypto: -13443.000000
final_nonbinary: 0
elite_fitness: -13443.000000
squeeze_survived: false
verdict: blue_hold
note: explore λ=0; polish λ=0.0. squeeze_survived=false is a Blue hold.
  log → logs/tensorlut-wide-offset-g5-hard.log
