BLUE hold: squeeze failed (crypto -161.27678, nb 97)
Enigma 256 TensorLUT
  module: enigma_256_nlff_lfsr_combo
  LUTs: 8  DFFs: 0  wires: 74
  baseline → build/enigma_256_nlff_lfsr_tensorlut.v
# TensorLUT Red Team — enigma_256_nlff_lfsr_combo
generation: 5
formula: cubic6
netlist: build/enigma_256_nlff_lfsr_combo_netlist.json
luts: 8
dffs: 0
batch: 763
explore_gens: 240
polish_gens: 160
pop: 64
polish_lambda: 0.0
explore_seed: 14833185
baseline_crypto: 0.000000
explore_best_crypto: -241.485107
explore_nonbinary: 144
polish_gen_crypto: -161.276779
final_crypto: -161.276779
final_nonbinary: 97
elite_fitness: -161.276779
squeeze_survived: false
verdict: blue_hold
note: explore λ=0; polish λ=0.0. squeeze_survived=false is a Blue hold.
  log → logs/tensorlut-wide-g5-hard.log
