# Enigma 256 SoftBus ent gate
generation: 5
formula: cubic6
bytes: 1048576
plaintext: prng
sample: build/enigma256_keystream.bin
softbus_ms: 96.9
zero_pt_fixed_point_rate: 0.2943 (diagnostic; expected ≫ 1/256)
entropy_bits_per_byte: 7.999829
mean: 127.5248
serial_corr: 0.000072
chi_percent: 59.47
pass: true
thresholds: entropy>=7.9 mean∈[125.5,129.5] |corr|<0.05

Entropy = 7.999829 bits per byte.

Optimum compression would reduce the size
of this 1048576 byte file by 0 percent.

Chi square distribution for 1048576 samples is 248.97, and randomly
would exceed this value 59.47 percent of the times.

Arithmetic mean value of data bytes is 127.5248 (127.5 = random).
Monte Carlo value for Pi is 3.141666953 (error 0.00 percent).
Serial correlation coefficient is 0.000072 (totally uncorrelated = 0.0).
