crib17 menu          : crib 17 letters -> 17 edges
crib17     0                1            1           0    0.03         13.8M   0/192
crib17     1                1            1           0    0.43         1.05M   0/192
crib17     2           134349         5151           0    3.96        0.115M   0/192
crib18 menu          : crib 18 letters -> 18 edges
crib18     0                1            1           0    0.03         17.1M   0/192
crib18     1                1            1           0    0.44         1.03M   0/192
crib18     2           134068         5136           0    4.34        0.105M   0/192
crib19 menu          : crib 19 letters -> 19 edges
crib19     0                1            1           0    0.03         16.2M   0/192
crib19     1                1            1           0    0.44         1.04M   0/192
crib19     2           133328         5109           0    4.35        0.105M   0/192
crib21 menu          : crib 21 letters -> 21 edges
crib21     0                1            1           0    0.03         15.3M   0/192
crib21     1                1            1           0    0.45         1.01M   0/192
crib21     2            84702         3241           0    5.28       0.0865M   0/192
crib22 menu          : crib 22 letters -> 22 edges
crib22     0                1            1           0    0.03         17.5M   0/192
crib22     1                1            1           0    0.43         1.07M   0/192
crib22     2                1            1           0    4.90       0.0933M   0/192
crib23 menu          : crib 23 letters -> 23 edges
crib23     0                1            1           0    0.02         18.6M   0/192
crib23     1                1            1           0    0.46        0.985M   0/192
crib23     2                1            1           0    5.51       0.0829M   0/192
crib24 menu          : crib 24 letters -> 24 edges
crib24     0                1            1           0    0.03         17.4M   0/192
crib24     1                1            1           0    0.49        0.931M   0/192
crib24     2                1            1           0    6.05       0.0755M   0/192
crib25 menu          : crib 25 letters -> 25 edges
crib25     0                1            1           0    0.02         19.4M   0/192
crib25     1                1            1           0    0.52        0.883M   0/192
crib25     2                1            1           0    6.86       0.0666M   0/192
crib26 menu          : crib 26 letters -> 26 edges
crib26     0                1            1           0    0.03         15.4M   0/192
crib26     1                1            1           0    0.53        0.862M   0/192
crib26     2                1            1           0    5.67       0.0806M   0/192
