[0/1] Planning build
Building for production...
[0/5] Write sources
[2/5] Write swift-version--58304C5D6DBC2206.txt
[4/6] Compiling HELUTCore AdversarialHarness.swift
/Volumes/Code/HELUT/Sources/HELUTCore/Enigma256Wire.swift:591:21: warning: mutation of captured var 'received' in concurrently-executing code [#SendableClosureCaptures]
589 |                 try responder.handshakeAsResponder()
590 |                 for _ in messages {
591 |                     received.append(try responder.receivePlaintext())
    |                     `- warning: mutation of captured var 'received' in concurrently-executing code [#SendableClosureCaptures]
592 |                 }
593 |                 do { _ = try responder.receivePlaintext() }

/Volumes/Code/HELUT/Sources/HELUTCore/Enigma256Wire.swift:596:17: warning: mutation of captured var 'responderError' in concurrently-executing code [#SendableClosureCaptures]
594 |                 catch Enigma256WireError.closed { /* ok */ }
595 |             } catch {
596 |                 responderError = error
    |                 `- warning: mutation of captured var 'responderError' in concurrently-executing code [#SendableClosureCaptures]
597 |             }
598 |         }

/Volumes/Code/HELUT/Sources/HELUTCore/Enigma256Wire.swift:610:17: warning: mutation of captured var 'initiatorError' in concurrently-executing code [#SendableClosureCaptures]
608 |                 try initiator.close()
609 |             } catch {
610 |                 initiatorError = error
    |                 `- warning: mutation of captured var 'initiatorError' in concurrently-executing code [#SendableClosureCaptures]
611 |             }
612 |         }

/Volumes/Code/HELUT/Sources/HELUTCore/Enigma256Wire.swift:644:21: warning: mutation of captured var 'received' in concurrently-executing code [#SendableClosureCaptures]
642 |                 try responder.handshakeAsPSKResponder(passphrase: passphrase, iterations: iterations)
643 |                 for _ in messages {
644 |                     received.append(try responder.receivePlaintext())
    |                     `- warning: mutation of captured var 'received' in concurrently-executing code [#SendableClosureCaptures]
645 |                 }
646 |                 do { _ = try responder.receivePlaintext() }

/Volumes/Code/HELUT/Sources/HELUTCore/Enigma256Wire.swift:649:17: warning: mutation of captured var 'responderError' in concurrently-executing code [#SendableClosureCaptures]
647 |                 catch Enigma256WireError.closed {}
648 |             } catch {
649 |                 responderError = error
    |                 `- warning: mutation of captured var 'responderError' in concurrently-executing code [#SendableClosureCaptures]
650 |             }
651 |         }

/Volumes/Code/HELUT/Sources/HELUTCore/Enigma256Wire.swift:667:17: warning: mutation of captured var 'initiatorError' in concurrently-executing code [#SendableClosureCaptures]
665 |                 try initiator.close()
666 |             } catch {
667 |                 initiatorError = error
    |                 `- warning: mutation of captured var 'initiatorError' in concurrently-executing code [#SendableClosureCaptures]
668 |             }
669 |         }

/Volumes/Code/HELUT/Sources/HELUTCore/Enigma256Wire.swift:707:21: warning: mutation of captured var 'received' in concurrently-executing code [#SendableClosureCaptures]
705 |                 try responder.handshakeAsHybridResponder()
706 |                 for _ in messages {
707 |                     received.append(try responder.receivePlaintext())
    |                     `- warning: mutation of captured var 'received' in concurrently-executing code [#SendableClosureCaptures]
708 |                 }
709 |                 do { _ = try responder.receivePlaintext() }

/Volumes/Code/HELUT/Sources/HELUTCore/Enigma256Wire.swift:712:17: warning: mutation of captured var 'responderError' in concurrently-executing code [#SendableClosureCaptures]
710 |                 catch Enigma256WireError.closed {}
711 |             } catch {
712 |                 responderError = error
    |                 `- warning: mutation of captured var 'responderError' in concurrently-executing code [#SendableClosureCaptures]
713 |             }
714 |         }

/Volumes/Code/HELUT/Sources/HELUTCore/Enigma256Wire.swift:726:17: warning: mutation of captured var 'initiatorError' in concurrently-executing code [#SendableClosureCaptures]
724 |                 try initiator.close()
725 |             } catch {
726 |                 initiatorError = error
    |                 `- warning: mutation of captured var 'initiatorError' in concurrently-executing code [#SendableClosureCaptures]
727 |             }
728 |         }

/Volumes/Code/HELUT/Sources/HELUTCore/SteckerInvolution.swift:181:13: warning: variable 'base' was never mutated; consider changing to 'let' constant
179 |         let frozenSet = Set(frozenNorm.map { ($0.0 << 8) | $0.1 })
180 |         let free = pairs.filter { !frozenSet.contains(($0.0 << 8) | $0.1) }
181 |         var base = SteckerInvolution(pairs: frozenNorm)
    |             `- warning: variable 'base' was never mutated; consider changing to 'let' constant
182 |         let room = max(0, maxPairs - base.pairCount)
183 |         if room == 0 { return base }

/Volumes/Code/HELUT/Sources/HELUTCore/TFHEGGSW.swift:495:9: warning: variable 'acc' was never mutated; consider changing to 'let' constant
493 |         preconditionFailure("blindRotateTrivial requires trivial LWE mask (a=0)")
494 |     }
495 |     var acc = encryptGLWETrivialMask(
    |         `- warning: variable 'acc' was never mutated; consider changing to 'let' constant
496 |         message: testPolynomial,
497 |         secret: .zero(params: params.tfhe)

[#SendableClosureCaptures]: <https://docs.swift.org/compiler/documentation/diagnostics/sendable-closure-captures>
[5/7] Compiling helut BombeMetal.swift
/Volumes/Code/HELUT/Sources/helut/BombeSweep.swift:440:38: warning: capture of 'survivors' with non-Sendable type 'UnsafeBufferPointer<UInt32>' in a '@Sendable' closure [#SendableClosureCaptures]
 438 |                     let hostAlive = !bombe.isDead(menu: menu, start: (g, l, m, r))
 439 |                     if hostAlive { alive += 1 }
 440 |                     if hostAlive != (survivors[lane] != 0) { bad += 1 }
     |                                      `- warning: capture of 'survivors' with non-Sendable type 'UnsafeBufferPointer<UInt32>' in a '@Sendable' closure [#SendableClosureCaptures]
 441 |                     _ = hostStops
 442 |                 }

Swift.UnsafeBufferPointer:1:23: note: generic struct 'UnsafeBufferPointer' does not conform to the 'Sendable' protocol
1 | @frozen public struct UnsafeBufferPointer<Element> : Copyable where Element : ~Copyable {
  |                       `- note: generic struct 'UnsafeBufferPointer' does not conform to the 'Sendable' protocol
2 |     public let count: Int
3 |     @inlinable public init(start: UnsafePointer<Element>?, count: Int)

/Volumes/Code/HELUT/Sources/helut/CleartextBatchHybrid.swift:602:17: warning: capture of 'base' with non-Sendable type 'UnsafeMutablePointer<Float>' in a '@Sendable' closure [#SendableClosureCaptures]
600 |                     }
601 |                 }
602 |                 base[lane] = score
    |                 `- warning: capture of 'base' with non-Sendable type 'UnsafeMutablePointer<Float>' in a '@Sendable' closure [#SendableClosureCaptures]
603 |             }
604 |         }

Swift.UnsafeMutablePointer:1:23: note: generic struct 'UnsafeMutablePointer' does not conform to the 'Sendable' protocol
1 | @frozen public struct UnsafeMutablePointer<Pointee> : Copyable where Pointee : ~Copyable {
  |                       `- note: generic struct 'UnsafeMutablePointer' does not conform to the 'Sendable' protocol
2 |     public let _rawValue: Builtin.RawPointer
3 |     public init(_ _rawValue: Builtin.RawPointer)

/Volumes/Code/HELUT/Sources/helut/CleartextBatchHybrid.swift:628:17: warning: capture of 'base' with non-Sendable type 'UnsafeMutablePointer<Float>' in a '@Sendable' closure [#SendableClosureCaptures]
626 |                     if expect < 26, p == Int(expect) { hits += 1 }
627 |                 }
628 |                 base[lane] = hits
    |                 `- warning: capture of 'base' with non-Sendable type 'UnsafeMutablePointer<Float>' in a '@Sendable' closure [#SendableClosureCaptures]
629 |             }
630 |         }

Swift.UnsafeMutablePointer:1:23: note: generic struct 'UnsafeMutablePointer' does not conform to the 'Sendable' protocol
1 | @frozen public struct UnsafeMutablePointer<Pointee> : Copyable where Pointee : ~Copyable {
  |                       `- note: generic struct 'UnsafeMutablePointer' does not conform to the 'Sendable' protocol
2 |     public let _rawValue: Builtin.RawPointer
3 |     public init(_ _rawValue: Builtin.RawPointer)

/Volumes/Code/HELUT/Sources/helut/Enigma256Commands.swift:751:13: warning: result of 'try?' is unused [#no-usage]
 749 |         if let handle = try? FileHandle(forWritingTo: url) {
 750 |             defer { try? handle.close() }
 751 |             try? handle.seekToEnd()
     |             `- warning: result of 'try?' is unused [#no-usage]
 752 |             if let payload = (line + "\n").data(using: .utf8) {
 753 |                 try? handle.write(contentsOf: payload)

/Volumes/Code/HELUT/Sources/helut/ExhaustiveCracker.swift:197:19: warning: immutable value 'device' was never used; consider replacing with '_' or removing it [#no-usage]
195 | 
196 |     private func metalSweep(key: EnigmaM4Key) -> UnsafeBufferPointer<Float>? {
197 |         guard let device, let queue, let pipeline, let ctBuffer, let outBuffer else { return nil }
    |                   `- warning: immutable value 'device' was never used; consider replacing with '_' or removing it [#no-usage]
198 |         let tables = SweepTables(key: key)
199 |         var lenU = UInt32(ctLen)

/Volumes/Code/HELUT/Sources/helut/ExhaustiveCracker.swift:242:17: warning: capture of 'base' with non-Sendable type 'UnsafeMutablePointer<Float>' in a '@Sendable' closure [#SendableClosureCaptures]
240 |                 var num = 0.0
241 |                 for c in freq { num += Double(c * (c - 1)) }
242 |                 base[gid] = Float(num / (n * (n - 1)))
    |                 `- warning: capture of 'base' with non-Sendable type 'UnsafeMutablePointer<Float>' in a '@Sendable' closure [#SendableClosureCaptures]
243 |             }
244 |         }

Swift.UnsafeMutablePointer:1:23: note: generic struct 'UnsafeMutablePointer' does not conform to the 'Sendable' protocol
1 | @frozen public struct UnsafeMutablePointer<Pointee> : Copyable where Pointee : ~Copyable {
  |                       `- note: generic struct 'UnsafeMutablePointer' does not conform to the 'Sendable' protocol
2 |     public let _rawValue: Builtin.RawPointer
3 |     public init(_ _rawValue: Builtin.RawPointer)

/Volumes/Code/HELUT/Sources/helut/HybridBombeHarness.swift:665:17: warning: capture of 'buffer' with non-Sendable type 'UnsafeMutableBufferPointer<HybridFitness>' in a '@Sendable' closure [#SendableClosureCaptures]
 663 |         return Array(unsafeUninitializedCapacity: count) { buffer, initializedCount in
 664 |             DispatchQueue.concurrentPerform(iterations: count) { index in
 665 |                 buffer[index] = evaluateChromosome(
     |                 `- warning: capture of 'buffer' with non-Sendable type 'UnsafeMutableBufferPointer<HybridFitness>' in a '@Sendable' closure [#SendableClosureCaptures]
 666 |                     population[index],
 667 |                     ciphertext: ciphertext,

Swift.UnsafeMutableBufferPointer:1:23: note: generic struct 'UnsafeMutableBufferPointer' does not conform to the 'Sendable' protocol
1 | @frozen public struct UnsafeMutableBufferPointer<Element> : Copyable where Element : ~Copyable {
  |                       `- note: generic struct 'UnsafeMutableBufferPointer' does not conform to the 'Sendable' protocol
2 |     public let count: Int
3 |     @inlinable public init(start: UnsafeMutablePointer<Element>?, count: Int)

/Volumes/Code/HELUT/Sources/helut/HybridBombeHarness.swift:665:17: warning: mutable capture of 'inout' parameter 'buffer' is not allowed in concurrently-executing code [#SendableClosureCaptures]
 663 |         return Array(unsafeUninitializedCapacity: count) { buffer, initializedCount in
 664 |             DispatchQueue.concurrentPerform(iterations: count) { index in
 665 |                 buffer[index] = evaluateChromosome(
     |                 `- warning: mutable capture of 'inout' parameter 'buffer' is not allowed in concurrently-executing code [#SendableClosureCaptures]
 666 |                     population[index],
 667 |                     ciphertext: ciphertext,

[#SendableClosureCaptures]: <https://docs.swift.org/compiler/documentation/diagnostics/sendable-closure-captures>
[5/7] Write Objects.LinkFileList
[6/7] Linking helut
Build of product 'helut' complete! (34.09s)
