=== HELUT receipt: melt/freeze/prove scaling study ===
date: 2026-09-05T22:51:42Z
cmd: swift test -c release --filter 'TensorLUTYosysRoundTripTests|TensorLUTMeltScalingTests'
host: Apple M4 Max / macOS 26.6.2
swift: swift-driver version: 1.148.6 Apple Swift version 6.3.3 (swiftlang-6.3.3.1.3 clang-2100.1.1.101)
yosys: Yosys 0.68+post (git sha1 c12172fbae8af5e20f6fb52e3d4e92d56ed587b6, Release, AppleClang clang++ 21.0.0.21000101)
solver: minisat via yosys 'sat -prove trigger 0' on a 'miter -equiv' comparator
reference: behavioural Verilog '+' golden model, independent of the LUT representation

axes:
  A  fixed 2-LUT melt, growing circuit          -> is repair harder in a bigger circuit?
  B  fixed 4-bit adder, growing melt region     -> how much of a circuit can be erased?
  C  full-circuit cold start, escalating budget -> is the axis-B failure a lever or a boundary?
  D  sampled training stimulus, formal proof    -> does search cost decouple from input space?

Building for production...
[0/9] Write swift-version--58304C5D6DBC2206.txt
Build complete! (0.09s)
Test Suite 'Selected tests' started at 2026-09-05 15:51:43.374.
Test Suite 'helutPackageTests.xctest' started at 2026-09-05 15:51:43.374.
Test Suite 'TensorLUTMeltScalingTests' started at 2026-09-05 15:51:43.374.
Test Case '-[HELUTTests.TensorLUTMeltScalingTests testColdStartMeltIsBudgetLeverOrBoundary]' started.
Test Case '-[HELUTTests.TensorLUTMeltScalingTests testColdStartMeltIsBudgetLeverOrBoundary]' passed (7.716 seconds).
Test Case '-[HELUTTests.TensorLUTMeltScalingTests testMeltScalingByMeltRegionSize]' started.
Test Case '-[HELUTTests.TensorLUTMeltScalingTests testMeltScalingByMeltRegionSize]' passed (7.283 seconds).
Test Case '-[HELUTTests.TensorLUTMeltScalingTests testMeltScalingBySurroundingCircuitSize]' started.
Test Case '-[HELUTTests.TensorLUTMeltScalingTests testMeltScalingBySurroundingCircuitSize]' passed (48.709 seconds).
Test Case '-[HELUTTests.TensorLUTMeltScalingTests testSearchConvergesFromSampledStimulusAndStillProves]' started.
Test Case '-[HELUTTests.TensorLUTMeltScalingTests testSearchConvergesFromSampledStimulusAndStillProves]' passed (20.593 seconds).
Test Suite 'TensorLUTMeltScalingTests' passed at 2026-09-05 15:53:07.675.
	 Executed 4 tests, with 0 failures (0 unexpected) in 84.300 (84.301) seconds
Test Suite 'TensorLUTYosysRoundTripTests' started at 2026-09-05 15:53:07.676.
Test Case '-[HELUTTests.TensorLUTYosysRoundTripTests testEmittedVerilogResynthesizesToEquivalentNetlist]' started.
Test Case '-[HELUTTests.TensorLUTYosysRoundTripTests testEmittedVerilogResynthesizesToEquivalentNetlist]' passed (0.160 seconds).
Test Case '-[HELUTTests.TensorLUTYosysRoundTripTests testFormalProofRefutesCorruptedSearchedElite]' started.
Test Case '-[HELUTTests.TensorLUTYosysRoundTripTests testFormalProofRefutesCorruptedSearchedElite]' passed (1.386 seconds).
Test Case '-[HELUTTests.TensorLUTYosysRoundTripTests testRoundTripDetectsACorruptedInitBit]' started.
Test Case '-[HELUTTests.TensorLUTYosysRoundTripTests testRoundTripDetectsACorruptedInitBit]' passed (0.164 seconds).
Test Case '-[HELUTTests.TensorLUTYosysRoundTripTests testSearchedEliteIsFormallyEquivalentToBehavioralAdder]' started.
Test Case '-[HELUTTests.TensorLUTYosysRoundTripTests testSearchedEliteIsFormallyEquivalentToBehavioralAdder]' passed (1.630 seconds).
Test Case '-[HELUTTests.TensorLUTYosysRoundTripTests testSearchedEliteResynthesizesToTargetFunction]' started.
Test Case '-[HELUTTests.TensorLUTYosysRoundTripTests testSearchedEliteResynthesizesToTargetFunction]' passed (1.426 seconds).
Test Case '-[HELUTTests.TensorLUTYosysRoundTripTests testSearchedEliteRoundTripDetectsCorruption]' started.
Test Case '-[HELUTTests.TensorLUTYosysRoundTripTests testSearchedEliteRoundTripDetectsCorruption]' passed (1.294 seconds).
Test Suite 'TensorLUTYosysRoundTripTests' passed at 2026-09-05 15:53:13.735.
	 Executed 6 tests, with 0 failures (0 unexpected) in 6.059 (6.060) seconds
Test Suite 'helutPackageTests.xctest' passed at 2026-09-05 15:53:13.735.
	 Executed 10 tests, with 0 failures (0 unexpected) in 90.360 (90.361) seconds
Test Suite 'Selected tests' passed at 2026-09-05 15:53:13.735.
	 Executed 10 tests, with 0 failures (0 unexpected) in 90.360 (90.362) seconds
MELT_SCALING cold-start gen=120 pop=48 → REFUTED fitness=-16.0 frac=0 search=1.40s
MELT_SCALING cold-start gen=500 pop=48 → PROVED fitness=0.0 frac=0 search=5.40s
MELT_SCALING cold-start verdict: BUDGET LEVER — full-circuit melt proved at 500 generations / population 48

MELT_SCALING axis-C (4-bit cold start, escalating budget)
  bits  LUTs  melted  rows   space   search_s  fitness    frac  frozen  erased        searched
     4     8      8    256     256      1.40  -16.0000     0     yes  REFUTED       REFUTED
     4     8      8    256     256      5.40    0.0000     0     yes  REFUTED       PROVED
MELT_SCALING axis-B boundary: melting 8 of 8 LUTs did not prove — REFUTED, 0 fractional entries, fitness -16.0

MELT_SCALING axis-B (fixed 4-bit adder, growing melt region)
  bits  LUTs  melted  rows   space   search_s  fitness    frac  frozen  erased        searched
     4     8      2    256     256      1.33    0.0000     0     yes  REFUTED       PROVED
     4     8      4    256     256      1.29    0.0000     0     yes  REFUTED       PROVED
     4     8      6    256     256      1.36    0.0000     0     yes  REFUTED       PROVED
     4     8      8    256     256      1.39  -16.0000     0     yes  REFUTED       REFUTED

MELT_SCALING axis-A (fixed 2-LUT melt, growing circuit)
  bits  LUTs  melted  rows   space   search_s  fitness    frac  frozen  erased        searched
     2     4      2     16      16      1.15    0.0000     0     yes  REFUTED       PROVED
     3     6      2     64      64      1.22    0.0000     0     yes  REFUTED       PROVED
     4     8      2    256     256      1.33    0.0000     0     yes  REFUTED       PROVED
     5    10      2   1024    1024      1.71    0.0000     0     yes  REFUTED       PROVED
     6    12      2   4096    4096      2.93    0.0000     0     yes  REFUTED       PROVED
     7    14      2  16384   16384      7.80    0.0000     0     yes  REFUTED       PROVED
     8    16      2  65536   65536     28.99    0.0000     0     yes  REFUTED       PROVED
MELT_SCALING sampled gen=500 rows=64/65536 (0.10%) → PROVED fitness=0.0 search=5.46s
MELT_SCALING sampled gen=500 rows=256/65536 (0.39%) → PROVED fitness=0.0 search=5.96s
MELT_SCALING sampled gen=500 rows=1024/65536 (1.56%) → PROVED fitness=0.0 search=7.55s

MELT_SCALING axis-D (8-bit adder, 2-LUT melt, sampled training stimulus)
  bits  LUTs  melted  rows   space   search_s  fitness    frac  frozen  erased        searched
     8    16      2     64   65536      5.46    0.0000     0     yes  REFUTED       PROVED
     8    16      2    256   65536      5.96    0.0000     0     yes  REFUTED       PROVED
     8    16      2   1024   65536      7.55    0.0000     0     yes  REFUTED       PROVED
MELT_SCALING sampling verdict: search cost DECOUPLES from input space — 64 of 65536 rows (0.10%) sufficed, and the result is formally proven over all 65536 assignments.
TENSORLUT_ROUNDTRIP ok: 48 output bits over 16 input assignments, yosys-resynthesized vs source netlist
TENSORLUT_SAT_EQUIV negative control: SAT refuted the corrupted elite and produced a counterexample
TENSORLUT_ROUNDTRIP negative control: 4 mismatch(es) detected
TENSORLUT_SAT_EQUIV ok: searched elite proven equivalent to behavioural two-bit addition over the entire input space (yosys miter + minisat, post abc -lut 6)
TENSORLUT_SEARCHED_ROUNDTRIP ok: erased design failed 14 of 48 bits; searched elite agrees on 48/48 output bits over 16 input assignments, yosys-resynthesized vs target
TENSORLUT_SEARCHED_ROUNDTRIP negative control: 3 mismatch(es) of 48 detected after one flipped discovered entry
◇ Test run started.
↳ Testing Library Version: 1902
↳ Target Platform: arm64e-apple-macos14.0
✔ Test run with 0 tests in 0 suites passed after 0.001 seconds.
