=== HELUT receipt: searched-elite melt/freeze + Yosys re-proof ===
date: 2026-09-05T22:05:16Z
cmd: swift test -c release --filter TensorLUTYosysRoundTripTests
host: Apple M4 Max / macOS 26.6.2
swift: swift-driver version: 1.148.6 Apple Swift version 6.3.3 (swiftlang-6.3.3.1.3 clang-2100.1.1.101)
yosys: Yosys 0.68+post (git sha1 c12172fbae8af5e20f6fb52e3d4e92d56ed587b6, Release, AppleClang clang++ 21.0.0.21000101)
purpose: close the admitted gap where a searched elite was never emitted, resynthesized by Yosys, or re-proven
gates: (1) erased design must fail the target (2) searched elite must pass after independent resynthesis (3) corrupting a discovered entry must be caught

Building for production...
[0/9] Write swift-version--58304C5D6DBC2206.txt
Build complete! (0.10s)
Test Suite 'Selected tests' started at 2026-09-05 15:05:16.779.
Test Suite 'helutPackageTests.xctest' started at 2026-09-05 15:05:16.780.
Test Suite 'TensorLUTYosysRoundTripTests' started at 2026-09-05 15:05:16.780.
Test Case '-[HELUTTests.TensorLUTYosysRoundTripTests testEmittedVerilogResynthesizesToEquivalentNetlist]' started.
Test Case '-[HELUTTests.TensorLUTYosysRoundTripTests testEmittedVerilogResynthesizesToEquivalentNetlist]' passed (0.155 seconds).
Test Case '-[HELUTTests.TensorLUTYosysRoundTripTests testRoundTripDetectsACorruptedInitBit]' started.
Test Case '-[HELUTTests.TensorLUTYosysRoundTripTests testRoundTripDetectsACorruptedInitBit]' passed (0.159 seconds).
Test Case '-[HELUTTests.TensorLUTYosysRoundTripTests testSearchedEliteResynthesizesToTargetFunction]' started.
Test Case '-[HELUTTests.TensorLUTYosysRoundTripTests testSearchedEliteResynthesizesToTargetFunction]' passed (1.535 seconds).
Test Case '-[HELUTTests.TensorLUTYosysRoundTripTests testSearchedEliteRoundTripDetectsCorruption]' started.
Test Case '-[HELUTTests.TensorLUTYosysRoundTripTests testSearchedEliteRoundTripDetectsCorruption]' passed (1.459 seconds).
Test Suite 'TensorLUTYosysRoundTripTests' passed at 2026-09-05 15:05:20.087.
	 Executed 4 tests, with 0 failures (0 unexpected) in 3.307 (3.308) seconds
Test Suite 'helutPackageTests.xctest' passed at 2026-09-05 15:05:20.087.
	 Executed 4 tests, with 0 failures (0 unexpected) in 3.307 (3.308) seconds
Test Suite 'Selected tests' passed at 2026-09-05 15:05:20.087.
	 Executed 4 tests, with 0 failures (0 unexpected) in 3.307 (3.309) seconds
TENSORLUT_ROUNDTRIP ok: 48 output bits over 16 input assignments, yosys-resynthesized vs source netlist
TENSORLUT_ROUNDTRIP negative control: 4 mismatch(es) detected
TENSORLUT_SEARCHED_ROUNDTRIP ok: erased design failed 14 of 48 bits; searched elite agrees on 48/48 output bits over 16 input assignments, yosys-resynthesized vs target
TENSORLUT_SEARCHED_ROUNDTRIP negative control: 3 mismatch(es) of 48 detected after one flipped discovered entry
◇ Test run started.
↳ Testing Library Version: 1902
↳ Target Platform: arm64e-apple-macos14.0
✔ Test run with 0 tests in 0 suites passed after 0.001 seconds.
