HELUT encrypted-netlist bench · SING
  netlist: netlist.json  module=full_adder
  poly N=1024  LUTs=3  DFFs=0  2N=2048
  stimuli=8 (max --vectors 8)  cpu-only=false  metal-netlist-only=false
  paths filter: blind-rotate-metal public-ms covering-b2
  paths: public-ms@boolean + public-ms@crypto + secret@crypto (+ Metal)
  BK noise inject Gaussian σ=128.0 (torus; identity residual is empirical, not B_bk)
  BK identity confidence trials=40
  boolean scale kδ  k=16  (test-poly stride 16; public-MS native δ)
  DynamicRotateCost mux=2099200 binary=11275 speedup≈186.2×

  Metal BR tile progress: quiet
  starting blind-rotate-metal public-ms covering-b2
  identity residual trials=40  (n=1024)
  identity observed max|e| 2787617  (sample-decodable true)
  identity 95% confidence σ=1503502.0283404433 events=24 εlog2=-89.01572017702523 target=-64 samples=40 clears=yes
ENCRYPTED EQUIV (blind-rotate-metal public-ms covering-b2)
  rows            8
  wall            48.0879 s  (6010.99 ms/row)
  classical bits  175.7  (≥128? yes)
  ingest ε log2   -inf  (target -64)
  noisy BK observed max|e| 2787617  (sample-decodable true; not a hard bound)
  noisy BK 95% σ  1503502.0  events=24  εlog2=-89.0  target=-64  clears=yes
  result          PASS

════════ SING METRICS SUMMARY ════════
path                                             ms/row       bits    εlog2   BK value  cert
blind-rotate-metal public-ms covering-b2          6010.99      175.7 -inf      2787617  yes
calibration:
| Label | n | σ | Ref bits | HELUT est | Δ | Source |
|---|---:|---:|---:|---:|---:|---|
| demo-N8 | 8 | 2^12 | 4 | 4.0 | +0.0 | HELUT demo (not production) |
| weak-n256 | 256 | 2^17 | 45 | 40.4 | -4.6 | TFHE-style ballpark (weak) |
| mid-n512 | 512 | 2^16 | 95 | 95.5 | +0.5 | TFHE-style ballpark |
| classic-n630 | 630 | 2^15 | 128 | 129.0 | +1.0 | ≈ Chillotti boolean 128-bit regime |
| n768-s16 | 768 | 2^16 | 140 | 135.6 | -4.4 | TFHE-style ballpark |
| prod-n1024-s16 | 1024 | 2^16 | 170 | 175.7 | +5.7 | HELUT productionBoolean64 |
| n1024-s17 | 1024 | 2^17 | 155 | 160.7 | +5.7 | same n, noisier σ |
| n2048-s16 | 2048 | 2^16 | 340 | 336.1 | -3.9 | extrapolated high-security |
core-SVP model (sage-free):
| Label | n | σ | HELUT | Core-SVP model | β |
|---|---:|---:|---:|---:|---:|
| demo-N8 | 8 | 2^12 | 4.0 | 4.0 | 14 |
| weak-n256 | 256 | 2^17 | 40.4 | 40.4 | 138 |
| mid-n512 | 512 | 2^16 | 95.5 | 95.5 | 327 |
| classic-n630 | 630 | 2^15 | 129.0 | 129.0 | 442 |
| n768-s16 | 768 | 2^16 | 135.6 | 135.6 | 464 |
| prod-n1024-s16 | 1024 | 2^16 | 175.7 | 175.7 | 602 |
| n1024-s17 | 1024 | 2^17 | 160.7 | 160.7 | 550 |
| n2048-s16 | 2048 | 2^16 | 336.1 | 336.1 | 1151 |

_Interim calibrated Core-SVP (0.292·β). Replace via Sage lattice-estimator when available._
estimator protocol:
| Label | n | σ | HELUT | Estimator | Δ |
|---|---:|---:|---:|---:|---:|
| demo-N8 | 8 | 2^12 | 4.0 | 33.1 | 29.1 |
| weak-n256 | 256 | 2^17 | 40.4 | 53.7 | 13.3 |
| mid-n512 | 512 | 2^16 | 95.5 | 92.4 | 3.2 |
| classic-n630 | 630 | 2^15 | 129.0 | 106.5 | 22.5 |
| n768-s16 | 768 | 2^16 | 135.6 | 135.4 | 0.2 |
| prod-n1024-s16 | 1024 | 2^16 | 175.7 | 180.2 | 4.5 |
| n1024-s17 | 1024 | 2^17 | 160.7 | 189.9 | 29.3 |
| n2048-s16 | 2048 | 2^16 | 336.1 | 369.8 | 33.7 |
══════════════════════════════════════
     1445.31 real      1388.80 user        12.41 sys
          2243952640  maximum resident set size
                   0  average shared memory size
                   0  average unshared data size
                   0  average unshared stack size
              137260  page reclaims
                  15  page faults
                   0  swaps
                   0  block input operations
                   0  block output operations
                   0  messages sent
                   0  messages received
                   0  signals received
                   8  voluntary context switches
               59213  involuntary context switches
      41278517634024  instructions retired
       5629368901458  cycles elapsed
          2403092640  peak memory footprint
ENCRYPTED_BOUND_CHILD_EXIT=0
