HELUT encrypted-netlist bench · SING
  netlist: netlist.json  module=full_adder
  poly N=32  LUTs=3  2N=64
  stimuli=8 (max --vectors 8)  cpu-only=true
  paths: public-ms@boolean + public-ms@crypto + secret@crypto
  DynamicRotateCost mux=2112 binary=198 speedup≈10.7×

ENCRYPTED EQUIV (blind-rotate public-ms boolean)
  rows            8
  wall            0.0034 s  (0.43 ms/row)
  classical bits  16.0  (≥128? no)
  ingest ε log2   -inf  (target -64)
  noisy BK B_bk   0  (decodable true)
  result          PASS

ENCRYPTED EQUIV (blind-rotate public-ms crypto)
  rows            8
  wall            0.0103 s  (1.29 ms/row)
  classical bits  16.0  (≥128? no)
  ingest ε log2   -inf  (target -64)
  noisy BK B_bk   0  (decodable true)
  result          PASS

ENCRYPTED EQUIV (blind-rotate secret crypto)
  rows            8
  wall            0.0104 s  (1.30 ms/row)
  classical bits  16.0  (≥128? no)
  ingest ε log2   -inf  (target -64)
  noisy BK B_bk   0  (decodable true)
  result          PASS

ENCRYPTED EQUIV (cpu-ggsw secret crypto)
  rows            8
  wall            0.0012 s  (0.15 ms/row)
  classical bits  16.0  (≥128? no)
  ingest ε log2   -inf  (target -64)
  noisy BK B_bk   0  (decodable true)
  result          PASS

ENCRYPTED EQUIV (metal)
  result          SKIP (--cpu-only)

════════ SING METRICS SUMMARY ════════
path                                             ms/row       bits    εlog2     B_bk
blind-rotate public-ms boolean                       0.43       16.0 -inf            0
blind-rotate public-ms crypto                        1.29       16.0 -inf            0
blind-rotate secret crypto                           1.30       16.0 -inf            0
cpu-ggsw secret crypto                               0.15       16.0 -inf            0
calibration:
| Label | n | σ | Ref bits | HELUT est | Δ | Source |
|---|---:|---:|---:|---:|---:|---|
| demo-N8 | 8 | 2^12 | 4 | 4.0 | +0.0 | HELUT demo (not production) |
| weak-n256 | 256 | 2^17 | 45 | 40.4 | -4.6 | TFHE-style ballpark (weak) |
| mid-n512 | 512 | 2^16 | 95 | 95.5 | +0.5 | TFHE-style ballpark |
| classic-n630 | 630 | 2^15 | 128 | 129.0 | +1.0 | ≈ Chillotti boolean 128-bit regime |
| n768-s16 | 768 | 2^16 | 140 | 135.6 | -4.4 | TFHE-style ballpark |
| prod-n1024-s16 | 1024 | 2^16 | 170 | 175.7 | +5.7 | HELUT productionBoolean64 |
| n1024-s17 | 1024 | 2^17 | 155 | 160.7 | +5.7 | same n, noisier σ |
| n2048-s16 | 2048 | 2^16 | 340 | 336.1 | -3.9 | extrapolated high-security |
estimator protocol (external PENDING):
| Label | n | σ | HELUT | Estimator | Δ |
|---|---:|---:|---:|---:|---:|
| demo-N8 | 8 | 2^12 | 4.0 | PENDING | — |
| weak-n256 | 256 | 2^17 | 40.4 | PENDING | — |
| mid-n512 | 512 | 2^16 | 95.5 | PENDING | — |
| classic-n630 | 630 | 2^15 | 129.0 | PENDING | — |
| n768-s16 | 768 | 2^16 | 135.6 | PENDING | — |
| prod-n1024-s16 | 1024 | 2^16 | 175.7 | PENDING | — |
| n1024-s17 | 1024 | 2^17 | 160.7 | PENDING | — |
| n2048-s16 | 2048 | 2^16 | 336.1 | PENDING | — |
══════════════════════════════════════
