HELUT encrypted-netlist bench · SING
  netlist: picorv32_netlist.json  module=picorv32
  poly N=8  LUTs=4785  DFFs=1565  sequential  2N=16
  stimuli=48 (max --vectors 256)  cpu-only=true  metal-netlist-only=false
  encrypted mem: tiny ROM addi x1,x0,1 ; sw x1,0(x0) ; NOP…  ticks=48  reset-hold=3
  paths filter: blind-rotate public-ms boolean
  paths: public-ms@boolean + public-ms@crypto + secret@crypto
  DynamicRotateCost mux=144 binary=36 speedup≈4.0×

  mem tick  1  valid=0 ready=0 addr=0x00000000 instr=0 wstrb=0x0
  mem tick  2  valid=0 ready=0 addr=0x00000000 instr=0 wstrb=0x0
  mem tick  3  valid=0 ready=0 addr=0x00000000 instr=0 wstrb=0x0
  mem tick  4  valid=0 ready=1 addr=0x00000000 instr=0 wstrb=0x0
  FETCH tick  5  addr=0x00000000  instr=1
  mem tick  6  valid=0 ready=1 addr=0x00000000 instr=1 wstrb=0x0
  mem tick  7  valid=0 ready=1 addr=0x00000000 instr=1 wstrb=0x0
  FETCH tick  8  addr=0x00000004  instr=1
  mem tick  9  valid=0 ready=1 addr=0x00000004 instr=1 wstrb=0x0
  mem tick 10  valid=0 ready=1 addr=0x00000004 instr=1 wstrb=0x0
  FETCH tick 11  addr=0x00000008  instr=1
  mem tick 12  valid=0 ready=1 addr=0x00000008 instr=1 wstrb=0x0
  FETCH tick 14  addr=0x0000000c  instr=1
  STORE tick 16  addr=0x00000000  wstrb=0xf  wdata=0x00000001
  FETCH tick 19  addr=0x00000010  instr=1
  FETCH tick 22  addr=0x00000014  instr=1
  FETCH tick 25  addr=0x00000018  instr=1
  FETCH tick 28  addr=0x0000001c  instr=1
  FETCH tick 31  addr=0x00000020  instr=1
  FETCH tick 34  addr=0x00000024  instr=1
  FETCH tick 37  addr=0x00000028  instr=1
  FETCH tick 40  addr=0x0000002c  instr=1
  FETCH tick 43  addr=0x00000030  instr=1
  FETCH tick 46  addr=0x00000034  instr=1
  FETCH summary  served=14  unique_addr=14  addrs=0x0,0x4,0x8,0xc,0x10,0x14,0x18,0x1c,0x20,0x24,0x28,0x2c,0x30,0x34
  STORE summary  count=1  wdata1=true  ram0=1
ENCRYPTED EQUIV (blind-rotate public-ms boolean)
  rows            48
  wall            3.7870 s  (78.90 ms/row)
  classical bits  4.0  (≥128? no)
  ingest ε log2   -inf  (target -64)
  noisy BK B_bk   0  (decodable true)
  result          PASS

ENCRYPTED EQUIV (metal)
  result          SKIP (--cpu-only)

════════ SING METRICS SUMMARY ════════
path                                             ms/row       bits    εlog2     B_bk
blind-rotate public-ms boolean                      78.90        4.0 -inf            0
calibration:
| Label | n | σ | Ref bits | HELUT est | Δ | Source |
|---|---:|---:|---:|---:|---:|---|
| demo-N8 | 8 | 2^12 | 4 | 4.0 | +0.0 | HELUT demo (not production) |
| weak-n256 | 256 | 2^17 | 45 | 40.4 | -4.6 | TFHE-style ballpark (weak) |
| mid-n512 | 512 | 2^16 | 95 | 95.5 | +0.5 | TFHE-style ballpark |
| classic-n630 | 630 | 2^15 | 128 | 129.0 | +1.0 | ≈ Chillotti boolean 128-bit regime |
| n768-s16 | 768 | 2^16 | 140 | 135.6 | -4.4 | TFHE-style ballpark |
| prod-n1024-s16 | 1024 | 2^16 | 170 | 175.7 | +5.7 | HELUT productionBoolean64 |
| n1024-s17 | 1024 | 2^17 | 155 | 160.7 | +5.7 | same n, noisier σ |
| n2048-s16 | 2048 | 2^16 | 340 | 336.1 | -3.9 | extrapolated high-security |
core-SVP model (sage-free):
| Label | n | σ | HELUT | Core-SVP model | β |
|---|---:|---:|---:|---:|---:|
| demo-N8 | 8 | 2^12 | 4.0 | 4.0 | 14 |
| weak-n256 | 256 | 2^17 | 40.4 | 40.4 | 138 |
| mid-n512 | 512 | 2^16 | 95.5 | 95.5 | 327 |
| classic-n630 | 630 | 2^15 | 129.0 | 129.0 | 442 |
| n768-s16 | 768 | 2^16 | 135.6 | 135.6 | 464 |
| prod-n1024-s16 | 1024 | 2^16 | 175.7 | 175.7 | 602 |
| n1024-s17 | 1024 | 2^17 | 160.7 | 160.7 | 550 |
| n2048-s16 | 2048 | 2^16 | 336.1 | 336.1 | 1151 |

_Interim calibrated Core-SVP (0.292·β). Replace via Sage lattice-estimator when available._
estimator protocol:
| Label | n | σ | HELUT | Estimator | Δ |
|---|---:|---:|---:|---:|---:|
| demo-N8 | 8 | 2^12 | 4.0 | 33.1 | 29.1 |
| weak-n256 | 256 | 2^17 | 40.4 | 53.7 | 13.3 |
| mid-n512 | 512 | 2^16 | 95.5 | 92.4 | 3.2 |
| classic-n630 | 630 | 2^15 | 129.0 | 106.5 | 22.5 |
| n768-s16 | 768 | 2^16 | 135.6 | 135.4 | 0.2 |
| prod-n1024-s16 | 1024 | 2^16 | 175.7 | 180.2 | 4.5 |
| n1024-s17 | 1024 | 2^17 | 160.7 | 189.9 | 29.3 |
| n2048-s16 | 2048 | 2^16 | 336.1 | 369.8 | 33.7 |
══════════════════════════════════════
