HELUT noisy-BK identity residual (H4)
  N=1024  trials=2  inject B ∈ {0, 64}

cryptoPublicMS B=0: max|e|=0 σ̂=0.0 δ/2=1048576 decode_fail=0 decodable=true εlog2=-inf
cryptoPublicMS B=64: max|e|=123370595 σ̂=87430505.2 δ/2=1048576 decode_fail=1 decodable=false εlog2=0.0
crypto B=0: max|e|=0 σ̂=0.0 δ/2=1048576 decode_fail=0 decodable=true εlog2=-inf
crypto B=64: max|e|=27820597 σ̂=27295039.6 δ/2=1048576 decode_fail=2 decodable=false εlog2=0.0

| gadget N | inject B | trials | max |e| | σ̂ | δ/2 | decode fail | decodable |
|----------|----------|--------|---------|-----|-----|-------------|-----------|
| 1024 | 0 | 2 | 0 | 0.0 | 1048576 | 0 | yes |
| 1024 | 64 | 2 | 123370595 | 87430505.2 | 1048576 | 1 | no |
| 1024 | 0 | 2 | 0 | 0.0 | 1048576 | 0 | yes |
| 1024 | 64 | 2 | 27820597 | 27295039.6 | 1048576 | 2 | no |
HELUT noisy-BK identity residual (H4)
  N=1024  trials=2  inject B ∈ {0, 4}

cryptoPublicMS B=0: max|e|=0 σ̂=0.0 δ/2=1048576 decode_fail=0 decodable=true εlog2=-inf
cryptoPublicMS B=4: max|e|=7705449 σ̂=6767823.6 δ/2=1048576 decode_fail=1 decodable=false εlog2=0.0
crypto B=0: max|e|=0 σ̂=0.0 δ/2=1048576 decode_fail=0 decodable=true εlog2=-inf
crypto B=4: max|e|=750372 σ̂=566662.4 δ/2=1048576 decode_fail=0 decodable=true εlog2=-1.0

| gadget N | inject B | trials | max |e| | σ̂ | δ/2 | decode fail | decodable |
|----------|----------|--------|---------|-----|-----|-------------|-----------|
| 1024 | 0 | 2 | 0 | 0.0 | 1048576 | 0 | yes |
| 1024 | 4 | 2 | 7705449 | 6767823.6 | 1048576 | 1 | no |
| 1024 | 0 | 2 | 0 | 0.0 | 1048576 | 0 | yes |
| 1024 | 4 | 2 | 750372 | 566662.4 | 1048576 | 0 | yes |
