locked plugs AP BG CO DK EU HJ IT MR VY — 9 pairs, 29 boards (the given board plus each tenth pair)
shell C/beta/VI-I-II rings AAAJ — middle ring swept, right ring held
message keys 456976 × 29 boards × 26 middle rings
ciphertext P1030680, 72 letters. No crib.
middle A done  best middle A pos EBLA plugs AP BG CO DK EU HJ IT MR VY QW IC 0.049 tail -3.765 SUTBENRORZVFSPIMMWIPETMFARHSTAEDVZTZTINLXZZUDREIEOJENUTOHRESEMIHMEJKOATG  378459 decrypts/s
middle B done  best middle A pos EBLA plugs AP BG CO DK EU HJ IT MR VY QW IC 0.049 tail -3.765 SUTBENRORZVFSPIMMWIPETMFARHSTAEDVZTZTINLXZZUDREIEOJENUTOHRESEMIHMEJKOATG  379391 decrypts/s
middle C done  best middle C pos ABNW plugs AP BG CO DK EU HJ IT MR VY LQ IC 0.045 tail -3.764 HFGUTHJEARNUAZWOLEMACHTZEAXIUSTMLZRZMEJMHNJEYZUGVVDAOZOENDBACTENSKOPATUH  380245 decrypts/s
middle D done  best middle C pos ABNW plugs AP BG CO DK EU HJ IT MR VY LQ IC 0.045 tail -3.764 HFGUTHJEARNUAZWOLEMACHTZEAXIUSTMLZRZMEJMHNJEYZUGVVDAOZOENDBACTENSKOPATUH  380704 decrypts/s
middle E done  best middle E pos VTPP plugs AP BG CO DK EU HJ IT MR VY QW IC 0.040 tail -3.763 HGVGGROSBODANAINZWMWWAGSPRIEMYFECSECOSMOWODWERSUXNIDUKREZRBIPHEFTRABUYUV  380790 decrypts/s
middle F done  best middle E pos VTPP plugs AP BG CO DK EU HJ IT MR VY QW IC 0.040 tail -3.763 HGVGGROSBODANAINZWMWWAGSPRIEMYFECSECOSMOWODWERSUXNIDUKREZRBIPHEFTRABUYUV  380649 decrypts/s
middle G done  best middle G pos IUPF plugs AP BG CO DK EU HJ IT MR VY LS IC 0.041 tail -3.749 IDAMWVWLILZWDUIIHRFEVCHTEDUMPZCFAETOMWEFRATWENSWUNGHRKGASDEOOISVAQOXIMHN  380327 decrypts/s
middle H done  best middle G pos IUPF plugs AP BG CO DK EU HJ IT MR VY LS IC 0.041 tail -3.749 IDAMWVWLILZWDUIIHRFEVCHTEDUMPZCFAETOMWEFRATWENSWUNGHRKGASDEOOISVAQOXIMHN  380583 decrypts/s
middle I done  best middle G pos IUPF plugs AP BG CO DK EU HJ IT MR VY LS IC 0.041 tail -3.749 IDAMWVWLILZWDUIIHRFEVCHTEDUMPZCFAETOMWEFRATWENSWUNGHRKGASDEOOISVAQOXIMHN  380982 decrypts/s
middle J done  best middle G pos IUPF plugs AP BG CO DK EU HJ IT MR VY LS IC 0.041 tail -3.749 IDAMWVWLILZWDUIIHRFEVCHTEDUMPZCFAETOMWEFRATWENSWUNGHRKGASDEOOISVAQOXIMHN  381211 decrypts/s
middle K done  best middle G pos IUPF plugs AP BG CO DK EU HJ IT MR VY LS IC 0.041 tail -3.749 IDAMWVWLILZWDUIIHRFEVCHTEDUMPZCFAETOMWEFRATWENSWUNGHRKGASDEOOISVAQOXIMHN  381225 decrypts/s
middle L done  best middle G pos IUPF plugs AP BG CO DK EU HJ IT MR VY LS IC 0.041 tail -3.749 IDAMWVWLILZWDUIIHRFEVCHTEDUMPZCFAETOMWEFRATWENSWUNGHRKGASDEOOISVAQOXIMHN  381299 decrypts/s
middle M done  best middle G pos IUPF plugs AP BG CO DK EU HJ IT MR VY LS IC 0.041 tail -3.749 IDAMWVWLILZWDUIIHRFEVCHTEDUMPZCFAETOMWEFRATWENSWUNGHRKGASDEOOISVAQOXIMHN  381355 decrypts/s
middle N done  best middle G pos IUPF plugs AP BG CO DK EU HJ IT MR VY LS IC 0.041 tail -3.749 IDAMWVWLILZWDUIIHRFEVCHTEDUMPZCFAETOMWEFRATWENSWUNGHRKGASDEOOISVAQOXIMHN  381414 decrypts/s
middle O done  best middle G pos IUPF plugs AP BG CO DK EU HJ IT MR VY LS IC 0.041 tail -3.749 IDAMWVWLILZWDUIIHRFEVCHTEDUMPZCFAETOMWEFRATWENSWUNGHRKGASDEOOISVAQOXIMHN  381467 decrypts/s
middle P done  best middle G pos IUPF plugs AP BG CO DK EU HJ IT MR VY LS IC 0.041 tail -3.749 IDAMWVWLILZWDUIIHRFEVCHTEDUMPZCFAETOMWEFRATWENSWUNGHRKGASDEOOISVAQOXIMHN  381507 decrypts/s
middle Q done  best middle G pos IUPF plugs AP BG CO DK EU HJ IT MR VY LS IC 0.041 tail -3.749 IDAMWVWLILZWDUIIHRFEVCHTEDUMPZCFAETOMWEFRATWENSWUNGHRKGASDEOOISVAQOXIMHN  381543 decrypts/s
middle R done  best middle G pos IUPF plugs AP BG CO DK EU HJ IT MR VY LS IC 0.041 tail -3.749 IDAMWVWLILZWDUIIHRFEVCHTEDUMPZCFAETOMWEFRATWENSWUNGHRKGASDEOOISVAQOXIMHN  381570 decrypts/s
middle S done  best middle S pos JSPO plugs AP BG CO DK EU HJ IT MR VY LW IC 0.044 tail -3.710 BTGABQIDAPYADHIEDISTSNADBISKEKLTSPRENAGZSIONYINKHJEZQXVONESFXHIMUEPPNWVE  381562 decrypts/s
middle T done  best middle S pos JSPO plugs AP BG CO DK EU HJ IT MR VY LW IC 0.044 tail -3.710 BTGABQIDAPYADHIEDISTSNADBISKEKLTSPRENAGZSIONYINKHJEZQXVONESFXHIMUEPPNWVE  381562 decrypts/s
middle U done  best middle S pos JSPO plugs AP BG CO DK EU HJ IT MR VY LW IC 0.044 tail -3.710 BTGABQIDAPYADHIEDISTSNADBISKEKLTSPRENAGZSIONYINKHJEZQXVONESFXHIMUEPPNWVE  381567 decrypts/s
middle V done  best middle S pos JSPO plugs AP BG CO DK EU HJ IT MR VY LW IC 0.044 tail -3.710 BTGABQIDAPYADHIEDISTSNADBISKEKLTSPRENAGZSIONYINKHJEZQXVONESFXHIMUEPPNWVE  381580 decrypts/s
middle W done  best middle S pos JSPO plugs AP BG CO DK EU HJ IT MR VY LW IC 0.044 tail -3.710 BTGABQIDAPYADHIEDISTSNADBISKEKLTSPRENAGZSIONYINKHJEZQXVONESFXHIMUEPPNWVE  381605 decrypts/s
middle X done  best middle S pos JSPO plugs AP BG CO DK EU HJ IT MR VY LW IC 0.044 tail -3.710 BTGABQIDAPYADHIEDISTSNADBISKEKLTSPRENAGZSIONYINKHJEZQXVONESFXHIMUEPPNWVE  381546 decrypts/s
middle Y done  best middle S pos JSPO plugs AP BG CO DK EU HJ IT MR VY LW IC 0.044 tail -3.710 BTGABQIDAPYADHIEDISTSNADBISKEKLTSPRENAGZSIONYINKHJEZQXVONESFXHIMUEPPNWVE  381508 decrypts/s
middle Z done  best middle S pos JSPO plugs AP BG CO DK EU HJ IT MR VY LW IC 0.044 tail -3.710 BTGABQIDAPYADHIEDISTSNADBISKEKLTSPRENAGZSIONYINKHJEZQXVONESFXHIMUEPPNWVE  381470 decrypts/s
best middle S pos JSPO plugs AP BG CO DK EU HJ IT MR VY LW IC 0.044 tail -3.710 BTGABQIDAPYADHIEDISTSNADBISKEKLTSPRENAGZSIONYINKHJEZQXVONESFXHIMUEPPNWVE
bar is IC ≥ 0.055 and tail > -3.600. This search has no crib, so a score is not a break.
