=== Ostwald escalation of bombe stops ===
manifest      : logs/quarantine_candidates.json
target        : P1030680 (72 letters)
candidates    : 55
scorer        : staged   trigram model: Fixtures/german_trigrams.txt (14947 grams; letters=28508834 ic=0.0747 distinct=14947)
seeding       : all forced plugs held fixed (--ostwald-keep N to free the rest)
break bar     : crib exact ∧ IC ≥ 0.055 ∧ tail > -3.6

noise floor   : mean -3.7171, best of 12 random settings -3.4639

top escalated candidates by climbed score:
   #  climbed      IC     tail  crib  shell / position
   5  -3.6583  0.0520  -3.6583  BAD   B/beta/III-VII-II AAAA HQQP
      CUEBUNDKUEBUNDFIHRLAIXZUNJORANGVEUNTRNIOUDKKISYOCLEEEIZHTUPKKOFRKIELTTUS
   1  -3.7499  0.0469  -3.7499  ok    B/gamma/I-IV-VI AAAA HZBR
      UEBUNGXUEBUNGLTDABTAXFPLSWURZUDWUSEHODDRCSGODRSYEVSGSDEEIEOQKOMYKSEFTFCB
   8  -3.7548  0.0395  -3.7548  BAD   B/beta/I-VI-IV AAAA HWVV
      UEBUNGUEBUNSARZENSOWVAQKSOUTISHIEZMAEDCTZUSOWAJRDWODMALRJIPBWQBBJIXHIPTQ
  50  -3.7595  0.0434  -3.7595  ok    C/gamma/II-VI-IV AAAA FUKM
      GUEBUNGSMELDUNGSLUEBACNNUMBVHGGGITKUIHMGXZBZWCXORVIEAXCMVOQNPXSTMEDOPSTU
  11  -3.7635  0.0446  -3.7635  ok    B/beta/VI-I-IV AAAA LQWS
      UEBUNGXUEBUNGEHNVOLCYCEMYYPDBLNQQATXEZBKULGEBSQMZIEJOJBCSOCUNFANWEDIGNMP
  31  -3.8063  0.0493  -3.8063  BAD   B/beta/IV-VII-II AAAA LJUQ
      UEBUNGQUEBUNGEBEDOLAPPTVNUECWNDUNLIZZYTFQEPWGCVXDEUNSGXLULKROMPWGELSRRYE
  51  -3.8117  0.0599  -3.8117  BAD   C/gamma/VIII-IV-I AAAA LVJU
      XUEBUNOXUEBUNGXBBAYIIEONAFADKVVVEMKICEGFIPOCEQRREDEWYLKREUESCZEGEJNHEIVE
  52  -3.8117  0.0599  -3.8117  BAD   C/gamma/VIII-IV-I AAAA LWKU
      XUEBUNOXUEBUNGXBBAYIIEONAFADKVVVEMKICEGFIPOCEQRREDEWYLKREUESCZEGEJNHEIVE
  37  -3.8554  0.0473  -3.8554  ok    B/beta/II-I-VII AAAA WSGG
      XUEBUNGXUEBUNGAIUSICNANWPRUPNYFCBBUKALBEVZWBFZPCFLDJKUTDORNOONXCBORZPAWA
  43  -3.9062  0.0469  -3.9062  ok    C/gamma/III-IV-II AAAA DIAA
      GUEBUNGSMELDUNGNLYFIENGVTUSSHSOCCLICCFSAVQEFTSEGLLDWIFYDFPCZULLZMXVDSFQR
  27  -3.9089  0.0399  -3.9089  ok    B/beta/II-IV-V AAAA QXPV
      KUEBUNGUEBUNGLIEZEUIZFAHWIKBIRMYICZRBJBHHEIOSYNPHLLBTMEMPKJVWPUJAXPAADTD
  53  -3.9219  0.0403  -3.9219  BAD   C/gamma/VI-VII-VIII AAAA IBXJ
      XSEBUNGXUEBUNGARTEYFCNTGREMTMSCKULESEBACKEOPTFIIKIZPCUZWLJJNZNGSSLOJOJJH

NO BREAK — no escalated candidate clears crib-exact ∧ IC ≥ 0.055 ∧ tail > -3.6.
  best climbed -3.6583 (noise best -3.4639, Δ -0.1943) IC 0.0520 tail -3.6583
  and it does not even clear the random-setting floor, so these stops
  are ghosts as far as this scorer can tell.

Read this narrowly. It says the quarantined stops in this file are not the
key. It does not bound the escalator, which is graded separately on known
keys (Phase 50.6): given 4+ correct plugs it clears the bar at 72 letters.
EXIT=0
