######## bombe-seeded plugs = 0 ########
scorer: staged
   len ctrls  win    win%  medMargin    medZ  plugs   corr
────────────────────────────────────────────────────────────────────────────────────────────────
    72    10    4     40%    -0.1503   -0.25   0/10     8%

######## bombe-seeded plugs = 2 ########
scorer: staged
   len ctrls  win    win%  medMargin    medZ  plugs   corr
────────────────────────────────────────────────────────────────────────────────────────────────
    72    10    2     20%    -0.0991    0.63   2/10    10%

######## bombe-seeded plugs = 4 ########
scorer: staged
   len ctrls  win    win%  medMargin    medZ  plugs   corr
────────────────────────────────────────────────────────────────────────────────────────────────
    72    10    7     70%    +0.1296    2.41   6/10    44%

######## bombe-seeded plugs = 6 ########
scorer: staged
   len ctrls  win    win%  medMargin    medZ  plugs   corr
────────────────────────────────────────────────────────────────────────────────────────────────
    72    10    9     90%    +0.6656    5.41   8/10    85%

######## bombe-seeded plugs = 8 ########
scorer: staged
   len ctrls  win    win%  medMargin    medZ  plugs   corr
────────────────────────────────────────────────────────────────────────────────────────────────
    72    10   10    100%    +1.0488    7.65  10/10   100%

EXIT=0
