######## reconnect passes = 0 ########
climb         : greedy insertion + one replacement pass (insertion-only neighborhood)
scorer: staged
   len ctrls  win    win%  medMargin    medZ  plugs   corr
────────────────────────────────────────────────────────────────────────────────────────────────
    72    30    2      7%    -0.2735    0.12   0/10     7%
   100    23    4     17%    -0.0996    1.01   1/10     7%
   140    12    2     17%    -0.1062    0.52   2/10     7%
   180     6    2     33%    -0.0114    1.49   2/10    10%
   252     3    2     67%    +0.4957    8.14   8/10    67%

######## reconnect passes = 8 ########
climb         : greedy insertion + 8 break-and-reconnect pass(es), frequency-ordered
scorer: staged
   len ctrls  win    win%  medMargin    medZ  plugs   corr
────────────────────────────────────────────────────────────────────────────────────────────────
    72    30    2      7%    -0.3003   -0.03   0/10     7%
   100    23    3     13%    -0.1286    0.54   1/10     8%
   140    12    1      8%    -0.1159    0.56   2/10    14%
   180     6    1     17%    -0.0808    0.86   2/10    14%
   252     3    2     67%    +0.9098   13.13  10/10   100%

EXIT=0
