ASIC datapath backend: Metal-cleartext-KPA (B=17576 cleartext lanes/Greek)
Stochastic templates: 1 (constrained 21…21)
Shell evolution: ON freeRings=false WO=6 ringSeeds=3 subspace=potsdam-neighbourhood
Block B Greeks (fixed): (none) — fitness higher=better (KPA letter-match)
Hybrid gen 1/10 pop=12 blockB_greeks=0
  gen-best  fitness=8/21 tmpl=head:AUSBILDUNGSFUNKSPR@0 IC=0.0352 pos=FJIE | UKWC beta III-IV-VIII rings=VCCH stecker=AR CE FP GO HI KN LY TW UZ
  all-time  fitness=8 tmpl=head:AUSBILDUNGSFUNKSPR@0 pos=FJIE | UKWC beta III-IV-VIII rings=VCCH stecker=AR CE FP GO HI KN LY TW UZ
Hybrid gen 2/10 pop=12 blockB_greeks=0
  gen-best  fitness=8/21 tmpl=head:AUSBILDUNGSFUNKSPR@0 IC=0.0352 pos=FJIE | UKWC beta III-IV-VIII rings=VCCH stecker=AR CE FP GO HI KN LY TW UZ
  all-time  fitness=8 tmpl=head:AUSBILDUNGSFUNKSPR@0 pos=FJIE | UKWC beta III-IV-VIII rings=VCCH stecker=AR CE FP GO HI KN LY TW UZ
Hybrid gen 3/10 pop=12 blockB_greeks=0
  gen-best  fitness=10/21 tmpl=head:AUSBILDUNGSFUNKSPR@0 IC=0.0387 pos=CNBI | UKWC beta III-VIII-IV rings=VCCH stecker=AN BX CV EM FY GO HR JS LP QT
  all-time  fitness=10 tmpl=head:AUSBILDUNGSFUNKSPR@0 pos=CNBI | UKWC beta III-VIII-IV rings=VCCH stecker=AN BX CV EM FY GO HR JS LP QT
Hybrid gen 4/10 pop=12 blockB_greeks=0
  gen-best  fitness=10/21 tmpl=head:AUSBILDUNGSFUNKSPR@0 IC=0.0387 pos=CNBI | UKWC beta III-VIII-IV rings=VCCH stecker=AN BX CV EM FY GO HR JS LP QT
  all-time  fitness=10 tmpl=head:AUSBILDUNGSFUNKSPR@0 pos=CNBI | UKWC beta III-VIII-IV rings=VCCH stecker=AN BX CV EM FY GO HR JS LP QT
Hybrid gen 5/10 pop=12 blockB_greeks=0
  gen-best  fitness=10/21 tmpl=head:AUSBILDUNGSFUNKSPR@0 IC=0.0387 pos=CNBI | UKWC beta III-VIII-IV rings=VCCH stecker=AN BX CV EM FY GO HR JS LP QT
  all-time  fitness=10 tmpl=head:AUSBILDUNGSFUNKSPR@0 pos=CNBI | UKWC beta III-VIII-IV rings=VCCH stecker=AN BX CV EM FY GO HR JS LP QT
Hybrid gen 6/10 pop=12 blockB_greeks=0
  gen-best  fitness=10/21 tmpl=head:AUSBILDUNGSFUNKSPR@0 IC=0.0387 pos=CNBI | UKWC beta III-VIII-IV rings=VCCH stecker=AN BX CV EM FY GO HR JS LP QT
  all-time  fitness=10 tmpl=head:AUSBILDUNGSFUNKSPR@0 pos=CNBI | UKWC beta III-VIII-IV rings=VCCH stecker=AN BX CV EM FY GO HR JS LP QT
Hybrid gen 7/10 pop=12 blockB_greeks=0
  gen-best  fitness=10/21 tmpl=head:AUSBILDUNGSFUNKSPR@0 IC=0.0387 pos=CNBI | UKWC beta III-VIII-IV rings=VCCH stecker=AN BX CV EM FY GO HR JS LP QT
  all-time  fitness=10 tmpl=head:AUSBILDUNGSFUNKSPR@0 pos=CNBI | UKWC beta III-VIII-IV rings=VCCH stecker=AN BX CV EM FY GO HR JS LP QT
Hybrid gen 8/10 pop=12 blockB_greeks=0
  gen-best  fitness=10/21 tmpl=head:AUSBILDUNGSFUNKSPR@0 IC=0.0387 pos=CNBI | UKWC beta III-VIII-IV rings=VCCH stecker=AN BX CV EM FY GO HR JS LP QT
  all-time  fitness=10 tmpl=head:AUSBILDUNGSFUNKSPR@0 pos=CNBI | UKWC beta III-VIII-IV rings=VCCH stecker=AN BX CV EM FY GO HR JS LP QT
Hybrid gen 9/10 pop=12 blockB_greeks=0
  gen-best  fitness=10/21 tmpl=head:AUSBILDUNGSFUNKSPR@0 IC=0.0387 pos=CNBI | UKWC beta III-VIII-IV rings=VCCH stecker=AN BX CV EM FY GO HR JS LP QT
  all-time  fitness=10 tmpl=head:AUSBILDUNGSFUNKSPR@0 pos=CNBI | UKWC beta III-VIII-IV rings=VCCH stecker=AN BX CV EM FY GO HR JS LP QT
Hybrid gen 10/10 pop=12 blockB_greeks=0
  gen-best  fitness=10/21 tmpl=head:AUSBILDUNGSFUNKSPR@0 IC=0.0387 pos=CNBI | UKWC beta III-VIII-IV rings=VCCH stecker=AN BX CV EM FY GO HR JS LP QT
  all-time  fitness=10 tmpl=head:AUSBILDUNGSFUNKSPR@0 pos=CNBI | UKWC beta III-VIII-IV rings=VCCH stecker=AN BX CV EM FY GO HR JS LP QT
ASIC datapath backend: Metal-cleartext-KPA (B=17576 cleartext lanes/Greek)
Stochastic templates: 1 (constrained 21…21)
Shell evolution: ON freeRings=false WO=6 ringSeeds=3 subspace=potsdam-neighbourhood
Block B Greeks (fixed): (none) — fitness higher=better (KPA letter-match)
Hybrid gen 1/10 pop=12 blockB_greeks=0
  gen-best  fitness=8/21 tmpl=head:AUSBILDUNGSFUNKSPR@1 IC=0.0391 pos=WGAC | UKWB beta VIII-IV-III rings=VCCH stecker=CX KN PR QW
  all-time  fitness=8 tmpl=head:AUSBILDUNGSFUNKSPR@1 pos=WGAC | UKWB beta VIII-IV-III rings=VCCH stecker=CX KN PR QW
Hybrid gen 2/10 pop=12 blockB_greeks=0
  gen-best  fitness=9/21 tmpl=head:AUSBILDUNGSFUNKSPR@1 IC=0.0333 pos=DCJX | UKWB beta III-IV-VIII rings=VCCH stecker=CZ DS FI HM JQ KX LN RV TW
  all-time  fitness=9 tmpl=head:AUSBILDUNGSFUNKSPR@1 pos=DCJX | UKWB beta III-IV-VIII rings=VCCH stecker=CZ DS FI HM JQ KX LN RV TW
Hybrid gen 3/10 pop=12 blockB_greeks=0
  gen-best  fitness=9/21 tmpl=head:AUSBILDUNGSFUNKSPR@1 IC=0.0333 pos=DCJX | UKWB beta III-IV-VIII rings=VCCH stecker=CZ DS FI HM JQ KX LN RV TW
  all-time  fitness=9 tmpl=head:AUSBILDUNGSFUNKSPR@1 pos=DCJX | UKWB beta III-IV-VIII rings=VCCH stecker=CZ DS FI HM JQ KX LN RV TW
Hybrid gen 4/10 pop=12 blockB_greeks=0
  gen-best  fitness=9/21 tmpl=head:AUSBILDUNGSFUNKSPR@1 IC=0.0333 pos=DCJX | UKWB beta III-IV-VIII rings=VCCH stecker=CZ DS FI HM JQ KX LN RV TW
  all-time  fitness=9 tmpl=head:AUSBILDUNGSFUNKSPR@1 pos=DCJX | UKWB beta III-IV-VIII rings=VCCH stecker=CZ DS FI HM JQ KX LN RV TW
Hybrid gen 5/10 pop=12 blockB_greeks=0
  gen-best  fitness=9/21 tmpl=head:AUSBILDUNGSFUNKSPR@1 IC=0.0333 pos=DCJX | UKWB beta III-IV-VIII rings=VCCH stecker=CZ DS FI HM JQ KX LN RV TW
  all-time  fitness=9 tmpl=head:AUSBILDUNGSFUNKSPR@1 pos=DCJX | UKWB beta III-IV-VIII rings=VCCH stecker=CZ DS FI HM JQ KX LN RV TW
Hybrid gen 6/10 pop=12 blockB_greeks=0
  gen-best  fitness=9/21 tmpl=head:AUSBILDUNGSFUNKSPR@1 IC=0.0333 pos=DCJX | UKWB beta III-IV-VIII rings=VCCH stecker=CZ DS FI HM JQ KX LN RV TW
  all-time  fitness=9 tmpl=head:AUSBILDUNGSFUNKSPR@1 pos=DCJX | UKWB beta III-IV-VIII rings=VCCH stecker=CZ DS FI HM JQ KX LN RV TW
Hybrid gen 7/10 pop=12 blockB_greeks=0
  gen-best  fitness=10/21 tmpl=head:AUSBILDUNGSFUNKSPR@1 IC=0.0336 pos=DCJX | UKWB beta III-IV-VIII rings=VCCH stecker=AR CZ DS FI HM JQ KX LN TW
  all-time  fitness=10 tmpl=head:AUSBILDUNGSFUNKSPR@1 pos=DCJX | UKWB beta III-IV-VIII rings=VCCH stecker=AR CZ DS FI HM JQ KX LN TW
Hybrid gen 8/10 pop=12 blockB_greeks=0
  gen-best  fitness=10/21 tmpl=head:AUSBILDUNGSFUNKSPR@1 IC=0.0336 pos=DCJX | UKWB beta III-IV-VIII rings=VCCH stecker=AR CZ DS FI HM JQ KX LN TW
  all-time  fitness=10 tmpl=head:AUSBILDUNGSFUNKSPR@1 pos=DCJX | UKWB beta III-IV-VIII rings=VCCH stecker=AR CZ DS FI HM JQ KX LN TW
Hybrid gen 9/10 pop=12 blockB_greeks=0
  gen-best  fitness=10/21 tmpl=head:AUSBILDUNGSFUNKSPR@1 IC=0.0336 pos=DCJX | UKWB beta III-IV-VIII rings=VCCH stecker=AR CZ DS FI HM JQ KX LN TW
  all-time  fitness=10 tmpl=head:AUSBILDUNGSFUNKSPR@1 pos=DCJX | UKWB beta III-IV-VIII rings=VCCH stecker=AR CZ DS FI HM JQ KX LN TW
Hybrid gen 10/10 pop=12 blockB_greeks=0
  gen-best  fitness=10/21 tmpl=head:AUSBILDUNGSFUNKSPR@1 IC=0.0336 pos=DCJX | UKWB beta III-IV-VIII rings=VCCH stecker=AR CZ DS FI HM JQ KX LN TW
  all-time  fitness=10 tmpl=head:AUSBILDUNGSFUNKSPR@1 pos=DCJX | UKWB beta III-IV-VIII rings=VCCH stecker=AR CZ DS FI HM JQ KX LN TW
ASIC datapath backend: Metal-cleartext-KPA (B=17576 cleartext lanes/Greek)
Stochastic templates: 1 (constrained 21…21)
Shell evolution: ON freeRings=false WO=6 ringSeeds=3 subspace=potsdam-neighbourhood
Block B Greeks (fixed): (none) — fitness higher=better (KPA letter-match)
Hybrid gen 1/10 pop=12 blockB_greeks=0
  gen-best  fitness=8/21 tmpl=head:AUSBILDUNGSFUNKSPR@2 IC=0.0368 pos=XHZR | UKWB gamma VIII-III-IV rings=VCCH stecker=(none)
  all-time  fitness=8 tmpl=head:AUSBILDUNGSFUNKSPR@2 pos=XHZR | UKWB gamma VIII-III-IV rings=VCCH stecker=(none)
Hybrid gen 2/10 pop=12 blockB_greeks=0
  gen-best  fitness=9/21 tmpl=head:AUSBILDUNGSFUNKSPR@2 IC=0.0344 pos=XHZR | UKWB gamma VIII-III-IV rings=VCCH stecker=GT
  all-time  fitness=9 tmpl=head:AUSBILDUNGSFUNKSPR@2 pos=XHZR | UKWB gamma VIII-III-IV rings=VCCH stecker=GT
Hybrid gen 3/10 pop=12 blockB_greeks=0
  gen-best  fitness=10/21 tmpl=head:AUSBILDUNGSFUNKSPR@2 IC=0.0336 pos=XHZR | UKWB gamma VIII-III-IV rings=VCCH stecker=AC GT
  all-time  fitness=10 tmpl=head:AUSBILDUNGSFUNKSPR@2 pos=XHZR | UKWB gamma VIII-III-IV rings=VCCH stecker=AC GT
Hybrid gen 4/10 pop=12 blockB_greeks=0
  gen-best  fitness=10/21 tmpl=head:AUSBILDUNGSFUNKSPR@2 IC=0.0336 pos=XHZR | UKWB gamma VIII-III-IV rings=VCCH stecker=AC GT
  all-time  fitness=10 tmpl=head:AUSBILDUNGSFUNKSPR@2 pos=XHZR | UKWB gamma VIII-III-IV rings=VCCH stecker=AC GT
Hybrid gen 5/10 pop=12 blockB_greeks=0
  gen-best  fitness=10/21 tmpl=head:AUSBILDUNGSFUNKSPR@2 IC=0.0336 pos=XHZR | UKWB gamma VIII-III-IV rings=VCCH stecker=AC GT
  all-time  fitness=10 tmpl=head:AUSBILDUNGSFUNKSPR@2 pos=XHZR | UKWB gamma VIII-III-IV rings=VCCH stecker=AC GT
Hybrid gen 6/10 pop=12 blockB_greeks=0
  gen-best  fitness=10/21 tmpl=head:AUSBILDUNGSFUNKSPR@2 IC=0.0336 pos=XHZR | UKWB gamma VIII-III-IV rings=VCCH stecker=AC GT
  all-time  fitness=10 tmpl=head:AUSBILDUNGSFUNKSPR@2 pos=XHZR | UKWB gamma VIII-III-IV rings=VCCH stecker=AC GT
Hybrid gen 7/10 pop=12 blockB_greeks=0
  gen-best  fitness=10/21 tmpl=head:AUSBILDUNGSFUNKSPR@2 IC=0.0336 pos=XHZR | UKWB gamma VIII-III-IV rings=VCCH stecker=AC GT
  all-time  fitness=10 tmpl=head:AUSBILDUNGSFUNKSPR@2 pos=XHZR | UKWB gamma VIII-III-IV rings=VCCH stecker=AC GT
Hybrid gen 8/10 pop=12 blockB_greeks=0
  gen-best  fitness=10/21 tmpl=head:AUSBILDUNGSFUNKSPR@2 IC=0.0336 pos=XHZR | UKWB gamma VIII-III-IV rings=VCCH stecker=AC GT
  all-time  fitness=10 tmpl=head:AUSBILDUNGSFUNKSPR@2 pos=XHZR | UKWB gamma VIII-III-IV rings=VCCH stecker=AC GT
Hybrid gen 9/10 pop=12 blockB_greeks=0
  gen-best  fitness=10/21 tmpl=head:AUSBILDUNGSFUNKSPR@2 IC=0.0336 pos=XHZR | UKWB gamma VIII-III-IV rings=VCCH stecker=AC GT
  all-time  fitness=10 tmpl=head:AUSBILDUNGSFUNKSPR@2 pos=XHZR | UKWB gamma VIII-III-IV rings=VCCH stecker=AC GT
Hybrid gen 10/10 pop=12 blockB_greeks=0
  gen-best  fitness=10/21 tmpl=head:AUSBILDUNGSFUNKSPR@2 IC=0.0336 pos=XHZR | UKWB gamma VIII-III-IV rings=VCCH stecker=AC GT
  all-time  fitness=10 tmpl=head:AUSBILDUNGSFUNKSPR@2 pos=XHZR | UKWB gamma VIII-III-IV rings=VCCH stecker=AC GT
ASIC datapath backend: Metal-cleartext-KPA (B=17576 cleartext lanes/Greek)
Stochastic templates: 1 (constrained 21…21)
Shell evolution: ON freeRings=false WO=6 ringSeeds=3 subspace=potsdam-neighbourhood
Block B Greeks (fixed): (none) — fitness higher=better (KPA letter-match)
Hybrid gen 1/10 pop=12 blockB_greeks=0
  gen-best  fitness=8/21 tmpl=head:AUSBILDUNGSFUNKSPR@3 IC=0.0317 pos=GFQK | UKWB beta III-IV-VIII rings=AACU stecker=AF BM CK DP EG IN SU VW
  all-time  fitness=8 tmpl=head:AUSBILDUNGSFUNKSPR@3 pos=GFQK | UKWB beta III-IV-VIII rings=AACU stecker=AF BM CK DP EG IN SU VW
Hybrid gen 2/10 pop=12 blockB_greeks=0
  gen-best  fitness=8/21 tmpl=head:AUSBILDUNGSFUNKSPR@3 IC=0.0317 pos=GFQK | UKWB beta III-IV-VIII rings=AACU stecker=AF BM CK DP EG IN SU VW
  all-time  fitness=8 tmpl=head:AUSBILDUNGSFUNKSPR@3 pos=GFQK | UKWB beta III-IV-VIII rings=AACU stecker=AF BM CK DP EG IN SU VW
Hybrid gen 3/10 pop=12 blockB_greeks=0
  gen-best  fitness=9/21 tmpl=head:AUSBILDUNGSFUNKSPR@3 IC=0.0344 pos=MIRG | UKWB gamma IV-III-VIII rings=AAAA stecker=GZ
  all-time  fitness=9 tmpl=head:AUSBILDUNGSFUNKSPR@3 pos=MIRG | UKWB gamma IV-III-VIII rings=AAAA stecker=GZ
Hybrid gen 4/10 pop=12 blockB_greeks=0
  gen-best  fitness=9/21 tmpl=head:AUSBILDUNGSFUNKSPR@3 IC=0.0344 pos=MIRG | UKWB gamma IV-III-VIII rings=AAAA stecker=GZ
  all-time  fitness=9 tmpl=head:AUSBILDUNGSFUNKSPR@3 pos=MIRG | UKWB gamma IV-III-VIII rings=AAAA stecker=GZ
Hybrid gen 5/10 pop=12 blockB_greeks=0
  gen-best  fitness=9/21 tmpl=head:AUSBILDUNGSFUNKSPR@3 IC=0.0344 pos=MIRG | UKWB gamma IV-III-VIII rings=AAAA stecker=GZ
  all-time  fitness=9 tmpl=head:AUSBILDUNGSFUNKSPR@3 pos=MIRG | UKWB gamma IV-III-VIII rings=AAAA stecker=GZ
Hybrid gen 6/10 pop=12 blockB_greeks=0
  gen-best  fitness=9/21 tmpl=head:AUSBILDUNGSFUNKSPR@3 IC=0.0344 pos=MIRG | UKWB gamma IV-III-VIII rings=AAAA stecker=GZ
  all-time  fitness=9 tmpl=head:AUSBILDUNGSFUNKSPR@3 pos=MIRG | UKWB gamma IV-III-VIII rings=AAAA stecker=GZ
Hybrid gen 7/10 pop=12 blockB_greeks=0
  gen-best  fitness=9/21 tmpl=head:AUSBILDUNGSFUNKSPR@3 IC=0.0344 pos=MIRG | UKWB gamma IV-III-VIII rings=AAAA stecker=GZ
  all-time  fitness=9 tmpl=head:AUSBILDUNGSFUNKSPR@3 pos=MIRG | UKWB gamma IV-III-VIII rings=AAAA stecker=GZ
Hybrid gen 8/10 pop=12 blockB_greeks=0
  gen-best  fitness=9/21 tmpl=head:AUSBILDUNGSFUNKSPR@3 IC=0.0344 pos=MIRG | UKWB gamma IV-III-VIII rings=AAAA stecker=GZ
  all-time  fitness=9 tmpl=head:AUSBILDUNGSFUNKSPR@3 pos=MIRG | UKWB gamma IV-III-VIII rings=AAAA stecker=GZ
Hybrid gen 9/10 pop=12 blockB_greeks=0
  gen-best  fitness=9/21 tmpl=head:AUSBILDUNGSFUNKSPR@3 IC=0.0344 pos=MIRG | UKWB gamma IV-III-VIII rings=AAAA stecker=GZ
  all-time  fitness=9 tmpl=head:AUSBILDUNGSFUNKSPR@3 pos=MIRG | UKWB gamma IV-III-VIII rings=AAAA stecker=GZ
Hybrid gen 10/10 pop=12 blockB_greeks=0
  gen-best  fitness=9/21 tmpl=head:AUSBILDUNGSFUNKSPR@3 IC=0.0344 pos=MIRG | UKWB gamma IV-III-VIII rings=AAAA stecker=GZ
  all-time  fitness=9 tmpl=head:AUSBILDUNGSFUNKSPR@3 pos=MIRG | UKWB gamma IV-III-VIII rings=AAAA stecker=GZ
ASIC datapath backend: Metal-cleartext-KPA (B=17576 cleartext lanes/Greek)
Stochastic templates: 1 (constrained 21…21)
Shell evolution: ON freeRings=false WO=6 ringSeeds=3 subspace=potsdam-neighbourhood
Block B Greeks (fixed): (none) — fitness higher=better (KPA letter-match)
Hybrid gen 1/10 pop=12 blockB_greeks=0
  gen-best  fitness=7/21 tmpl=head:AUSBILDUNGSFUNKSPR@4 IC=0.0340 pos=EPIU | UKWB gamma IV-III-VIII rings=AAAA stecker=(none)
  all-time  fitness=7 tmpl=head:AUSBILDUNGSFUNKSPR@4 pos=EPIU | UKWB gamma IV-III-VIII rings=AAAA stecker=(none)
Hybrid gen 2/10 pop=12 blockB_greeks=0
  gen-best  fitness=8/21 tmpl=head:AUSBILDUNGSFUNKSPR@4 IC=0.0364 pos=IKNS | UKWB gamma IV-III-VIII rings=AAAA stecker=BX
  all-time  fitness=8 tmpl=head:AUSBILDUNGSFUNKSPR@4 pos=IKNS | UKWB gamma IV-III-VIII rings=AAAA stecker=BX
Hybrid gen 3/10 pop=12 blockB_greeks=0
  gen-best  fitness=8/21 tmpl=head:AUSBILDUNGSFUNKSPR@4 IC=0.0364 pos=IKNS | UKWB gamma IV-III-VIII rings=AAAA stecker=BX
  all-time  fitness=8 tmpl=head:AUSBILDUNGSFUNKSPR@4 pos=IKNS | UKWB gamma IV-III-VIII rings=AAAA stecker=BX
Hybrid gen 4/10 pop=12 blockB_greeks=0
  gen-best  fitness=8/21 tmpl=head:AUSBILDUNGSFUNKSPR@4 IC=0.0364 pos=IKNS | UKWB gamma IV-III-VIII rings=AAAA stecker=BX
  all-time  fitness=8 tmpl=head:AUSBILDUNGSFUNKSPR@4 pos=IKNS | UKWB gamma IV-III-VIII rings=AAAA stecker=BX
Hybrid gen 5/10 pop=12 blockB_greeks=0
  gen-best  fitness=10/21 tmpl=head:AUSBILDUNGSFUNKSPR@4 IC=0.0364 pos=PWUG | UKWB beta III-IV-VIII rings=AAAA stecker=FY GN HT JX KO RV UW
  all-time  fitness=10 tmpl=head:AUSBILDUNGSFUNKSPR@4 pos=PWUG | UKWB beta III-IV-VIII rings=AAAA stecker=FY GN HT JX KO RV UW
Hybrid gen 6/10 pop=12 blockB_greeks=0
  gen-best  fitness=10/21 tmpl=head:AUSBILDUNGSFUNKSPR@4 IC=0.0364 pos=PWUG | UKWB beta III-IV-VIII rings=AAAA stecker=FY GN HT JX KO RV UW
  all-time  fitness=10 tmpl=head:AUSBILDUNGSFUNKSPR@4 pos=PWUG | UKWB beta III-IV-VIII rings=AAAA stecker=FY GN HT JX KO RV UW
Hybrid gen 7/10 pop=12 blockB_greeks=0
  gen-best  fitness=11/21 tmpl=head:AUSBILDUNGSFUNKSPR@4 IC=0.0352 pos=PWUG | UKWB beta III-IV-VIII rings=AAAA stecker=BM FY GN HT JX KO RV UW
  all-time  fitness=11 tmpl=head:AUSBILDUNGSFUNKSPR@4 pos=PWUG | UKWB beta III-IV-VIII rings=AAAA stecker=BM FY GN HT JX KO RV UW
Hybrid gen 8/10 pop=12 blockB_greeks=0
  gen-best  fitness=11/21 tmpl=head:AUSBILDUNGSFUNKSPR@4 IC=0.0352 pos=PWUG | UKWB beta III-IV-VIII rings=AAAA stecker=BM FY GN HT JX KO RV UW
  all-time  fitness=11 tmpl=head:AUSBILDUNGSFUNKSPR@4 pos=PWUG | UKWB beta III-IV-VIII rings=AAAA stecker=BM FY GN HT JX KO RV UW
Hybrid gen 9/10 pop=12 blockB_greeks=0
  gen-best  fitness=11/21 tmpl=head:AUSBILDUNGSFUNKSPR@4 IC=0.0352 pos=PWUG | UKWB beta III-IV-VIII rings=AAAA stecker=BM FY GN HT JX KO RV UW
  all-time  fitness=11 tmpl=head:AUSBILDUNGSFUNKSPR@4 pos=PWUG | UKWB beta III-IV-VIII rings=AAAA stecker=BM FY GN HT JX KO RV UW
Hybrid gen 10/10 pop=12 blockB_greeks=0
  gen-best  fitness=11/21 tmpl=head:AUSBILDUNGSFUNKSPR@4 IC=0.0352 pos=PWUG | UKWB beta III-IV-VIII rings=AAAA stecker=BM FY GN HT JX KO RV UW
  all-time  fitness=11 tmpl=head:AUSBILDUNGSFUNKSPR@4 pos=PWUG | UKWB beta III-IV-VIII rings=AAAA stecker=BM FY GN HT JX KO RV UW
ASIC datapath backend: Metal-cleartext-KPA (B=17576 cleartext lanes/Greek)
Stochastic templates: 1 (constrained 21…21)
Shell evolution: ON freeRings=false WO=6 ringSeeds=3 subspace=potsdam-neighbourhood
Block B Greeks (fixed): (none) — fitness higher=better (KPA letter-match)
Hybrid gen 1/10 pop=12 blockB_greeks=0
  gen-best  fitness=8/21 tmpl=head:AUSBILDUNGSFUNKSPR@5 IC=0.0423 pos=UXUH | UKWB gamma IV-III-VIII rings=AAAA stecker=(none)
  all-time  fitness=8 tmpl=head:AUSBILDUNGSFUNKSPR@5 pos=UXUH | UKWB gamma IV-III-VIII rings=AAAA stecker=(none)
Hybrid gen 2/10 pop=12 blockB_greeks=0
  gen-best  fitness=8/21 tmpl=head:AUSBILDUNGSFUNKSPR@5 IC=0.0423 pos=UXUH | UKWB gamma IV-III-VIII rings=AAAA stecker=(none)
  all-time  fitness=8 tmpl=head:AUSBILDUNGSFUNKSPR@5 pos=UXUH | UKWB gamma IV-III-VIII rings=AAAA stecker=(none)
Hybrid gen 3/10 pop=12 blockB_greeks=0
  gen-best  fitness=9/21 tmpl=head:AUSBILDUNGSFUNKSPR@5 IC=0.0395 pos=QYTR | UKWB gamma IV-VIII-III rings=AAAA stecker=BJ EV FS IZ TU
  all-time  fitness=9 tmpl=head:AUSBILDUNGSFUNKSPR@5 pos=QYTR | UKWB gamma IV-VIII-III rings=AAAA stecker=BJ EV FS IZ TU
Hybrid gen 4/10 pop=12 blockB_greeks=0
  gen-best  fitness=9/21 tmpl=head:AUSBILDUNGSFUNKSPR@5 IC=0.0395 pos=QYTR | UKWB gamma IV-VIII-III rings=AAAA stecker=BJ EV FS IZ TU
  all-time  fitness=9 tmpl=head:AUSBILDUNGSFUNKSPR@5 pos=QYTR | UKWB gamma IV-VIII-III rings=AAAA stecker=BJ EV FS IZ TU
Hybrid gen 5/10 pop=12 blockB_greeks=0
  gen-best  fitness=9/21 tmpl=head:AUSBILDUNGSFUNKSPR@5 IC=0.0395 pos=QYTR | UKWB gamma IV-VIII-III rings=AAAA stecker=BJ EV FS IZ TU
  all-time  fitness=9 tmpl=head:AUSBILDUNGSFUNKSPR@5 pos=QYTR | UKWB gamma IV-VIII-III rings=AAAA stecker=BJ EV FS IZ TU
Hybrid gen 6/10 pop=12 blockB_greeks=0
  gen-best  fitness=9/21 tmpl=head:AUSBILDUNGSFUNKSPR@5 IC=0.0395 pos=QYTR | UKWB gamma IV-VIII-III rings=AAAA stecker=BJ EV FS IZ TU
  all-time  fitness=9 tmpl=head:AUSBILDUNGSFUNKSPR@5 pos=QYTR | UKWB gamma IV-VIII-III rings=AAAA stecker=BJ EV FS IZ TU
Hybrid gen 7/10 pop=12 blockB_greeks=0
  gen-best  fitness=9/21 tmpl=head:AUSBILDUNGSFUNKSPR@5 IC=0.0395 pos=QYTR | UKWB gamma IV-VIII-III rings=AAAA stecker=BJ EV FS IZ TU
  all-time  fitness=9 tmpl=head:AUSBILDUNGSFUNKSPR@5 pos=QYTR | UKWB gamma IV-VIII-III rings=AAAA stecker=BJ EV FS IZ TU
Hybrid gen 8/10 pop=12 blockB_greeks=0
  gen-best  fitness=9/21 tmpl=head:AUSBILDUNGSFUNKSPR@5 IC=0.0395 pos=QYTR | UKWB gamma IV-VIII-III rings=AAAA stecker=BJ EV FS IZ TU
  all-time  fitness=9 tmpl=head:AUSBILDUNGSFUNKSPR@5 pos=QYTR | UKWB gamma IV-VIII-III rings=AAAA stecker=BJ EV FS IZ TU
Hybrid gen 9/10 pop=12 blockB_greeks=0
  gen-best  fitness=9/21 tmpl=head:AUSBILDUNGSFUNKSPR@5 IC=0.0395 pos=QYTR | UKWB gamma IV-VIII-III rings=AAAA stecker=BJ EV FS IZ TU
  all-time  fitness=9 tmpl=head:AUSBILDUNGSFUNKSPR@5 pos=QYTR | UKWB gamma IV-VIII-III rings=AAAA stecker=BJ EV FS IZ TU
Hybrid gen 10/10 pop=12 blockB_greeks=0
  gen-best  fitness=9/21 tmpl=head:AUSBILDUNGSFUNKSPR@5 IC=0.0395 pos=QYTR | UKWB gamma IV-VIII-III rings=AAAA stecker=BJ EV FS IZ TU
  all-time  fitness=9 tmpl=head:AUSBILDUNGSFUNKSPR@5 pos=QYTR | UKWB gamma IV-VIII-III rings=AAAA stecker=BJ EV FS IZ TU
ASIC datapath backend: Metal-cleartext-KPA (B=17576 cleartext lanes/Greek)
Stochastic templates: 1 (constrained 20…20)
Shell evolution: ON freeRings=false WO=6 ringSeeds=3 subspace=potsdam-neighbourhood
Block B Greeks (fixed): (none) — fitness higher=better (KPA letter-match)
Hybrid gen 1/10 pop=12 blockB_greeks=0
  gen-best  fitness=8/20 tmpl=head:FUNKUEBUNGFUNKUEBU@0 IC=0.0372 pos=TVTW | UKWB gamma IV-VIII-III rings=AACU stecker=IR OS UV
  all-time  fitness=8 tmpl=head:FUNKUEBUNGFUNKUEBU@0 pos=TVTW | UKWB gamma IV-VIII-III rings=AACU stecker=IR OS UV
Hybrid gen 2/10 pop=12 blockB_greeks=0
  gen-best  fitness=9/20 tmpl=head:FUNKUEBUNGFUNKUEBU@0 IC=0.0395 pos=SHIP | UKWC gamma III-IV-VIII rings=AAAA stecker=AM BN CJ EV FO GZ HY RT SU
  all-time  fitness=9 tmpl=head:FUNKUEBUNGFUNKUEBU@0 pos=SHIP | UKWC gamma III-IV-VIII rings=AAAA stecker=AM BN CJ EV FO GZ HY RT SU
Hybrid gen 3/10 pop=12 blockB_greeks=0
  gen-best  fitness=9/20 tmpl=head:FUNKUEBUNGFUNKUEBU@0 IC=0.0395 pos=SHIP | UKWC gamma III-IV-VIII rings=AAAA stecker=AM BN CJ EV FO GZ HY RT SU
  all-time  fitness=9 tmpl=head:FUNKUEBUNGFUNKUEBU@0 pos=SHIP | UKWC gamma III-IV-VIII rings=AAAA stecker=AM BN CJ EV FO GZ HY RT SU
Hybrid gen 4/10 pop=12 blockB_greeks=0
  gen-best  fitness=9/20 tmpl=head:FUNKUEBUNGFUNKUEBU@0 IC=0.0395 pos=SHIP | UKWC gamma III-IV-VIII rings=AAAA stecker=AM BN CJ EV FO GZ HY RT SU
  all-time  fitness=9 tmpl=head:FUNKUEBUNGFUNKUEBU@0 pos=SHIP | UKWC gamma III-IV-VIII rings=AAAA stecker=AM BN CJ EV FO GZ HY RT SU
Hybrid gen 5/10 pop=12 blockB_greeks=0
  gen-best  fitness=9/20 tmpl=head:FUNKUEBUNGFUNKUEBU@0 IC=0.0395 pos=SHIP | UKWC gamma III-IV-VIII rings=AAAA stecker=AM BN CJ EV FO GZ HY RT SU
  all-time  fitness=9 tmpl=head:FUNKUEBUNGFUNKUEBU@0 pos=SHIP | UKWC gamma III-IV-VIII rings=AAAA stecker=AM BN CJ EV FO GZ HY RT SU
Hybrid gen 6/10 pop=12 blockB_greeks=0
  gen-best  fitness=9/20 tmpl=head:FUNKUEBUNGFUNKUEBU@0 IC=0.0395 pos=SHIP | UKWC gamma III-IV-VIII rings=AAAA stecker=AM BN CJ EV FO GZ HY RT SU
  all-time  fitness=9 tmpl=head:FUNKUEBUNGFUNKUEBU@0 pos=SHIP | UKWC gamma III-IV-VIII rings=AAAA stecker=AM BN CJ EV FO GZ HY RT SU
Hybrid gen 7/10 pop=12 blockB_greeks=0
  gen-best  fitness=10/20 tmpl=head:FUNKUEBUNGFUNKUEBU@0 IC=0.0403 pos=SHIP | UKWC gamma III-IV-VIII rings=AAAA stecker=AM BN CJ DG EV FO HY RT SU
  all-time  fitness=10 tmpl=head:FUNKUEBUNGFUNKUEBU@0 pos=SHIP | UKWC gamma III-IV-VIII rings=AAAA stecker=AM BN CJ DG EV FO HY RT SU
Hybrid gen 8/10 pop=12 blockB_greeks=0
  gen-best  fitness=10/20 tmpl=head:FUNKUEBUNGFUNKUEBU@0 IC=0.0403 pos=SHIP | UKWC gamma III-IV-VIII rings=AAAA stecker=AM BN CJ DG EV FO HY RT SU
  all-time  fitness=10 tmpl=head:FUNKUEBUNGFUNKUEBU@0 pos=SHIP | UKWC gamma III-IV-VIII rings=AAAA stecker=AM BN CJ DG EV FO HY RT SU
Hybrid gen 9/10 pop=12 blockB_greeks=0
  gen-best  fitness=10/20 tmpl=head:FUNKUEBUNGFUNKUEBU@0 IC=0.0403 pos=SHIP | UKWC gamma III-IV-VIII rings=AAAA stecker=AM BN CJ DG EV FO HY RT SU
  all-time  fitness=10 tmpl=head:FUNKUEBUNGFUNKUEBU@0 pos=SHIP | UKWC gamma III-IV-VIII rings=AAAA stecker=AM BN CJ DG EV FO HY RT SU
Hybrid gen 10/10 pop=12 blockB_greeks=0
  gen-best  fitness=10/20 tmpl=head:FUNKUEBUNGFUNKUEBU@0 IC=0.0403 pos=SHIP | UKWC gamma III-IV-VIII rings=AAAA stecker=AM BN CJ DG EV FO HY RT SU
  all-time  fitness=10 tmpl=head:FUNKUEBUNGFUNKUEBU@0 pos=SHIP | UKWC gamma III-IV-VIII rings=AAAA stecker=AM BN CJ DG EV FO HY RT SU
ASIC datapath backend: Metal-cleartext-KPA (B=17576 cleartext lanes/Greek)
Stochastic templates: 1 (constrained 20…20)
Shell evolution: ON freeRings=false WO=6 ringSeeds=3 subspace=potsdam-neighbourhood
Block B Greeks (fixed): (none) — fitness higher=better (KPA letter-match)
Hybrid gen 1/10 pop=12 blockB_greeks=0
  gen-best  fitness=7/20 tmpl=head:FUNKUEBUNGFUNKUEBU@1 IC=0.0442 pos=HVKH | UKWB gamma IV-III-VIII rings=AAAA stecker=(none)
  all-time  fitness=7 tmpl=head:FUNKUEBUNGFUNKUEBU@1 pos=HVKH | UKWB gamma IV-III-VIII rings=AAAA stecker=(none)
Hybrid gen 2/10 pop=12 blockB_greeks=0
  gen-best  fitness=9/20 tmpl=head:FUNKUEBUNGFUNKUEBU@1 IC=0.0383 pos=DTJL | UKWB beta III-VIII-IV rings=AAAA stecker=AI BT CU DW FJ GM HY KL QS
  all-time  fitness=9 tmpl=head:FUNKUEBUNGFUNKUEBU@1 pos=DTJL | UKWB beta III-VIII-IV rings=AAAA stecker=AI BT CU DW FJ GM HY KL QS
Hybrid gen 3/10 pop=12 blockB_greeks=0
  gen-best  fitness=9/20 tmpl=head:FUNKUEBUNGFUNKUEBU@1 IC=0.0383 pos=DTJL | UKWB beta III-VIII-IV rings=AAAA stecker=AI BT CU DW FJ GM HY KL QS
  all-time  fitness=9 tmpl=head:FUNKUEBUNGFUNKUEBU@1 pos=DTJL | UKWB beta III-VIII-IV rings=AAAA stecker=AI BT CU DW FJ GM HY KL QS
Hybrid gen 4/10 pop=12 blockB_greeks=0
  gen-best  fitness=9/20 tmpl=head:FUNKUEBUNGFUNKUEBU@1 IC=0.0383 pos=DTJL | UKWB beta III-VIII-IV rings=AAAA stecker=AI BT CU DW FJ GM HY KL QS
  all-time  fitness=9 tmpl=head:FUNKUEBUNGFUNKUEBU@1 pos=DTJL | UKWB beta III-VIII-IV rings=AAAA stecker=AI BT CU DW FJ GM HY KL QS
Hybrid gen 5/10 pop=12 blockB_greeks=0
  gen-best  fitness=9/20 tmpl=head:FUNKUEBUNGFUNKUEBU@1 IC=0.0383 pos=DTJL | UKWB beta III-VIII-IV rings=AAAA stecker=AI BT CU DW FJ GM HY KL QS
  all-time  fitness=9 tmpl=head:FUNKUEBUNGFUNKUEBU@1 pos=DTJL | UKWB beta III-VIII-IV rings=AAAA stecker=AI BT CU DW FJ GM HY KL QS
Hybrid gen 6/10 pop=12 blockB_greeks=0
  gen-best  fitness=9/20 tmpl=head:FUNKUEBUNGFUNKUEBU@1 IC=0.0383 pos=DTJL | UKWB beta III-VIII-IV rings=AAAA stecker=AI BT CU DW FJ GM HY KL QS
  all-time  fitness=9 tmpl=head:FUNKUEBUNGFUNKUEBU@1 pos=DTJL | UKWB beta III-VIII-IV rings=AAAA stecker=AI BT CU DW FJ GM HY KL QS
Hybrid gen 7/10 pop=12 blockB_greeks=0
  gen-best  fitness=9/20 tmpl=head:FUNKUEBUNGFUNKUEBU@1 IC=0.0383 pos=DTJL | UKWB beta III-VIII-IV rings=AAAA stecker=AI BT CU DW FJ GM HY KL QS
  all-time  fitness=9 tmpl=head:FUNKUEBUNGFUNKUEBU@1 pos=DTJL | UKWB beta III-VIII-IV rings=AAAA stecker=AI BT CU DW FJ GM HY KL QS
Hybrid gen 8/10 pop=12 blockB_greeks=0
  gen-best  fitness=9/20 tmpl=head:FUNKUEBUNGFUNKUEBU@1 IC=0.0383 pos=DTJL | UKWB beta III-VIII-IV rings=AAAA stecker=AI BT CU DW FJ GM HY KL QS
  all-time  fitness=9 tmpl=head:FUNKUEBUNGFUNKUEBU@1 pos=DTJL | UKWB beta III-VIII-IV rings=AAAA stecker=AI BT CU DW FJ GM HY KL QS
Hybrid gen 9/10 pop=12 blockB_greeks=0
  gen-best  fitness=10/20 tmpl=head:FUNKUEBUNGFUNKUEBU@1 IC=0.0364 pos=DEFF | UKWB beta III-VIII-IV rings=AACA stecker=AI BU CT DQ ER FW HP JM LV OS
  all-time  fitness=10 tmpl=head:FUNKUEBUNGFUNKUEBU@1 pos=DEFF | UKWB beta III-VIII-IV rings=AACA stecker=AI BU CT DQ ER FW HP JM LV OS
Hybrid gen 10/10 pop=12 blockB_greeks=0
  gen-best  fitness=10/20 tmpl=head:FUNKUEBUNGFUNKUEBU@1 IC=0.0364 pos=DEFF | UKWB beta III-VIII-IV rings=AACA stecker=AI BU CT DQ ER FW HP JM LV OS
  all-time  fitness=10 tmpl=head:FUNKUEBUNGFUNKUEBU@1 pos=DEFF | UKWB beta III-VIII-IV rings=AACA stecker=AI BU CT DQ ER FW HP JM LV OS
ASIC datapath backend: Metal-cleartext-KPA (B=17576 cleartext lanes/Greek)
Stochastic templates: 1 (constrained 20…20)
Shell evolution: ON freeRings=false WO=6 ringSeeds=3 subspace=potsdam-neighbourhood
Block B Greeks (fixed): (none) — fitness higher=better (KPA letter-match)
Hybrid gen 1/10 pop=12 blockB_greeks=0
  gen-best  fitness=7/20 tmpl=head:FUNKUEBUNGFUNKUEBU@2 IC=0.0368 pos=CCDR | UKWB gamma IV-III-VIII rings=AAAA stecker=(none)
  all-time  fitness=7 tmpl=head:FUNKUEBUNGFUNKUEBU@2 pos=CCDR | UKWB gamma IV-III-VIII rings=AAAA stecker=(none)
Hybrid gen 2/10 pop=12 blockB_greeks=0
  gen-best  fitness=7/20 tmpl=head:FUNKUEBUNGFUNKUEBU@2 IC=0.0368 pos=CCDR | UKWB gamma IV-III-VIII rings=AAAA stecker=(none)
  all-time  fitness=7 tmpl=head:FUNKUEBUNGFUNKUEBU@2 pos=CCDR | UKWB gamma IV-III-VIII rings=AAAA stecker=(none)
Hybrid gen 3/10 pop=12 blockB_greeks=0
  gen-best  fitness=8/20 tmpl=head:FUNKUEBUNGFUNKUEBU@2 IC=0.0462 pos=XVQC | UKWB gamma III-IV-VIII rings=VCCH stecker=BV EL FX GT UZ WY
  all-time  fitness=8 tmpl=head:FUNKUEBUNGFUNKUEBU@2 pos=XVQC | UKWB gamma III-IV-VIII rings=VCCH stecker=BV EL FX GT UZ WY
Hybrid gen 4/10 pop=12 blockB_greeks=0
  gen-best  fitness=8/20 tmpl=head:FUNKUEBUNGFUNKUEBU@2 IC=0.0462 pos=XVQC | UKWB gamma III-IV-VIII rings=VCCH stecker=BV EL FX GT UZ WY
  all-time  fitness=8 tmpl=head:FUNKUEBUNGFUNKUEBU@2 pos=XVQC | UKWB gamma III-IV-VIII rings=VCCH stecker=BV EL FX GT UZ WY
Hybrid gen 5/10 pop=12 blockB_greeks=0
  gen-best  fitness=8/20 tmpl=head:FUNKUEBUNGFUNKUEBU@2 IC=0.0462 pos=XVQC | UKWB gamma III-IV-VIII rings=VCCH stecker=BV EL FX GT UZ WY
  all-time  fitness=8 tmpl=head:FUNKUEBUNGFUNKUEBU@2 pos=XVQC | UKWB gamma III-IV-VIII rings=VCCH stecker=BV EL FX GT UZ WY
Hybrid gen 6/10 pop=12 blockB_greeks=0
  gen-best  fitness=9/20 tmpl=head:FUNKUEBUNGFUNKUEBU@2 IC=0.0415 pos=MQKD | UKWB gamma IV-III-VIII rings=ACAA stecker=AO DX MU QS
  all-time  fitness=9 tmpl=head:FUNKUEBUNGFUNKUEBU@2 pos=MQKD | UKWB gamma IV-III-VIII rings=ACAA stecker=AO DX MU QS
Hybrid gen 7/10 pop=12 blockB_greeks=0
  gen-best  fitness=9/20 tmpl=head:FUNKUEBUNGFUNKUEBU@2 IC=0.0415 pos=MQKD | UKWB gamma IV-III-VIII rings=ACAA stecker=AO DX MU QS
  all-time  fitness=9 tmpl=head:FUNKUEBUNGFUNKUEBU@2 pos=MQKD | UKWB gamma IV-III-VIII rings=ACAA stecker=AO DX MU QS
Hybrid gen 8/10 pop=12 blockB_greeks=0
  gen-best  fitness=9/20 tmpl=head:FUNKUEBUNGFUNKUEBU@2 IC=0.0415 pos=MQKD | UKWB gamma IV-III-VIII rings=ACAA stecker=AO DX MU QS
  all-time  fitness=9 tmpl=head:FUNKUEBUNGFUNKUEBU@2 pos=MQKD | UKWB gamma IV-III-VIII rings=ACAA stecker=AO DX MU QS
Hybrid gen 9/10 pop=12 blockB_greeks=0
  gen-best  fitness=9/20 tmpl=head:FUNKUEBUNGFUNKUEBU@2 IC=0.0415 pos=MQKD | UKWB gamma IV-III-VIII rings=ACAA stecker=AO DX MU QS
  all-time  fitness=9 tmpl=head:FUNKUEBUNGFUNKUEBU@2 pos=MQKD | UKWB gamma IV-III-VIII rings=ACAA stecker=AO DX MU QS
Hybrid gen 10/10 pop=12 blockB_greeks=0
  gen-best  fitness=10/20 tmpl=head:FUNKUEBUNGFUNKUEBU@2 IC=0.0423 pos=MQKD | UKWB gamma IV-III-VIII rings=ACAA stecker=BF DX MU QS
  all-time  fitness=10 tmpl=head:FUNKUEBUNGFUNKUEBU@2 pos=MQKD | UKWB gamma IV-III-VIII rings=ACAA stecker=BF DX MU QS
ASIC datapath backend: Metal-cleartext-KPA (B=17576 cleartext lanes/Greek)
Stochastic templates: 1 (constrained 20…20)
Shell evolution: ON freeRings=false WO=6 ringSeeds=3 subspace=potsdam-neighbourhood
Block B Greeks (fixed): (none) — fitness higher=better (KPA letter-match)
Hybrid gen 1/10 pop=12 blockB_greeks=0
  gen-best  fitness=8/20 tmpl=head:FUNKUEBUNGFUNKUEBU@3 IC=0.0368 pos=GPDO | UKWC beta IV-VIII-III rings=VCCH stecker=AY CG FV MR PT
  all-time  fitness=8 tmpl=head:FUNKUEBUNGFUNKUEBU@3 pos=GPDO | UKWC beta IV-VIII-III rings=VCCH stecker=AY CG FV MR PT
Hybrid gen 2/10 pop=12 blockB_greeks=0
  gen-best  fitness=9/20 tmpl=head:FUNKUEBUNGFUNKUEBU@3 IC=0.0352 pos=ZBDI | UKWC gamma IV-VIII-III rings=AACU stecker=AV BH IQ PW
  all-time  fitness=9 tmpl=head:FUNKUEBUNGFUNKUEBU@3 pos=ZBDI | UKWC gamma IV-VIII-III rings=AACU stecker=AV BH IQ PW
Hybrid gen 3/10 pop=12 blockB_greeks=0
  gen-best  fitness=10/20 tmpl=head:FUNKUEBUNGFUNKUEBU@3 IC=0.0344 pos=ZBDI | UKWC gamma IV-VIII-III rings=AACU stecker=AV BH PW XZ
  all-time  fitness=10 tmpl=head:FUNKUEBUNGFUNKUEBU@3 pos=ZBDI | UKWC gamma IV-VIII-III rings=AACU stecker=AV BH PW XZ
Hybrid gen 4/10 pop=12 blockB_greeks=0
  gen-best  fitness=10/20 tmpl=head:FUNKUEBUNGFUNKUEBU@3 IC=0.0344 pos=ZBDI | UKWC gamma IV-VIII-III rings=AACU stecker=AV BH PW XZ
  all-time  fitness=10 tmpl=head:FUNKUEBUNGFUNKUEBU@3 pos=ZBDI | UKWC gamma IV-VIII-III rings=AACU stecker=AV BH PW XZ
Hybrid gen 5/10 pop=12 blockB_greeks=0
  gen-best  fitness=10/20 tmpl=head:FUNKUEBUNGFUNKUEBU@3 IC=0.0344 pos=ZBDI | UKWC gamma IV-VIII-III rings=AACU stecker=AV BH PW XZ
  all-time  fitness=10 tmpl=head:FUNKUEBUNGFUNKUEBU@3 pos=ZBDI | UKWC gamma IV-VIII-III rings=AACU stecker=AV BH PW XZ
Hybrid gen 6/10 pop=12 blockB_greeks=0
  gen-best  fitness=10/20 tmpl=head:FUNKUEBUNGFUNKUEBU@3 IC=0.0344 pos=ZBDI | UKWC gamma IV-VIII-III rings=AACU stecker=AV BH PW XZ
  all-time  fitness=10 tmpl=head:FUNKUEBUNGFUNKUEBU@3 pos=ZBDI | UKWC gamma IV-VIII-III rings=AACU stecker=AV BH PW XZ
Hybrid gen 7/10 pop=12 blockB_greeks=0
  gen-best  fitness=10/20 tmpl=head:FUNKUEBUNGFUNKUEBU@3 IC=0.0344 pos=ZBDI | UKWC gamma IV-VIII-III rings=AACU stecker=AV BH PW XZ
  all-time  fitness=10 tmpl=head:FUNKUEBUNGFUNKUEBU@3 pos=ZBDI | UKWC gamma IV-VIII-III rings=AACU stecker=AV BH PW XZ
Hybrid gen 8/10 pop=12 blockB_greeks=0
  gen-best  fitness=10/20 tmpl=head:FUNKUEBUNGFUNKUEBU@3 IC=0.0344 pos=ZBDI | UKWC gamma IV-VIII-III rings=AACU stecker=AV BH PW XZ
  all-time  fitness=10 tmpl=head:FUNKUEBUNGFUNKUEBU@3 pos=ZBDI | UKWC gamma IV-VIII-III rings=AACU stecker=AV BH PW XZ
Hybrid gen 9/10 pop=12 blockB_greeks=0
  gen-best  fitness=10/20 tmpl=head:FUNKUEBUNGFUNKUEBU@3 IC=0.0344 pos=ZBDI | UKWC gamma IV-VIII-III rings=AACU stecker=AV BH PW XZ
  all-time  fitness=10 tmpl=head:FUNKUEBUNGFUNKUEBU@3 pos=ZBDI | UKWC gamma IV-VIII-III rings=AACU stecker=AV BH PW XZ
Hybrid gen 10/10 pop=12 blockB_greeks=0
  gen-best  fitness=10/20 tmpl=head:FUNKUEBUNGFUNKUEBU@3 IC=0.0344 pos=ZBDI | UKWC gamma IV-VIII-III rings=AACU stecker=AV BH PW XZ
  all-time  fitness=10 tmpl=head:FUNKUEBUNGFUNKUEBU@3 pos=ZBDI | UKWC gamma IV-VIII-III rings=AACU stecker=AV BH PW XZ
ASIC datapath backend: Metal-cleartext-KPA (B=17576 cleartext lanes/Greek)
Stochastic templates: 1 (constrained 20…20)
Shell evolution: ON freeRings=false WO=6 ringSeeds=3 subspace=potsdam-neighbourhood
Block B Greeks (fixed): (none) — fitness higher=better (KPA letter-match)
Hybrid gen 1/10 pop=12 blockB_greeks=0
  gen-best  fitness=8/20 tmpl=head:FUNKUEBUNGFUNKUEBU@4 IC=0.0426 pos=VLJS | UKWB gamma VIII-III-IV rings=AAAA stecker=(none)
  all-time  fitness=8 tmpl=head:FUNKUEBUNGFUNKUEBU@4 pos=VLJS | UKWB gamma VIII-III-IV rings=AAAA stecker=(none)
Hybrid gen 2/10 pop=12 blockB_greeks=0
  gen-best  fitness=8/20 tmpl=head:FUNKUEBUNGFUNKUEBU@4 IC=0.0426 pos=VLJS | UKWB gamma VIII-III-IV rings=AAAA stecker=(none)
  all-time  fitness=8 tmpl=head:FUNKUEBUNGFUNKUEBU@4 pos=VLJS | UKWB gamma VIII-III-IV rings=AAAA stecker=(none)
Hybrid gen 3/10 pop=12 blockB_greeks=0
  gen-best  fitness=8/20 tmpl=head:FUNKUEBUNGFUNKUEBU@4 IC=0.0426 pos=VLJS | UKWB gamma VIII-III-IV rings=AAAA stecker=(none)
  all-time  fitness=8 tmpl=head:FUNKUEBUNGFUNKUEBU@4 pos=VLJS | UKWB gamma VIII-III-IV rings=AAAA stecker=(none)
Hybrid gen 4/10 pop=12 blockB_greeks=0
  gen-best  fitness=9/20 tmpl=head:FUNKUEBUNGFUNKUEBU@4 IC=0.0403 pos=VLJS | UKWB gamma VIII-III-IV rings=AAAA stecker=NR
  all-time  fitness=9 tmpl=head:FUNKUEBUNGFUNKUEBU@4 pos=VLJS | UKWB gamma VIII-III-IV rings=AAAA stecker=NR
Hybrid gen 5/10 pop=12 blockB_greeks=0
  gen-best  fitness=9/20 tmpl=head:FUNKUEBUNGFUNKUEBU@4 IC=0.0403 pos=VLJS | UKWB gamma VIII-III-IV rings=AAAA stecker=NR
  all-time  fitness=9 tmpl=head:FUNKUEBUNGFUNKUEBU@4 pos=VLJS | UKWB gamma VIII-III-IV rings=AAAA stecker=NR
Hybrid gen 6/10 pop=12 blockB_greeks=0
  gen-best  fitness=9/20 tmpl=head:FUNKUEBUNGFUNKUEBU@4 IC=0.0403 pos=VLJS | UKWB gamma VIII-III-IV rings=AAAA stecker=NR
  all-time  fitness=9 tmpl=head:FUNKUEBUNGFUNKUEBU@4 pos=VLJS | UKWB gamma VIII-III-IV rings=AAAA stecker=NR
Hybrid gen 7/10 pop=12 blockB_greeks=0
  gen-best  fitness=9/20 tmpl=head:FUNKUEBUNGFUNKUEBU@4 IC=0.0403 pos=VLJS | UKWB gamma VIII-III-IV rings=AAAA stecker=NR
  all-time  fitness=9 tmpl=head:FUNKUEBUNGFUNKUEBU@4 pos=VLJS | UKWB gamma VIII-III-IV rings=AAAA stecker=NR
Hybrid gen 8/10 pop=12 blockB_greeks=0
  gen-best  fitness=9/20 tmpl=head:FUNKUEBUNGFUNKUEBU@4 IC=0.0403 pos=VLJS | UKWB gamma VIII-III-IV rings=AAAA stecker=NR
  all-time  fitness=9 tmpl=head:FUNKUEBUNGFUNKUEBU@4 pos=VLJS | UKWB gamma VIII-III-IV rings=AAAA stecker=NR
Hybrid gen 9/10 pop=12 blockB_greeks=0
  gen-best  fitness=9/20 tmpl=head:FUNKUEBUNGFUNKUEBU@4 IC=0.0403 pos=VLJS | UKWB gamma VIII-III-IV rings=AAAA stecker=NR
  all-time  fitness=9 tmpl=head:FUNKUEBUNGFUNKUEBU@4 pos=VLJS | UKWB gamma VIII-III-IV rings=AAAA stecker=NR
Hybrid gen 10/10 pop=12 blockB_greeks=0
  gen-best  fitness=10/20 tmpl=head:FUNKUEBUNGFUNKUEBU@4 IC=0.0442 pos=GKRG | UKWB gamma IV-III-VIII rings=AAAA stecker=HY RU
  all-time  fitness=10 tmpl=head:FUNKUEBUNGFUNKUEBU@4 pos=GKRG | UKWB gamma IV-III-VIII rings=AAAA stecker=HY RU
ASIC datapath backend: Metal-cleartext-KPA (B=17576 cleartext lanes/Greek)
Stochastic templates: 1 (constrained 20…20)
Shell evolution: ON freeRings=false WO=6 ringSeeds=3 subspace=potsdam-neighbourhood
Block B Greeks (fixed): (none) — fitness higher=better (KPA letter-match)
Hybrid gen 1/10 pop=12 blockB_greeks=0
  gen-best  fitness=8/20 tmpl=head:FUNKUEBUNGFUNKUEBU@5 IC=0.0434 pos=XOII | UKWC beta VIII-IV-III rings=AACU stecker=AL CE DN GW HV IX KU MT PZ SY
  all-time  fitness=8 tmpl=head:FUNKUEBUNGFUNKUEBU@5 pos=XOII | UKWC beta VIII-IV-III rings=AACU stecker=AL CE DN GW HV IX KU MT PZ SY
Hybrid gen 2/10 pop=12 blockB_greeks=0
  gen-best  fitness=8/20 tmpl=head:FUNKUEBUNGFUNKUEBU@5 IC=0.0434 pos=XOII | UKWC beta VIII-IV-III rings=AACU stecker=AL CE DN GW HV IX KU MT PZ SY
  all-time  fitness=8 tmpl=head:FUNKUEBUNGFUNKUEBU@5 pos=XOII | UKWC beta VIII-IV-III rings=AACU stecker=AL CE DN GW HV IX KU MT PZ SY
Hybrid gen 3/10 pop=12 blockB_greeks=0
  gen-best  fitness=8/20 tmpl=head:FUNKUEBUNGFUNKUEBU@5 IC=0.0434 pos=XOII | UKWC beta VIII-IV-III rings=AACU stecker=AL CE DN GW HV IX KU MT PZ SY
  all-time  fitness=8 tmpl=head:FUNKUEBUNGFUNKUEBU@5 pos=XOII | UKWC beta VIII-IV-III rings=AACU stecker=AL CE DN GW HV IX KU MT PZ SY
Hybrid gen 4/10 pop=12 blockB_greeks=0
  gen-best  fitness=8/20 tmpl=head:FUNKUEBUNGFUNKUEBU@5 IC=0.0434 pos=XOII | UKWC beta VIII-IV-III rings=AACU stecker=AL CE DN GW HV IX KU MT PZ SY
  all-time  fitness=8 tmpl=head:FUNKUEBUNGFUNKUEBU@5 pos=XOII | UKWC beta VIII-IV-III rings=AACU stecker=AL CE DN GW HV IX KU MT PZ SY
Hybrid gen 5/10 pop=12 blockB_greeks=0
  gen-best  fitness=8/20 tmpl=head:FUNKUEBUNGFUNKUEBU@5 IC=0.0434 pos=XOII | UKWC beta VIII-IV-III rings=AACU stecker=AL CE DN GW HV IX KU MT PZ SY
  all-time  fitness=8 tmpl=head:FUNKUEBUNGFUNKUEBU@5 pos=XOII | UKWC beta VIII-IV-III rings=AACU stecker=AL CE DN GW HV IX KU MT PZ SY
Hybrid gen 6/10 pop=12 blockB_greeks=0
  gen-best  fitness=8/20 tmpl=head:FUNKUEBUNGFUNKUEBU@5 IC=0.0434 pos=XOII | UKWC beta VIII-IV-III rings=AACU stecker=AL CE DN GW HV IX KU MT PZ SY
  all-time  fitness=8 tmpl=head:FUNKUEBUNGFUNKUEBU@5 pos=XOII | UKWC beta VIII-IV-III rings=AACU stecker=AL CE DN GW HV IX KU MT PZ SY
Hybrid gen 7/10 pop=12 blockB_greeks=0
  gen-best  fitness=8/20 tmpl=head:FUNKUEBUNGFUNKUEBU@5 IC=0.0434 pos=XOII | UKWC beta VIII-IV-III rings=AACU stecker=AL CE DN GW HV IX KU MT PZ SY
  all-time  fitness=8 tmpl=head:FUNKUEBUNGFUNKUEBU@5 pos=XOII | UKWC beta VIII-IV-III rings=AACU stecker=AL CE DN GW HV IX KU MT PZ SY
Hybrid gen 8/10 pop=12 blockB_greeks=0
  gen-best  fitness=8/20 tmpl=head:FUNKUEBUNGFUNKUEBU@5 IC=0.0434 pos=XOII | UKWC beta VIII-IV-III rings=AACU stecker=AL CE DN GW HV IX KU MT PZ SY
  all-time  fitness=8 tmpl=head:FUNKUEBUNGFUNKUEBU@5 pos=XOII | UKWC beta VIII-IV-III rings=AACU stecker=AL CE DN GW HV IX KU MT PZ SY
Hybrid gen 9/10 pop=12 blockB_greeks=0
  gen-best  fitness=8/20 tmpl=head:FUNKUEBUNGFUNKUEBU@5 IC=0.0434 pos=XOII | UKWC beta VIII-IV-III rings=AACU stecker=AL CE DN GW HV IX KU MT PZ SY
  all-time  fitness=8 tmpl=head:FUNKUEBUNGFUNKUEBU@5 pos=XOII | UKWC beta VIII-IV-III rings=AACU stecker=AL CE DN GW HV IX KU MT PZ SY
Hybrid gen 10/10 pop=12 blockB_greeks=0
  gen-best  fitness=8/20 tmpl=head:FUNKUEBUNGFUNKUEBU@5 IC=0.0434 pos=XOII | UKWC beta VIII-IV-III rings=AACU stecker=AL CE DN GW HV IX KU MT PZ SY
  all-time  fitness=8 tmpl=head:FUNKUEBUNGFUNKUEBU@5 pos=XOII | UKWC beta VIII-IV-III rings=AACU stecker=AL CE DN GW HV IX KU MT PZ SY
ASIC datapath backend: Metal-cleartext-KPA (B=17576 cleartext lanes/Greek)
Stochastic templates: 1 (constrained 18…18)
Shell evolution: ON freeRings=false WO=6 ringSeeds=3 subspace=potsdam-neighbourhood
Block B Greeks (fixed): (none) — fitness higher=better (KPA letter-match)
Hybrid gen 1/10 pop=12 blockB_greeks=0
  gen-best  fitness=7/18 tmpl=head:LEHRGANGFUNKSPRUCH@0 IC=0.0309 pos=ABPE | UKWB gamma IV-III-VIII rings=AAAA stecker=(none)
  all-time  fitness=7 tmpl=head:LEHRGANGFUNKSPRUCH@0 pos=ABPE | UKWB gamma IV-III-VIII rings=AAAA stecker=(none)
Hybrid gen 2/10 pop=12 blockB_greeks=0
  gen-best  fitness=7/18 tmpl=head:LEHRGANGFUNKSPRUCH@0 IC=0.0309 pos=ABPE | UKWB gamma IV-III-VIII rings=AAAA stecker=(none)
  all-time  fitness=7 tmpl=head:LEHRGANGFUNKSPRUCH@0 pos=ABPE | UKWB gamma IV-III-VIII rings=AAAA stecker=(none)
Hybrid gen 3/10 pop=12 blockB_greeks=0
  gen-best  fitness=7/18 tmpl=head:LEHRGANGFUNKSPRUCH@0 IC=0.0309 pos=ABPE | UKWB gamma IV-III-VIII rings=AAAA stecker=(none)
  all-time  fitness=7 tmpl=head:LEHRGANGFUNKSPRUCH@0 pos=ABPE | UKWB gamma IV-III-VIII rings=AAAA stecker=(none)
Hybrid gen 4/10 pop=12 blockB_greeks=0
  gen-best  fitness=7/18 tmpl=head:LEHRGANGFUNKSPRUCH@0 IC=0.0309 pos=ABPE | UKWB gamma IV-III-VIII rings=AAAA stecker=(none)
  all-time  fitness=7 tmpl=head:LEHRGANGFUNKSPRUCH@0 pos=ABPE | UKWB gamma IV-III-VIII rings=AAAA stecker=(none)
Hybrid gen 5/10 pop=12 blockB_greeks=0
  gen-best  fitness=8/18 tmpl=head:LEHRGANGFUNKSPRUCH@0 IC=0.0376 pos=YGYV | UKWC beta III-VIII-IV rings=AACU stecker=AM BU DF GV HY JS KR LT NQ OZ
  all-time  fitness=8 tmpl=head:LEHRGANGFUNKSPRUCH@0 pos=YGYV | UKWC beta III-VIII-IV rings=AACU stecker=AM BU DF GV HY JS KR LT NQ OZ
Hybrid gen 6/10 pop=12 blockB_greeks=0
  gen-best  fitness=8/18 tmpl=head:LEHRGANGFUNKSPRUCH@0 IC=0.0376 pos=YGYV | UKWC beta III-VIII-IV rings=AACU stecker=AM BU DF GV HY JS KR LT NQ OZ
  all-time  fitness=8 tmpl=head:LEHRGANGFUNKSPRUCH@0 pos=YGYV | UKWC beta III-VIII-IV rings=AACU stecker=AM BU DF GV HY JS KR LT NQ OZ
Hybrid gen 7/10 pop=12 blockB_greeks=0
  gen-best  fitness=8/18 tmpl=head:LEHRGANGFUNKSPRUCH@0 IC=0.0376 pos=YGYV | UKWC beta III-VIII-IV rings=AACU stecker=AM BU DF GV HY JS KR LT NQ OZ
  all-time  fitness=8 tmpl=head:LEHRGANGFUNKSPRUCH@0 pos=YGYV | UKWC beta III-VIII-IV rings=AACU stecker=AM BU DF GV HY JS KR LT NQ OZ
Hybrid gen 8/10 pop=12 blockB_greeks=0
  gen-best  fitness=8/18 tmpl=head:LEHRGANGFUNKSPRUCH@0 IC=0.0376 pos=YGYV | UKWC beta III-VIII-IV rings=AACU stecker=AM BU DF GV HY JS KR LT NQ OZ
  all-time  fitness=8 tmpl=head:LEHRGANGFUNKSPRUCH@0 pos=YGYV | UKWC beta III-VIII-IV rings=AACU stecker=AM BU DF GV HY JS KR LT NQ OZ
Hybrid gen 9/10 pop=12 blockB_greeks=0
  gen-best  fitness=8/18 tmpl=head:LEHRGANGFUNKSPRUCH@0 IC=0.0376 pos=YGYV | UKWC beta III-VIII-IV rings=AACU stecker=AM BU DF GV HY JS KR LT NQ OZ
  all-time  fitness=8 tmpl=head:LEHRGANGFUNKSPRUCH@0 pos=YGYV | UKWC beta III-VIII-IV rings=AACU stecker=AM BU DF GV HY JS KR LT NQ OZ
Hybrid gen 10/10 pop=12 blockB_greeks=0
  gen-best  fitness=8/18 tmpl=head:LEHRGANGFUNKSPRUCH@0 IC=0.0376 pos=YGYV | UKWC beta III-VIII-IV rings=AACU stecker=AM BU DF GV HY JS KR LT NQ OZ
  all-time  fitness=8 tmpl=head:LEHRGANGFUNKSPRUCH@0 pos=YGYV | UKWC beta III-VIII-IV rings=AACU stecker=AM BU DF GV HY JS KR LT NQ OZ
ASIC datapath backend: Metal-cleartext-KPA (B=17576 cleartext lanes/Greek)
Stochastic templates: 1 (constrained 18…18)
Shell evolution: ON freeRings=false WO=6 ringSeeds=3 subspace=potsdam-neighbourhood
Block B Greeks (fixed): (none) — fitness higher=better (KPA letter-match)
Hybrid gen 1/10 pop=12 blockB_greeks=0
  gen-best  fitness=7/18 tmpl=head:LEHRGANGFUNKSPRUCH@1 IC=0.0387 pos=QVYL | UKWB gamma IV-III-VIII rings=AAAA stecker=(none)
  all-time  fitness=7 tmpl=head:LEHRGANGFUNKSPRUCH@1 pos=QVYL | UKWB gamma IV-III-VIII rings=AAAA stecker=(none)
Hybrid gen 2/10 pop=12 blockB_greeks=0
  gen-best  fitness=8/18 tmpl=head:LEHRGANGFUNKSPRUCH@1 IC=0.0340 pos=EWJC | UKWC gamma III-IV-VIII rings=AACU stecker=FQ JW MY NO PT
  all-time  fitness=8 tmpl=head:LEHRGANGFUNKSPRUCH@1 pos=EWJC | UKWC gamma III-IV-VIII rings=AACU stecker=FQ JW MY NO PT
Hybrid gen 3/10 pop=12 blockB_greeks=0
  gen-best  fitness=8/18 tmpl=head:LEHRGANGFUNKSPRUCH@1 IC=0.0340 pos=EWJC | UKWC gamma III-IV-VIII rings=AACU stecker=FQ JW MY NO PT
  all-time  fitness=8 tmpl=head:LEHRGANGFUNKSPRUCH@1 pos=EWJC | UKWC gamma III-IV-VIII rings=AACU stecker=FQ JW MY NO PT
Hybrid gen 4/10 pop=12 blockB_greeks=0
  gen-best  fitness=8/18 tmpl=head:LEHRGANGFUNKSPRUCH@1 IC=0.0340 pos=EWJC | UKWC gamma III-IV-VIII rings=AACU stecker=FQ JW MY NO PT
  all-time  fitness=8 tmpl=head:LEHRGANGFUNKSPRUCH@1 pos=EWJC | UKWC gamma III-IV-VIII rings=AACU stecker=FQ JW MY NO PT
Hybrid gen 5/10 pop=12 blockB_greeks=0
  gen-best  fitness=8/18 tmpl=head:LEHRGANGFUNKSPRUCH@1 IC=0.0340 pos=EWJC | UKWC gamma III-IV-VIII rings=AACU stecker=FQ JW MY NO PT
  all-time  fitness=8 tmpl=head:LEHRGANGFUNKSPRUCH@1 pos=EWJC | UKWC gamma III-IV-VIII rings=AACU stecker=FQ JW MY NO PT
Hybrid gen 6/10 pop=12 blockB_greeks=0
  gen-best  fitness=8/18 tmpl=head:LEHRGANGFUNKSPRUCH@1 IC=0.0340 pos=EWJC | UKWC gamma III-IV-VIII rings=AACU stecker=FQ JW MY NO PT
  all-time  fitness=8 tmpl=head:LEHRGANGFUNKSPRUCH@1 pos=EWJC | UKWC gamma III-IV-VIII rings=AACU stecker=FQ JW MY NO PT
Hybrid gen 7/10 pop=12 blockB_greeks=0
  gen-best  fitness=9/18 tmpl=head:LEHRGANGFUNKSPRUCH@1 IC=0.0360 pos=TJOC | UKWC gamma VIII-IV-III rings=VCCH stecker=FH OP
  all-time  fitness=9 tmpl=head:LEHRGANGFUNKSPRUCH@1 pos=TJOC | UKWC gamma VIII-IV-III rings=VCCH stecker=FH OP
Hybrid gen 8/10 pop=12 blockB_greeks=0
  gen-best  fitness=9/18 tmpl=head:LEHRGANGFUNKSPRUCH@1 IC=0.0360 pos=TJOC | UKWC gamma VIII-IV-III rings=VCCH stecker=FH OP
  all-time  fitness=9 tmpl=head:LEHRGANGFUNKSPRUCH@1 pos=TJOC | UKWC gamma VIII-IV-III rings=VCCH stecker=FH OP
Hybrid gen 9/10 pop=12 blockB_greeks=0
  gen-best  fitness=9/18 tmpl=head:LEHRGANGFUNKSPRUCH@1 IC=0.0360 pos=TJOC | UKWC gamma VIII-IV-III rings=VCCH stecker=FH OP
  all-time  fitness=9 tmpl=head:LEHRGANGFUNKSPRUCH@1 pos=TJOC | UKWC gamma VIII-IV-III rings=VCCH stecker=FH OP
Hybrid gen 10/10 pop=12 blockB_greeks=0
  gen-best  fitness=9/18 tmpl=head:LEHRGANGFUNKSPRUCH@1 IC=0.0360 pos=TJOC | UKWC gamma VIII-IV-III rings=VCCH stecker=FH OP
  all-time  fitness=9 tmpl=head:LEHRGANGFUNKSPRUCH@1 pos=TJOC | UKWC gamma VIII-IV-III rings=VCCH stecker=FH OP
ASIC datapath backend: Metal-cleartext-KPA (B=17576 cleartext lanes/Greek)
Stochastic templates: 1 (constrained 18…18)
Shell evolution: ON freeRings=false WO=6 ringSeeds=3 subspace=potsdam-neighbourhood
Block B Greeks (fixed): (none) — fitness higher=better (KPA letter-match)
Hybrid gen 1/10 pop=12 blockB_greeks=0
  gen-best  fitness=7/18 tmpl=head:LEHRGANGFUNKSPRUCH@2 IC=0.0383 pos=HUXZ | UKWB gamma IV-III-VIII rings=AAAA stecker=(none)
  all-time  fitness=7 tmpl=head:LEHRGANGFUNKSPRUCH@2 pos=HUXZ | UKWB gamma IV-III-VIII rings=AAAA stecker=(none)
Hybrid gen 2/10 pop=12 blockB_greeks=0
  gen-best  fitness=8/18 tmpl=head:LEHRGANGFUNKSPRUCH@2 IC=0.0391 pos=ZFJG | UKWB gamma IV-III-VIII rings=AAAA stecker=KU
  all-time  fitness=8 tmpl=head:LEHRGANGFUNKSPRUCH@2 pos=ZFJG | UKWB gamma IV-III-VIII rings=AAAA stecker=KU
Hybrid gen 3/10 pop=12 blockB_greeks=0
  gen-best  fitness=8/18 tmpl=head:LEHRGANGFUNKSPRUCH@2 IC=0.0391 pos=ZFJG | UKWB gamma IV-III-VIII rings=AAAA stecker=KU
  all-time  fitness=8 tmpl=head:LEHRGANGFUNKSPRUCH@2 pos=ZFJG | UKWB gamma IV-III-VIII rings=AAAA stecker=KU
Hybrid gen 4/10 pop=12 blockB_greeks=0
  gen-best  fitness=8/18 tmpl=head:LEHRGANGFUNKSPRUCH@2 IC=0.0391 pos=ZFJG | UKWB gamma IV-III-VIII rings=AAAA stecker=KU
  all-time  fitness=8 tmpl=head:LEHRGANGFUNKSPRUCH@2 pos=ZFJG | UKWB gamma IV-III-VIII rings=AAAA stecker=KU
Hybrid gen 5/10 pop=12 blockB_greeks=0
  gen-best  fitness=8/18 tmpl=head:LEHRGANGFUNKSPRUCH@2 IC=0.0391 pos=ZFJG | UKWB gamma IV-III-VIII rings=AAAA stecker=KU
  all-time  fitness=8 tmpl=head:LEHRGANGFUNKSPRUCH@2 pos=ZFJG | UKWB gamma IV-III-VIII rings=AAAA stecker=KU
Hybrid gen 6/10 pop=12 blockB_greeks=0
  gen-best  fitness=8/18 tmpl=head:LEHRGANGFUNKSPRUCH@2 IC=0.0391 pos=ZFJG | UKWB gamma IV-III-VIII rings=AAAA stecker=KU
  all-time  fitness=8 tmpl=head:LEHRGANGFUNKSPRUCH@2 pos=ZFJG | UKWB gamma IV-III-VIII rings=AAAA stecker=KU
Hybrid gen 7/10 pop=12 blockB_greeks=0
  gen-best  fitness=9/18 tmpl=head:LEHRGANGFUNKSPRUCH@2 IC=0.0399 pos=ZFJG | UKWB gamma IV-III-VIII rings=AAAA stecker=DX KU
  all-time  fitness=9 tmpl=head:LEHRGANGFUNKSPRUCH@2 pos=ZFJG | UKWB gamma IV-III-VIII rings=AAAA stecker=DX KU
Hybrid gen 8/10 pop=12 blockB_greeks=0
  gen-best  fitness=9/18 tmpl=head:LEHRGANGFUNKSPRUCH@2 IC=0.0399 pos=ZFJG | UKWB gamma IV-III-VIII rings=AAAA stecker=DX KU
  all-time  fitness=9 tmpl=head:LEHRGANGFUNKSPRUCH@2 pos=ZFJG | UKWB gamma IV-III-VIII rings=AAAA stecker=DX KU
Hybrid gen 9/10 pop=12 blockB_greeks=0
  gen-best  fitness=9/18 tmpl=head:LEHRGANGFUNKSPRUCH@2 IC=0.0399 pos=ZFJG | UKWB gamma IV-III-VIII rings=AAAA stecker=DX KU
  all-time  fitness=9 tmpl=head:LEHRGANGFUNKSPRUCH@2 pos=ZFJG | UKWB gamma IV-III-VIII rings=AAAA stecker=DX KU
Hybrid gen 10/10 pop=12 blockB_greeks=0
  gen-best  fitness=9/18 tmpl=head:LEHRGANGFUNKSPRUCH@2 IC=0.0399 pos=ZFJG | UKWB gamma IV-III-VIII rings=AAAA stecker=DX KU
  all-time  fitness=9 tmpl=head:LEHRGANGFUNKSPRUCH@2 pos=ZFJG | UKWB gamma IV-III-VIII rings=AAAA stecker=DX KU
ASIC datapath backend: Metal-cleartext-KPA (B=17576 cleartext lanes/Greek)
Stochastic templates: 1 (constrained 18…18)
Shell evolution: ON freeRings=false WO=6 ringSeeds=3 subspace=potsdam-neighbourhood
Block B Greeks (fixed): (none) — fitness higher=better (KPA letter-match)
Hybrid gen 1/10 pop=12 blockB_greeks=0
  gen-best  fitness=8/18 tmpl=head:LEHRGANGFUNKSPRUCH@3 IC=0.0376 pos=DOLN | UKWC gamma VIII-IV-III rings=AAAA stecker=BQ CF HR JT
  all-time  fitness=8 tmpl=head:LEHRGANGFUNKSPRUCH@3 pos=DOLN | UKWC gamma VIII-IV-III rings=AAAA stecker=BQ CF HR JT
Hybrid gen 2/10 pop=12 blockB_greeks=0
  gen-best  fitness=9/18 tmpl=head:LEHRGANGFUNKSPRUCH@3 IC=0.0340 pos=DOLN | UKWC gamma VIII-IV-III rings=AAAA stecker=CF HR JT PQ
  all-time  fitness=9 tmpl=head:LEHRGANGFUNKSPRUCH@3 pos=DOLN | UKWC gamma VIII-IV-III rings=AAAA stecker=CF HR JT PQ
Hybrid gen 3/10 pop=12 blockB_greeks=0
  gen-best  fitness=9/18 tmpl=head:LEHRGANGFUNKSPRUCH@3 IC=0.0340 pos=DOLN | UKWC gamma VIII-IV-III rings=AAAA stecker=CF HR JT PQ
  all-time  fitness=9 tmpl=head:LEHRGANGFUNKSPRUCH@3 pos=DOLN | UKWC gamma VIII-IV-III rings=AAAA stecker=CF HR JT PQ
Hybrid gen 4/10 pop=12 blockB_greeks=0
  gen-best  fitness=9/18 tmpl=head:LEHRGANGFUNKSPRUCH@3 IC=0.0340 pos=DOLN | UKWC gamma VIII-IV-III rings=AAAA stecker=CF HR JT PQ
  all-time  fitness=9 tmpl=head:LEHRGANGFUNKSPRUCH@3 pos=DOLN | UKWC gamma VIII-IV-III rings=AAAA stecker=CF HR JT PQ
Hybrid gen 5/10 pop=12 blockB_greeks=0
  gen-best  fitness=9/18 tmpl=head:LEHRGANGFUNKSPRUCH@3 IC=0.0340 pos=DOLN | UKWC gamma VIII-IV-III rings=AAAA stecker=CF HR JT PQ
  all-time  fitness=9 tmpl=head:LEHRGANGFUNKSPRUCH@3 pos=DOLN | UKWC gamma VIII-IV-III rings=AAAA stecker=CF HR JT PQ
Hybrid gen 6/10 pop=12 blockB_greeks=0
  gen-best  fitness=9/18 tmpl=head:LEHRGANGFUNKSPRUCH@3 IC=0.0340 pos=DOLN | UKWC gamma VIII-IV-III rings=AAAA stecker=CF HR JT PQ
  all-time  fitness=9 tmpl=head:LEHRGANGFUNKSPRUCH@3 pos=DOLN | UKWC gamma VIII-IV-III rings=AAAA stecker=CF HR JT PQ
Hybrid gen 7/10 pop=12 blockB_greeks=0
  gen-best  fitness=9/18 tmpl=head:LEHRGANGFUNKSPRUCH@3 IC=0.0340 pos=DOLN | UKWC gamma VIII-IV-III rings=AAAA stecker=CF HR JT PQ
  all-time  fitness=9 tmpl=head:LEHRGANGFUNKSPRUCH@3 pos=DOLN | UKWC gamma VIII-IV-III rings=AAAA stecker=CF HR JT PQ
Hybrid gen 8/10 pop=12 blockB_greeks=0
  gen-best  fitness=10/18 tmpl=head:LEHRGANGFUNKSPRUCH@3 IC=0.0309 pos=DOLN | UKWC gamma VIII-IV-III rings=AAAA stecker=CF HR JT LV PQ
  all-time  fitness=10 tmpl=head:LEHRGANGFUNKSPRUCH@3 pos=DOLN | UKWC gamma VIII-IV-III rings=AAAA stecker=CF HR JT LV PQ
Hybrid gen 9/10 pop=12 blockB_greeks=0
  gen-best  fitness=10/18 tmpl=head:LEHRGANGFUNKSPRUCH@3 IC=0.0309 pos=DOLN | UKWC gamma VIII-IV-III rings=AAAA stecker=CF HR JT LV PQ
  all-time  fitness=10 tmpl=head:LEHRGANGFUNKSPRUCH@3 pos=DOLN | UKWC gamma VIII-IV-III rings=AAAA stecker=CF HR JT LV PQ
Hybrid gen 10/10 pop=12 blockB_greeks=0
  gen-best  fitness=10/18 tmpl=head:LEHRGANGFUNKSPRUCH@3 IC=0.0309 pos=DOLN | UKWC gamma VIII-IV-III rings=AAAA stecker=CF HR JT LV PQ
  all-time  fitness=10 tmpl=head:LEHRGANGFUNKSPRUCH@3 pos=DOLN | UKWC gamma VIII-IV-III rings=AAAA stecker=CF HR JT LV PQ
HELUT — Stochastic Bombe vs P1030680 (Thetis template bank)
Ciphertext: JCRSAJTGSJEYEXYKKZZSHVUOCTRFRCRPFVYPLKPPLGRHVVBBTBRSXSWXGGTYTVKQNGSCHVGF
Fitness: letter-match on masked templates ('.' = don't-care); German-ness ignored
Per-template GA: 16 masks (constrained 14…24, cap=16)
  [21] head:AUSBILDUNGSFUNKSPR@0
  [21] head:AUSBILDUNGSFUNKSPR@1
  [21] head:AUSBILDUNGSFUNKSPR@2
  [21] head:AUSBILDUNGSFUNKSPR@3
  [21] head:AUSBILDUNGSFUNKSPR@4
  [21] head:AUSBILDUNGSFUNKSPR@5
  [20] head:FUNKUEBUNGFUNKUEBU@0
  [20] head:FUNKUEBUNGFUNKUEBU@1
  [20] head:FUNKUEBUNGFUNKUEBU@2
  [20] head:FUNKUEBUNGFUNKUEBU@3
  [20] head:FUNKUEBUNGFUNKUEBU@4
  [20] head:FUNKUEBUNGFUNKUEBU@5
  [18] head:LEHRGANGFUNKSPRUCH@0
  [18] head:LEHRGANGFUNKSPRUCH@1
  [18] head:LEHRGANGFUNKSPRUCH@2
  [18] head:LEHRGANGFUNKSPRUCH@3

——— template 1/16: head:AUSBILDUNGSFUNKSPR@0 (21 constrained) ———
  → 10/21 (48%) pos=CNBI IC=0.0387 | UKWC beta III-VIII-IV rings=VCCH stecker=AN BX CV EM FY GO HR JS LP QT
——— template 2/16: head:AUSBILDUNGSFUNKSPR@1 (21 constrained) ———
  → 10/21 (48%) pos=DCJX IC=0.0336 | UKWB beta III-IV-VIII rings=VCCH stecker=AR CZ DS FI HM JQ KX LN TW
——— template 3/16: head:AUSBILDUNGSFUNKSPR@2 (21 constrained) ———
  → 10/21 (48%) pos=XHZR IC=0.0336 | UKWB gamma VIII-III-IV rings=VCCH stecker=AC GT
——— template 4/16: head:AUSBILDUNGSFUNKSPR@3 (21 constrained) ———
  → 9/21 (43%) pos=MIRG IC=0.0344 | UKWB gamma IV-III-VIII rings=AAAA stecker=GZ
——— template 5/16: head:AUSBILDUNGSFUNKSPR@4 (21 constrained) ———
  → 11/21 (52%) pos=PWUG IC=0.0352 | UKWB beta III-IV-VIII rings=AAAA stecker=BM FY GN HT JX KO RV UW
——— template 6/16: head:AUSBILDUNGSFUNKSPR@5 (21 constrained) ———
  → 9/21 (43%) pos=QYTR IC=0.0395 | UKWB gamma IV-VIII-III rings=AAAA stecker=BJ EV FS IZ TU
——— template 7/16: head:FUNKUEBUNGFUNKUEBU@0 (20 constrained) ———
  → 10/20 (50%) pos=SHIP IC=0.0403 | UKWC gamma III-IV-VIII rings=AAAA stecker=AM BN CJ DG EV FO HY RT SU
——— template 8/16: head:FUNKUEBUNGFUNKUEBU@1 (20 constrained) ———
  → 10/20 (50%) pos=DEFF IC=0.0364 | UKWB beta III-VIII-IV rings=AACA stecker=AI BU CT DQ ER FW HP JM LV OS
——— template 9/16: head:FUNKUEBUNGFUNKUEBU@2 (20 constrained) ———
  → 10/20 (50%) pos=MQKD IC=0.0423 | UKWB gamma IV-III-VIII rings=ACAA stecker=BF DX MU QS
——— template 10/16: head:FUNKUEBUNGFUNKUEBU@3 (20 constrained) ———
  → 10/20 (50%) pos=ZBDI IC=0.0344 | UKWC gamma IV-VIII-III rings=AACU stecker=AV BH PW XZ
——— template 11/16: head:FUNKUEBUNGFUNKUEBU@4 (20 constrained) ———
  → 11/20 (55%) pos=GKRG IC=0.0446 | UKWB gamma IV-III-VIII rings=AAAA stecker=FX HY RU
——— template 12/16: head:FUNKUEBUNGFUNKUEBU@5 (20 constrained) ———
  → 8/20 (40%) pos=XOII IC=0.0434 | UKWC beta VIII-IV-III rings=AACU stecker=AL CE DN GW HV IX KU MT PZ SY
——— template 13/16: head:LEHRGANGFUNKSPRUCH@0 (18 constrained) ———
  → 9/18 (50%) pos=YGYV IC=0.0395 | UKWC beta III-VIII-IV rings=AACU stecker=AM BU DF GV HY IN JS KR LT OZ
——— template 14/16: head:LEHRGANGFUNKSPRUCH@1 (18 constrained) ———
  → 9/18 (50%) pos=TJOC IC=0.0360 | UKWC gamma VIII-IV-III rings=VCCH stecker=FH OP
——— template 15/16: head:LEHRGANGFUNKSPRUCH@2 (18 constrained) ———
  → 9/18 (50%) pos=ZFJG IC=0.0399 | UKWB gamma IV-III-VIII rings=AAAA stecker=DX KU
——— template 16/16: head:LEHRGANGFUNKSPRUCH@3 (18 constrained) ———
  → 10/18 (56%) pos=DOLN IC=0.0309 | UKWC gamma VIII-IV-III rings=AAAA stecker=CF HR JT LV PQ

——— campaign summary (sorted by ratio) ———
   55.6%  10/18  head:LEHRGANGFUNKSPRUCH@3  | UKWC gamma VIII-IV-III rings=AAAA stecker=CF HR JT LV PQ
   55.0%  11/20  head:FUNKUEBUNGFUNKUEBU@4  | UKWB gamma IV-III-VIII rings=AAAA stecker=FX HY RU
   52.4%  11/21  head:AUSBILDUNGSFUNKSPR@4  | UKWB beta III-IV-VIII rings=AAAA stecker=BM FY GN HT JX KO RV UW
   50.0%  10/20  head:FUNKUEBUNGFUNKUEBU@0  | UKWC gamma III-IV-VIII rings=AAAA stecker=AM BN CJ DG EV FO HY RT SU
   50.0%  10/20  head:FUNKUEBUNGFUNKUEBU@1  | UKWB beta III-VIII-IV rings=AACA stecker=AI BU CT DQ ER FW HP JM LV OS
   50.0%  10/20  head:FUNKUEBUNGFUNKUEBU@2  | UKWB gamma IV-III-VIII rings=ACAA stecker=BF DX MU QS
   50.0%  10/20  head:FUNKUEBUNGFUNKUEBU@3  | UKWC gamma IV-VIII-III rings=AACU stecker=AV BH PW XZ
   50.0%   9/18  head:LEHRGANGFUNKSPRUCH@0  | UKWC beta III-VIII-IV rings=AACU stecker=AM BU DF GV HY IN JS KR LT OZ
   50.0%   9/18  head:LEHRGANGFUNKSPRUCH@1  | UKWC gamma VIII-IV-III rings=VCCH stecker=FH OP
   50.0%   9/18  head:LEHRGANGFUNKSPRUCH@2  | UKWB gamma IV-III-VIII rings=AAAA stecker=DX KU
   47.6%  10/21  head:AUSBILDUNGSFUNKSPR@0  | UKWC beta III-VIII-IV rings=VCCH stecker=AN BX CV EM FY GO HR JS LP QT
   47.6%  10/21  head:AUSBILDUNGSFUNKSPR@1  | UKWB beta III-IV-VIII rings=VCCH stecker=AR CZ DS FI HM JQ KX LN TW
   47.6%  10/21  head:AUSBILDUNGSFUNKSPR@2  | UKWB gamma VIII-III-IV rings=VCCH stecker=AC GT
   42.9%   9/21  head:AUSBILDUNGSFUNKSPR@3  | UKWB gamma IV-III-VIII rings=AAAA stecker=GZ
   42.9%   9/21  head:AUSBILDUNGSFUNKSPR@5  | UKWB gamma IV-VIII-III rings=AAAA stecker=BJ EV FS IZ TU
   40.0%   8/20  head:FUNKUEBUNGFUNKUEBU@5  | UKWC beta VIII-IV-III rings=AACU stecker=AL CE DN GW HV IX KU MT PZ SY

Elapsed: 37.5 s
Best shell: UKWC gamma VIII-IV-III rings=AAAA stecker=CF HR JT LV PQ
Best hit: partition=kpa-26^4 tmpl=head:LEHRGANGFUNKSPRUCH@3 pos=DOLN score=10.0000 IC=0.0309
Plain: QPYLTHGQASGFUNZSPTUPYRLLZBKETZFTYXOACANRIVMRUOQVSKBCHIRINVMBODJEHNYPXDTN
Template match: 10/18 on head:LEHRGANGFUNKSPRUCH@3
*** No template fully satisfied — continue bank / operators ***
See ASIC_CRACKER.md / evolution-hybridization.md / stochastic-bombe.md
