# TensorLUT M4 cold-start
# netlist=enigma_m4_netlist.json
# LUTs=925 DFFs=49 inits=59200
# crib_pt=TEST crib_ct=YCPY grundstellung=AAA (L=0 M=0 R=0)
# pop=12 explore=250 squeeze=500 lambdaMax=10.0 seed=2119188496
# phase gen bestCrypto bestFitness lambda nonBinary
explore 0 -4.587124 -4.587124 0.0000 58276
explore 1 -4.405357 -4.405357 0.0000 57318
explore 2 -4.195405 -4.195405 0.0000 56424
explore 3 -4.108697 -4.108697 0.0000 55558
explore 4 -4.098698 -4.098698 0.0000 54897
explore 5 -3.852785 -3.852785 0.0000 54861
explore 6 -3.747563 -3.747563 0.0000 53777
explore 7 -3.743513 -3.743513 0.0000 53444
explore 8 -3.579560 -3.579560 0.0000 53306
explore 9 -3.553259 -3.553259 0.0000 52674
explore 10 -3.475902 -3.475902 0.0000 52281
explore 11 -3.475902 -3.475902 0.0000 52281
explore 12 -3.475902 -3.475902 0.0000 52281
explore 13 -3.422234 -3.422234 0.0000 51059
explore 14 -3.325845 -3.325845 0.0000 50562
explore 15 -3.325845 -3.325845 0.0000 50562
explore 16 -3.325845 -3.325845 0.0000 50562
explore 17 -3.322712 -3.322712 0.0000 50231
explore 18 -3.322712 -3.322712 0.0000 50231
explore 19 -3.316607 -3.316607 0.0000 49889
explore 20 -3.316607 -3.316607 0.0000 49889
explore 21 -3.285022 -3.285022 0.0000 47027
explore 22 -3.257868 -3.257868 0.0000 47258
explore 23 -3.257523 -3.257523 0.0000 46682
explore 24 -3.257523 -3.257523 0.0000 46682
explore 25 -3.252242 -3.252242 0.0000 46105
explore 26 -3.236714 -3.236714 0.0000 45842
explore 27 -3.236714 -3.236714 0.0000 45842
explore 28 -3.230865 -3.230865 0.0000 45055
explore 29 -3.230865 -3.230865 0.0000 45055
explore 30 -3.215908 -3.215908 0.0000 44555
explore 31 -3.215908 -3.215908 0.0000 44555
explore 32 -3.196862 -3.196862 0.0000 44073
explore 33 -3.196862 -3.196862 0.0000 44073
explore 34 -3.196862 -3.196862 0.0000 44073
explore 35 -3.196862 -3.196862 0.0000 44073
explore 36 -3.193062 -3.193062 0.0000 43644
explore 37 -3.193062 -3.193062 0.0000 43644
explore 38 -3.193062 -3.193062 0.0000 43644
explore 39 -3.184528 -3.184528 0.0000 42720
explore 40 -3.184528 -3.184528 0.0000 42720
explore 41 -3.184528 -3.184528 0.0000 42720
explore 42 -3.184528 -3.184528 0.0000 42720
explore 43 -3.184528 -3.184528 0.0000 42720
explore 44 -3.184528 -3.184528 0.0000 42720
explore 45 -3.184528 -3.184528 0.0000 42720
explore 46 -3.184528 -3.184528 0.0000 42720
explore 47 -3.184528 -3.184528 0.0000 42720
explore 48 -3.184528 -3.184528 0.0000 42720
explore 49 -3.182461 -3.182461 0.0000 41434
explore 50 -3.182461 -3.182461 0.0000 41434
explore 51 -3.145746 -3.145746 0.0000 41221
explore 52 -3.145746 -3.145746 0.0000 41221
explore 53 -3.145746 -3.145746 0.0000 41221
explore 54 -3.107850 -3.107850 0.0000 40842
explore 55 -3.107850 -3.107850 0.0000 40842
explore 56 -3.107850 -3.107850 0.0000 40842
explore 57 -3.107850 -3.107850 0.0000 40842
explore 58 -3.107850 -3.107850 0.0000 40842
explore 59 -3.087308 -3.087308 0.0000 40003
explore 60 -3.061575 -3.061575 0.0000 39119
explore 61 -3.001383 -3.001383 0.0000 39138
explore 62 -2.979447 -2.979447 0.0000 38807
explore 63 -2.979447 -2.979447 0.0000 38807
explore 64 -2.979447 -2.979447 0.0000 38807
explore 65 -2.947537 -2.947537 0.0000 38324
explore 66 -2.947537 -2.947537 0.0000 38324
explore 67 -2.947537 -2.947537 0.0000 38324
explore 68 -2.947537 -2.947537 0.0000 38324
explore 69 -2.947537 -2.947537 0.0000 38324
explore 70 -2.919039 -2.919039 0.0000 37305
explore 71 -2.919039 -2.919039 0.0000 37305
explore 72 -2.916716 -2.916716 0.0000 37039
explore 73 -2.892041 -2.892041 0.0000 36775
explore 74 -2.892041 -2.892041 0.0000 36775
explore 75 -2.879567 -2.879567 0.0000 36759
explore 76 -2.755756 -2.755756 0.0000 36514
explore 77 -2.755756 -2.755756 0.0000 36514
explore 78 -2.755756 -2.755756 0.0000 36514
explore 79 -2.755756 -2.755756 0.0000 36514
explore 80 -2.755756 -2.755756 0.0000 36514
explore 81 -2.755756 -2.755756 0.0000 36514
explore 82 -2.755756 -2.755756 0.0000 36514
explore 83 -2.755756 -2.755756 0.0000 36514
explore 84 -2.755756 -2.755756 0.0000 36514
explore 85 -2.752333 -2.752333 0.0000 36266
explore 86 -2.752333 -2.752333 0.0000 36266
explore 87 -2.752333 -2.752333 0.0000 36266
explore 88 -2.739969 -2.739969 0.0000 35640
explore 89 -2.652885 -2.652885 0.0000 35414
explore 90 -2.652885 -2.652885 0.0000 35414
explore 91 -2.652885 -2.652885 0.0000 35414
explore 92 -2.652885 -2.652885 0.0000 35414
explore 93 -2.652885 -2.652885 0.0000 35414
explore 94 -2.652885 -2.652885 0.0000 35414
explore 95 -2.652885 -2.652885 0.0000 35414
explore 96 -2.652885 -2.652885 0.0000 35414
explore 97 -2.652885 -2.652885 0.0000 35414
explore 98 -2.652885 -2.652885 0.0000 35414
explore 99 -2.652885 -2.652885 0.0000 35414
explore 100 -2.627266 -2.627266 0.0000 35057
explore 101 -2.627266 -2.627266 0.0000 35057
explore 102 -2.592823 -2.592823 0.0000 34337
explore 103 -2.592823 -2.592823 0.0000 34337
explore 104 -2.592823 -2.592823 0.0000 34337
explore 105 -2.592823 -2.592823 0.0000 34337
explore 106 -2.592823 -2.592823 0.0000 34337
explore 107 -2.578559 -2.578559 0.0000 34195
explore 108 -2.578559 -2.578559 0.0000 34195
explore 109 -2.536305 -2.536305 0.0000 33766
explore 110 -2.378586 -2.378586 0.0000 33752
explore 111 -2.378586 -2.378586 0.0000 33752
explore 112 -2.376285 -2.376285 0.0000 33462
explore 113 -2.376285 -2.376285 0.0000 33462
explore 114 -2.376285 -2.376285 0.0000 33462
explore 115 -2.376285 -2.376285 0.0000 33462
explore 116 -2.376285 -2.376285 0.0000 33462
explore 117 -2.376285 -2.376285 0.0000 33462
explore 118 -2.338559 -2.338559 0.0000 33592
explore 119 -2.308832 -2.308832 0.0000 33273
explore 120 -2.306752 -2.306752 0.0000 33496
explore 121 -2.306752 -2.306752 0.0000 33496
explore 122 -2.306752 -2.306752 0.0000 33496
explore 123 -2.306752 -2.306752 0.0000 33496
explore 124 -2.194305 -2.194305 0.0000 33256
explore 125 -2.194305 -2.194305 0.0000 33256
explore 126 -2.194305 -2.194305 0.0000 33256
explore 127 -2.194305 -2.194305 0.0000 33256
explore 128 -2.194305 -2.194305 0.0000 33256
explore 129 -2.193822 -2.193822 0.0000 33149
explore 130 -2.174772 -2.174772 0.0000 33048
explore 131 -2.174772 -2.174772 0.0000 33048
explore 132 -2.163477 -2.163477 0.0000 32890
explore 133 -2.091861 -2.091861 0.0000 32929
explore 134 -2.091861 -2.091861 0.0000 32929
explore 135 -1.999498 -1.999498 0.0000 32798
explore 136 -1.999498 -1.999498 0.0000 32798
explore 137 -1.999498 -1.999498 0.0000 32798
explore 138 -1.900976 -1.900976 0.0000 32458
explore 139 -1.900976 -1.900976 0.0000 32458
explore 140 -1.784168 -1.784168 0.0000 32311
explore 141 -1.784168 -1.784168 0.0000 32311
explore 142 -1.784168 -1.784168 0.0000 32311
explore 143 -1.784168 -1.784168 0.0000 32311
explore 144 -1.784168 -1.784168 0.0000 32311
explore 145 -1.784168 -1.784168 0.0000 32311
explore 146 -1.784168 -1.784168 0.0000 32311
explore 147 -1.784168 -1.784168 0.0000 32311
explore 148 -1.784168 -1.784168 0.0000 32311
explore 149 -1.761813 -1.761813 0.0000 32166
explore 150 -1.761813 -1.761813 0.0000 32166
explore 151 -1.761813 -1.761813 0.0000 32166
explore 152 -1.761813 -1.761813 0.0000 32166
explore 153 -1.761813 -1.761813 0.0000 32166
explore 154 -1.761813 -1.761813 0.0000 32166
explore 155 -1.761813 -1.761813 0.0000 32166
explore 156 -1.761813 -1.761813 0.0000 32166
explore 157 -1.761813 -1.761813 0.0000 32166
explore 158 -1.761813 -1.761813 0.0000 32166
explore 159 -1.761813 -1.761813 0.0000 32166
explore 160 -1.761813 -1.761813 0.0000 32166
explore 161 -1.761813 -1.761813 0.0000 32166
explore 162 -1.750870 -1.750870 0.0000 32103
explore 163 -1.747798 -1.747798 0.0000 32222
explore 164 -1.747798 -1.747798 0.0000 32222
explore 165 -1.747798 -1.747798 0.0000 32222
explore 166 -1.747798 -1.747798 0.0000 32222
explore 167 -1.747798 -1.747798 0.0000 32222
explore 168 -1.747798 -1.747798 0.0000 32222
explore 169 -1.678181 -1.678181 0.0000 31981
explore 170 -1.678181 -1.678181 0.0000 31981
explore 171 -1.678181 -1.678181 0.0000 31981
explore 172 -1.678181 -1.678181 0.0000 31981
explore 173 -1.678181 -1.678181 0.0000 31981
explore 174 -1.678181 -1.678181 0.0000 31981
explore 175 -1.678181 -1.678181 0.0000 31981
explore 176 -1.678181 -1.678181 0.0000 31981
explore 177 -1.678181 -1.678181 0.0000 31981
explore 178 -1.678181 -1.678181 0.0000 31981
explore 179 -1.676079 -1.676079 0.0000 31803
explore 180 -1.661293 -1.661293 0.0000 31708
explore 181 -1.661293 -1.661293 0.0000 31708
explore 182 -1.661293 -1.661293 0.0000 31708
explore 183 -1.661293 -1.661293 0.0000 31708
explore 184 -1.661293 -1.661293 0.0000 31708
explore 185 -1.661293 -1.661293 0.0000 31708
explore 186 -1.661293 -1.661293 0.0000 31708
explore 187 -1.661293 -1.661293 0.0000 31708
explore 188 -1.661293 -1.661293 0.0000 31708
explore 189 -1.596806 -1.596806 0.0000 31609
explore 190 -1.596806 -1.596806 0.0000 31609
explore 191 -1.596806 -1.596806 0.0000 31609
explore 192 -1.596806 -1.596806 0.0000 31609
explore 193 -1.596806 -1.596806 0.0000 31609
explore 194 -1.596806 -1.596806 0.0000 31609
explore 195 -1.596806 -1.596806 0.0000 31609
explore 196 -1.596806 -1.596806 0.0000 31609
explore 197 -1.596806 -1.596806 0.0000 31609
explore 198 -1.596806 -1.596806 0.0000 31609
explore 199 -1.595235 -1.595235 0.0000 31422
explore 200 -1.537986 -1.537986 0.0000 31381
explore 201 -1.537986 -1.537986 0.0000 31381
explore 202 -1.537986 -1.537986 0.0000 31381
explore 203 -1.537986 -1.537986 0.0000 31381
explore 204 -1.490031 -1.490031 0.0000 31343
explore 205 -1.490031 -1.490031 0.0000 31343
explore 206 -1.490031 -1.490031 0.0000 31343
explore 207 -1.490031 -1.490031 0.0000 31343
explore 208 -1.490031 -1.490031 0.0000 31343
explore 209 -1.466474 -1.466474 0.0000 31241
explore 210 -1.466474 -1.466474 0.0000 31241
explore 211 -1.466474 -1.466474 0.0000 31241
explore 212 -1.466474 -1.466474 0.0000 31241
explore 213 -1.466474 -1.466474 0.0000 31241
explore 214 -1.466474 -1.466474 0.0000 31241
explore 215 -1.466474 -1.466474 0.0000 31241
explore 216 -1.466474 -1.466474 0.0000 31241
explore 217 -1.466474 -1.466474 0.0000 31241
explore 218 -1.460005 -1.460005 0.0000 31199
explore 219 -1.443360 -1.443360 0.0000 31161
explore 220 -1.443360 -1.443360 0.0000 31161
explore 221 -1.443360 -1.443360 0.0000 31161
explore 222 -1.443360 -1.443360 0.0000 31161
explore 223 -1.443360 -1.443360 0.0000 31161
explore 224 -1.443360 -1.443360 0.0000 31161
explore 225 -1.443360 -1.443360 0.0000 31161
explore 226 -1.443360 -1.443360 0.0000 31161
explore 227 -1.443360 -1.443360 0.0000 31161
explore 228 -1.443360 -1.443360 0.0000 31161
explore 229 -1.443360 -1.443360 0.0000 31161
explore 230 -1.443360 -1.443360 0.0000 31161
explore 231 -1.443360 -1.443360 0.0000 31161
explore 232 -1.443360 -1.443360 0.0000 31161
explore 233 -1.443360 -1.443360 0.0000 31161
explore 234 -1.443360 -1.443360 0.0000 31161
explore 235 -1.443360 -1.443360 0.0000 31161
explore 236 -1.443360 -1.443360 0.0000 31161
explore 237 -1.443360 -1.443360 0.0000 31161
explore 238 -1.443360 -1.443360 0.0000 31161
explore 239 -1.419922 -1.419922 0.0000 31007
explore 240 -1.329624 -1.329624 0.0000 31020
explore 241 -1.329624 -1.329624 0.0000 31020
explore 242 -1.329624 -1.329624 0.0000 31020
explore 243 -1.329624 -1.329624 0.0000 31020
explore 244 -1.329624 -1.329624 0.0000 31020
explore 245 -1.217828 -1.217828 0.0000 30857
explore 246 -1.217828 -1.217828 0.0000 30857
explore 247 -1.217828 -1.217828 0.0000 30857
explore 248 -1.217828 -1.217828 0.0000 30857
explore 249 -1.217828 -1.217828 0.0000 30857
# explore_done crypto=-1.217828 fitness=-1.217828 nonBinary=30857 elapsed=112.5s
squeeze 250 -1.220227 -1.220227 0.0000 30688
squeeze 251 -1.083808 -1.083808 0.0000 30540
squeeze 252 -1.041319 -1.041319 0.0000 30313
squeeze 253 -1.020636 -1.020636 0.0000 30360
squeeze 254 -1.020636 -1.020636 0.0000 30360
squeeze 255 -1.008016 -1.008016 0.0000 30204
squeeze 256 -1.008016 -1.008016 0.0000 30204
squeeze 257 -0.997772 -0.997772 0.0000 30207
squeeze 258 -0.842096 -0.842096 0.0000 30162
squeeze 259 -0.826885 -0.826885 0.0000 30010
squeeze 260 -0.826885 -0.826885 0.0000 30010
squeeze 261 -0.826885 -0.826885 0.0000 30010
squeeze 262 -0.810304 -0.810304 0.0000 29858
squeeze 263 -0.810304 -0.810304 0.0000 29858
squeeze 264 -0.810304 -0.810304 0.0000 29858
squeeze 265 -0.744918 -0.744918 0.0000 29584
squeeze 266 -0.744918 -0.744918 0.0000 29584
squeeze 267 -0.744918 -0.744918 0.0000 29584
squeeze 268 -0.744918 -0.744918 0.0000 29584
squeeze 269 -0.744918 -0.744918 0.0000 29584
squeeze 270 -0.744918 -0.744918 0.0000 29584
squeeze 271 -0.744918 -0.744918 0.0000 29584
squeeze 272 -0.744918 -0.744918 0.0000 29584
squeeze 273 -0.614598 -0.614598 0.0000 29319
squeeze 274 -0.614598 -0.614598 0.0000 29319
squeeze 275 -0.614598 -0.614598 0.0000 29319
squeeze 276 -0.513724 -0.513724 0.0000 28923
squeeze 277 -0.513724 -0.513724 0.0000 28923
squeeze 278 -0.513724 -0.513724 0.0000 28923
squeeze 279 -0.513724 -0.513724 0.0000 28923
squeeze 280 -0.508306 -0.508306 0.0000 28615
squeeze 281 -0.508306 -0.508306 0.0000 28615
squeeze 282 -0.508306 -0.508306 0.0000 28615
squeeze 283 -0.508306 -0.508306 0.0000 28615
squeeze 284 -0.508306 -0.508306 0.0000 28615
squeeze 285 -0.508306 -0.508306 0.0000 28615
squeeze 286 -0.508306 -0.508306 0.0000 28615
squeeze 287 -0.508306 -0.508306 0.0000 28615
squeeze 288 -0.474906 -0.474906 0.0000 28158
squeeze 289 -0.474906 -0.474906 0.0000 28158
squeeze 290 -0.474906 -0.474906 0.0000 28158
squeeze 291 -0.474906 -0.474906 0.0000 28158
squeeze 292 -0.474906 -0.474906 0.0000 28158
squeeze 293 -0.440350 -0.440350 0.0000 28174
squeeze 294 -0.440350 -0.440350 0.0000 28174
squeeze 295 -0.440350 -0.440350 0.0000 28174
squeeze 296 -0.440350 -0.440350 0.0000 28174
squeeze 297 -0.440350 -0.440350 0.0000 28174
squeeze 298 -0.440350 -0.440350 0.0000 28174
squeeze 299 -0.440350 -0.440350 0.0000 28174
squeeze 300 -0.440350 -0.440350 0.0000 28174
squeeze 301 -0.441586 -0.708407 0.0000 27965
squeeze 302 -0.441586 -1.508872 0.0002 27965
squeeze 303 -0.441586 -2.842976 0.0004 27965
squeeze 304 -0.383599 -4.618257 0.0008 27778
squeeze 305 -0.383599 -7.000246 0.0012 27778
squeeze 306 -0.393634 -9.869627 0.0018 27652
squeeze 307 -0.393634 -13.291507 0.0024 27652
squeeze 308 -0.393634 -17.239828 0.0032 27652
squeeze 309 -0.387488 -21.625580 0.0040 27562
squeeze 310 -0.387488 -26.607349 0.0049 27562
squeeze 311 -0.504710 -32.071171 0.0060 27448
squeeze 312 -0.457518 -37.983879 0.0071 27413
squeeze 313 -0.496848 -44.347408 0.0083 27331
squeeze 314 -0.766823 -51.299358 0.0097 27179
squeeze 315 -0.632893 -58.399410 0.0111 27018
squeeze 316 -0.594939 -65.970726 0.0126 26883
squeeze 317 -0.594939 -74.398094 0.0143 26883
squeeze 318 -1.042244 -82.847130 0.0160 26627
squeeze 319 -0.937797 -91.979439 0.0178 26603
squeeze 320 -0.937797 -101.815002 0.0198 26603
squeeze 321 -1.112107 -111.697060 0.0218 26464
squeeze 322 -0.966507 -121.791199 0.0239 26372
squeeze 323 -1.393946 -132.817474 0.0261 26274
squeeze 324 -1.513823 -144.048141 0.0284 26156
squeeze 325 -1.368697 -155.710144 0.0309 26129
squeeze 326 -1.880185 -167.577728 0.0334 25935
squeeze 327 -1.774285 -179.866455 0.0360 25878
squeeze 328 -1.537169 -192.994308 0.0387 25850
squeeze 329 -2.144723 -206.083740 0.0415 25708
squeeze 330 -2.064484 -219.481430 0.0444 25622
squeeze 331 -1.503317 -233.454208 0.0475 25577
squeeze 332 -2.275534 -247.791290 0.0506 25490
squeeze 333 -2.433003 -262.413635 0.0538 25350
squeeze 334 -2.972086 -277.130402 0.0571 25200
squeeze 335 -2.475405 -292.429413 0.0605 25206
squeeze 336 -3.358496 -308.711365 0.0640 25084
squeeze 337 -3.385948 -324.485168 0.0676 24990
squeeze 338 -3.698237 -340.491089 0.0713 24892
squeeze 339 -3.766783 -356.939789 0.0751 24793
squeeze 340 -3.681808 -373.027863 0.0790 24661
squeeze 341 -3.590817 -389.990082 0.0830 24610
squeeze 342 -3.781842 -406.978210 0.0871 24487
squeeze 343 -3.925212 -424.929565 0.0913 24423
squeeze 344 -3.658035 -442.344086 0.0956 24330
squeeze 345 -3.636243 -461.358307 0.1000 24274
squeeze 346 -3.868954 -480.581146 0.1045 24168
squeeze 347 -4.426508 -499.835541 0.1091 24084
squeeze 348 -4.395299 -518.359619 0.1138 23984
squeeze 349 -3.635106 -538.119873 0.1186 23943
squeeze 350 -3.603107 -557.834534 0.1235 23848
squeeze 351 -3.817860 -576.418701 0.1284 23723
squeeze 352 -3.530847 -596.529846 0.1335 23639
squeeze 353 -3.839332 -618.826172 0.1387 23644
squeeze 354 -3.900070 -640.287720 0.1440 23559
squeeze 355 -3.771942 -661.328552 0.1494 23485
squeeze 356 -3.725665 -683.152588 0.1549 23419
squeeze 357 -3.784379 -704.077942 0.1604 23312
squeeze 358 -4.226152 -727.076233 0.1661 23271
squeeze 359 -4.113386 -750.114990 0.1719 23223
squeeze 360 -3.692852 -773.470032 0.1778 23180
squeeze 361 -3.813240 -795.910461 0.1838 23130
squeeze 362 -3.630793 -818.118530 0.1898 23027
squeeze 363 -3.654586 -841.708557 0.1960 22965
squeeze 364 -3.677869 -865.323669 0.2023 22884
squeeze 365 -3.632694 -889.325745 0.2086 22822
squeeze 366 -4.006874 -912.705139 0.2151 22778
squeeze 367 -3.646044 -936.909302 0.2217 22668
squeeze 368 -3.938431 -962.371643 0.2283 22662
squeeze 369 -3.971321 -986.662781 0.2351 22557
squeeze 370 -3.582567 -1012.438354 0.2420 22496
squeeze 371 -3.880525 -1039.788208 0.2489 22458
squeeze 372 -4.188114 -1065.574707 0.2560 22426
squeeze 373 -3.643551 -1089.460571 0.2632 22315
squeeze 374 -4.172971 -1115.662598 0.2704 22260
squeeze 375 -6.018562 -1140.961548 0.2778 22176
squeeze 376 -5.053965 -1167.606201 0.2852 22126
squeeze 377 -5.647021 -1193.959106 0.2928 22071
squeeze 378 -5.773812 -1221.137207 0.3004 22007
squeeze 379 -4.207359 -1241.925049 0.3082 21813
squeeze 380 -3.999784 -1270.072754 0.3160 21772
squeeze 381 -4.258671 -1298.759399 0.3240 21746
squeeze 382 -3.871785 -1328.139282 0.3320 21712
squeeze 383 -3.938889 -1355.781982 0.3402 21627
squeeze 384 -3.967031 -1385.318848 0.3484 21639
squeeze 385 -3.728412 -1412.860229 0.3568 21589
squeeze 386 -4.097192 -1441.363770 0.3652 21510
squeeze 387 -4.053077 -1472.477783 0.3738 21479
squeeze 388 -3.851748 -1502.380859 0.3824 21454
squeeze 389 -4.570017 -1532.039795 0.3912 21407
squeeze 390 -3.723628 -1562.696777 0.4000 21354
squeeze 391 -3.688652 -1593.847534 0.4089 21340
squeeze 392 -3.799727 -1625.157104 0.4180 21289
squeeze 393 -3.302375 -1656.651001 0.4271 21248
squeeze 394 -3.384011 -1688.035034 0.4363 21203
squeeze 395 -3.980713 -1720.120239 0.4457 21187
squeeze 396 -3.321894 -1752.751099 0.4551 21175
squeeze 397 -3.649813 -1781.995605 0.4646 21089
squeeze 398 -3.730457 -1816.036255 0.4743 21074
squeeze 399 -3.740968 -1847.946167 0.4840 21022
squeeze 400 -3.526857 -1883.253296 0.4938 21011
squeeze 401 -3.800014 -1913.656616 0.5038 20969
squeeze 402 -5.693840 -1949.469727 0.5138 20913
squeeze 403 -5.785957 -1983.892212 0.5239 20878
squeeze 404 -4.698810 -2016.360718 0.5341 20834
squeeze 405 -4.405912 -2046.624878 0.5444 20799
squeeze 406 -4.315574 -2082.705078 0.5549 20773
squeeze 407 -4.194055 -2117.539307 0.5654 20728
squeeze 408 -4.198210 -2149.929199 0.5760 20654
squeeze 409 -4.201211 -2183.872803 0.5867 20599
squeeze 410 -4.221857 -2217.006348 0.5975 20554
squeeze 411 -4.553994 -2252.757812 0.6084 20523
squeeze 412 -5.776678 -2289.524902 0.6195 20525
squeeze 413 -4.670570 -2319.439453 0.6306 20466
squeeze 414 -5.270721 -2357.000000 0.6418 20446
squeeze 415 -4.919660 -2389.424072 0.6531 20397
squeeze 416 -4.130524 -2428.780029 0.6645 20386
squeeze 417 -4.280237 -2463.194336 0.6760 20331
squeeze 418 -4.327913 -2497.720459 0.6876 20281
squeeze 419 -4.781492 -2536.239746 0.6993 20264
squeeze 420 -4.477247 -2568.328857 0.7111 20183
squeeze 421 -4.491344 -2606.595215 0.7230 20158
squeeze 422 -4.598996 -2643.520752 0.7350 20137
squeeze 423 -4.626184 -2675.008301 0.7471 20051
squeeze 424 -5.143462 -2710.489502 0.7593 19992
squeeze 425 -5.221499 -2748.671875 0.7716 19943
squeeze 426 -4.461267 -2788.271240 0.7840 19939
squeeze 427 -4.699368 -2824.701416 0.7965 19904
squeeze 428 -6.015388 -2866.077881 0.8091 19898
squeeze 429 -4.857730 -2897.665771 0.8218 19866
squeeze 430 -4.187390 -2934.559326 0.8346 19812
squeeze 431 -4.065822 -2970.813232 0.8475 19763
squeeze 432 -4.150906 -3012.390381 0.8604 19738
squeeze 433 -4.494937 -3053.582764 0.8735 19722
squeeze 434 -4.198883 -3095.160645 0.8867 19718
squeeze 435 -4.617122 -3134.887939 0.9000 19666
squeeze 436 -4.263807 -3171.762939 0.9134 19631
squeeze 437 -4.423868 -3213.839600 0.9269 19616
squeeze 438 -4.956738 -3253.718262 0.9404 19595
squeeze 439 -4.944494 -3300.047852 0.9541 19585
squeeze 440 -4.899085 -3337.082764 0.9679 19563
squeeze 441 -4.825865 -3378.467773 0.9818 19530
squeeze 442 -4.758864 -3423.372314 0.9958 19511
squeeze 443 -5.113501 -3458.547852 1.0098 19458
squeeze 444 -4.879599 -3500.409668 1.0240 19426
squeeze 445 -4.768799 -3540.006348 1.0383 19397
squeeze 446 -4.599830 -3581.777588 1.0526 19385
squeeze 447 -5.309677 -3625.260498 1.0671 19360
squeeze 448 -5.703359 -3667.937744 1.0817 19341
squeeze 449 -5.175201 -3710.008057 1.0963 19281
squeeze 450 -4.913010 -3753.191162 1.1111 19290
squeeze 451 -5.167973 -3796.151611 1.1260 19230
squeeze 452 -4.909416 -3839.541260 1.1409 19221
squeeze 453 -4.904826 -3884.821289 1.1560 19207
squeeze 454 -6.560565 -3928.644287 1.1712 19189
squeeze 455 -4.884992 -3977.275879 1.1864 19202
squeeze 456 -4.324689 -4017.138428 1.2018 19161
squeeze 457 -5.291709 -4058.755127 1.2172 19082
squeeze 458 -5.291709 -4110.556641 1.2328 19082
squeeze 459 -4.530428 -4154.775879 1.2484 19115
squeeze 460 -4.566484 -4198.507324 1.2642 19091
squeeze 461 -3.886644 -4248.411133 1.2800 19145
squeeze 462 -4.367181 -4291.216309 1.2960 19057
squeeze 463 -4.388603 -4338.480957 1.3120 19039
squeeze 464 -4.297886 -4376.239258 1.3282 19002
squeeze 465 -4.198351 -4427.010742 1.3444 19016
squeeze 466 -3.859308 -4474.900391 1.3608 18976
squeeze 467 -4.271338 -4520.502930 1.3772 18933
squeeze 468 -3.881253 -4567.395508 1.3938 18929
squeeze 469 -6.443679 -4595.333496 1.4104 18901
squeeze 470 -6.475886 -4641.911621 1.4272 18892
squeeze 471 -5.783088 -4696.204590 1.4440 18892
squeeze 472 -6.562268 -4739.479980 1.4609 18877
squeeze 473 -6.374599 -4786.067871 1.4780 18858
squeeze 474 -6.585176 -4831.887207 1.4951 18844
squeeze 475 -6.547736 -4878.351074 1.5123 18833
squeeze 476 -6.840321 -4923.216309 1.5297 18805
squeeze 477 -7.332939 -4973.511230 1.5471 18794
squeeze 478 -6.526298 -5021.137207 1.5646 18788
squeeze 479 -6.761297 -5074.290527 1.5823 18770
squeeze 480 -6.123919 -5118.022949 1.6000 18739
squeeze 481 -7.624015 -5171.050781 1.6178 18740
squeeze 482 -6.462924 -5220.400391 1.6358 18687
squeeze 483 -6.483349 -5270.799805 1.6538 18710
squeeze 484 -5.426188 -5317.870605 1.6719 18690
squeeze 485 -5.866433 -5366.833496 1.6901 18664
squeeze 486 -6.193300 -5421.662109 1.7084 18686
squeeze 487 -8.472478 -5469.723145 1.7269 18665
squeeze 488 -6.627928 -5515.324707 1.7454 18598
squeeze 489 -6.240483 -5564.625000 1.7640 18595
squeeze 490 -6.233771 -5613.853516 1.7827 18564
squeeze 491 -6.213528 -5663.009766 1.8015 18538
squeeze 492 -5.948718 -5713.816895 1.8204 18523
squeeze 493 -6.132608 -5757.023438 1.8395 18505
squeeze 494 -5.970333 -5812.280273 1.8586 18501
squeeze 495 -6.568309 -5867.845215 1.8778 18482
squeeze 496 -6.064371 -5922.965332 1.8971 18433
squeeze 497 -6.143395 -5969.329590 1.9165 18464
squeeze 498 -6.040359 -6013.383789 1.9360 18436
squeeze 499 -5.993105 -6066.176758 1.9556 18407
squeeze 500 -6.612053 -6123.967773 1.9753 18423
squeeze 501 -6.403425 -6168.693848 1.9951 18366
squeeze 502 -7.730843 -6216.616211 2.0150 18347
squeeze 503 -6.877635 -6273.000488 2.0350 18346
squeeze 504 -8.429770 -6326.488281 2.0551 18346
squeeze 505 -6.875396 -6376.224609 2.0753 18316
squeeze 506 -7.844124 -6431.391113 2.0956 18329
squeeze 507 -7.290931 -6481.680664 2.1160 18306
squeeze 508 -7.290931 -6544.385742 2.1365 18306
squeeze 509 -5.540303 -6593.058105 2.1571 18285
squeeze 510 -7.917008 -6638.953613 2.1778 18273
squeeze 511 -7.986070 -6697.958984 2.1986 18286
squeeze 512 -7.088822 -6748.314453 2.2195 18231
squeeze 513 -8.373121 -6805.854004 2.2404 18240
squeeze 514 -7.936438 -6847.267090 2.2615 18167
squeeze 515 -8.142591 -6900.740234 2.2827 18143
squeeze 516 -8.185402 -6960.312012 2.3040 18158
squeeze 517 -8.126461 -7007.142578 2.3254 18109
squeeze 518 -8.012671 -7054.037598 2.3469 18077
squeeze 519 -5.946800 -7103.903320 2.3684 18065
squeeze 520 -8.530870 -7168.821777 2.3901 18052
squeeze 521 -8.561249 -7214.848145 2.4119 18072
squeeze 522 -8.561249 -7280.211426 2.4338 18072
squeeze 523 -4.885953 -7339.513672 2.4558 18065
squeeze 524 -8.590090 -7402.363770 2.4778 18062
squeeze 525 -6.840156 -7452.203125 2.5000 18024
squeeze 526 -7.134459 -7511.342773 2.5223 18038
squeeze 527 -6.083307 -7560.328125 2.5446 18017
squeeze 528 -8.739306 -7598.572266 2.5671 17935
squeeze 529 -6.952377 -7656.950195 2.5897 17960
squeeze 530 -7.358590 -7714.032227 2.6123 17922
squeeze 531 -7.129471 -7765.324707 2.6351 17915
squeeze 532 -7.074592 -7826.724121 2.6580 17909
squeeze 533 -7.411640 -7880.354492 2.6809 17899
squeeze 534 -7.629401 -7935.101074 2.7040 17890
squeeze 535 -7.648710 -7994.130859 2.7272 17875
squeeze 536 -7.647190 -8049.476074 2.7504 17854
squeeze 537 -9.846846 -8107.881836 2.7738 17825
squeeze 538 -9.359189 -8156.988770 2.7972 17828
squeeze 539 -9.359189 -8225.600586 2.8208 17828
squeeze 540 -10.853403 -8270.006836 2.8444 17788
squeeze 541 -9.536993 -8330.119141 2.8682 17809
squeeze 542 -9.408946 -8382.823242 2.8920 17794
squeeze 543 -9.303801 -8442.642578 2.9160 17762
squeeze 544 -10.102738 -8501.125977 2.9400 17742
squeeze 545 -10.087744 -8561.461914 2.9642 17742
squeeze 546 -9.923305 -8606.648438 2.9884 17693
squeeze 547 -10.352003 -8674.189453 3.0128 17711
squeeze 548 -5.892617 -8739.993164 3.0372 17729
squeeze 549 -10.459682 -8802.698242 3.0618 17701
squeeze 550 -6.958936 -8850.721680 3.0864 17665
squeeze 551 -9.217842 -8904.166992 3.1112 17655
squeeze 552 -9.720764 -8961.763672 3.1360 17629
squeeze 553 -9.607956 -9013.085938 3.1609 17623
squeeze 554 -9.892191 -9082.731445 3.1860 17640
squeeze 555 -10.406307 -9144.687500 3.2111 17631
squeeze 556 -9.991752 -9200.638672 3.2363 17614
squeeze 557 -10.509773 -9259.186523 3.2617 17621
squeeze 558 -8.875201 -9319.916016 3.2871 17580
squeeze 559 -8.468772 -9365.630859 3.3126 17555
squeeze 560 -8.081928 -9424.150391 3.3383 17532
squeeze 561 -7.347638 -9487.412109 3.3640 17539
squeeze 562 -7.841133 -9557.116211 3.3898 17519
squeeze 563 -9.433533 -9604.071289 3.4158 17533
squeeze 564 -9.519917 -9661.681641 3.4418 17522
squeeze 565 -9.101967 -9720.760742 3.4679 17515
squeeze 566 -8.633686 -9752.968750 3.4941 17465
squeeze 567 -9.185562 -9809.986328 3.5204 17415
squeeze 568 -8.951515 -9863.185547 3.5469 17447
squeeze 569 -9.293345 -9926.320312 3.5734 17390
squeeze 570 -8.702593 -9989.916992 3.6000 17434
squeeze 571 -9.322010 -10037.989258 3.6267 17375
squeeze 572 -9.317309 -10097.950195 3.6535 17371
squeeze 573 -9.317309 -10172.268555 3.6804 17371
squeeze 574 -7.689773 -10223.566406 3.7075 17315
squeeze 575 -5.506864 -10284.306641 3.7346 17312
squeeze 576 -9.021772 -10322.156250 3.7618 17259
squeeze 577 -9.021772 -10397.023438 3.7891 17259
squeeze 578 -8.478383 -10450.609375 3.8165 17249
squeeze 579 -8.155178 -10505.649414 3.8440 17232
squeeze 580 -9.345620 -10571.021484 3.8716 17191
squeeze 581 -8.473016 -10621.781250 3.8993 17202
squeeze 582 -9.668943 -10687.352539 3.9271 17170
squeeze 583 -9.620905 -10739.110352 3.9550 17149
squeeze 584 -9.625893 -10792.843750 3.9830 17113
squeeze 585 -9.625893 -10868.915039 4.0111 17113
squeeze 586 -8.379154 -10933.217773 4.0393 17114
squeeze 587 -8.252501 -10996.246094 4.0676 17132
squeeze 588 -8.364717 -11049.445312 4.0960 17115
squeeze 589 -8.225555 -11106.955078 4.1245 17096
squeeze 590 -9.384505 -11166.701172 4.1531 17069
squeeze 591 -8.379337 -11230.288086 4.1818 17077
squeeze 592 -7.931120 -11287.957031 4.2106 17079
squeeze 593 -4.255095 -11349.578125 4.2395 17034
squeeze 594 -9.061056 -11417.726562 4.2684 17090
squeeze 595 -7.791807 -11462.021484 4.2975 17024
squeeze 596 -7.740802 -11538.275391 4.3267 17044
squeeze 597 -8.321784 -11607.009766 4.3560 17079
squeeze 598 -8.053820 -11663.349609 4.3854 17049
squeeze 599 -8.950674 -11720.044922 4.4149 16962
squeeze 600 -8.366632 -11789.156250 4.4444 16971
squeeze 601 -7.387389 -11850.098633 4.4741 17024
squeeze 602 -6.989460 -11891.846680 4.5039 16973
squeeze 603 -8.926956 -11947.093750 4.5338 16960
squeeze 604 -7.577516 -12004.334961 4.5638 16952
squeeze 605 -7.577516 -12083.391602 4.5938 16952
squeeze 606 -9.038218 -12138.133789 4.6240 16911
squeeze 607 -9.383207 -12193.583008 4.6543 16885
squeeze 608 -7.731400 -12261.629883 4.6846 16876
squeeze 609 -8.448910 -12321.427734 4.7151 16941
squeeze 610 -7.110075 -12383.749023 4.7457 16853
squeeze 611 -7.114767 -12447.752930 4.7763 16846
squeeze 612 -7.659335 -12499.150391 4.8071 16857
squeeze 613 -8.625503 -12553.623047 4.8380 16881
squeeze 614 -6.972676 -12593.229492 4.8689 16795
squeeze 615 -3.387988 -12646.380859 4.9000 16773
squeeze 616 -3.435766 -12719.416016 4.9312 16793
squeeze 617 -3.560089 -12771.823242 4.9624 16732
squeeze 618 -4.293347 -12830.335938 4.9938 16712
squeeze 619 -4.248404 -12881.250000 5.0252 16695
squeeze 620 -4.584085 -12934.863281 5.0568 16682
squeeze 621 -3.652590 -12999.193359 5.0884 16669
squeeze 622 -4.690422 -13055.461914 5.1202 16660
squeeze 623 -5.254689 -13106.265625 5.1520 16683
squeeze 624 -3.666687 -13176.480469 5.1840 16615
squeeze 625 -6.428681 -13226.268555 5.2160 16643
squeeze 626 -3.890958 -13279.025391 5.2482 16588
squeeze 627 -4.750890 -13337.198242 5.2804 16573
squeeze 628 -4.327826 -13400.070312 5.3128 16566
squeeze 629 -3.508298 -13461.009766 5.3452 16581
squeeze 630 -4.334495 -13515.219727 5.3778 16549
squeeze 631 -4.336980 -13589.968750 5.4104 16559
squeeze 632 -6.454165 -13646.601562 5.4432 16551
squeeze 633 -5.414833 -13697.734375 5.4760 16490
squeeze 634 -4.706884 -13752.001953 5.5089 16523
squeeze 635 -6.138893 -13813.155273 5.5420 16500
squeeze 636 -4.732738 -13838.405273 5.5751 16458
squeeze 637 -4.709980 -13898.915039 5.6083 16433
squeeze 638 -4.480567 -13954.683594 5.6417 16453
squeeze 639 -4.376454 -14009.935547 5.6751 16442
squeeze 640 -3.923583 -14059.976562 5.7086 16427
squeeze 641 -4.693152 -14123.319336 5.7423 16417
squeeze 642 -6.839848 -14170.293945 5.7760 16389
squeeze 643 -4.344639 -14228.839844 5.8098 16339
squeeze 644 -4.308078 -14271.587891 5.8438 16319
squeeze 645 -4.824513 -14346.749023 5.8778 16302
squeeze 646 -4.148529 -14407.067383 5.9119 16350
squeeze 647 -4.185001 -14443.097656 5.9461 16318
squeeze 648 -4.637237 -14502.724609 5.9804 16260
squeeze 649 -4.204276 -14538.727539 6.0149 16224
squeeze 650 -4.560382 -14578.923828 6.0494 16208
squeeze 651 -4.967669 -14642.981445 6.0840 16200
squeeze 652 -5.550885 -14701.068359 6.1187 16188
squeeze 653 -5.392401 -14750.405273 6.1535 16161
squeeze 654 -5.300762 -14797.372070 6.1884 16166
squeeze 655 -6.019233 -14835.498047 6.2235 16138
squeeze 656 -6.019233 -14919.160156 6.2586 16138
squeeze 657 -4.680264 -14970.492188 6.2938 16119
squeeze 658 -4.335760 -15021.812500 6.3291 16102
squeeze 659 -5.006288 -15068.555664 6.3645 16076
squeeze 660 -4.818338 -15101.543945 6.4000 16045
squeeze 661 -4.877300 -15164.596680 6.4356 16039
squeeze 662 -5.039499 -15230.930664 6.4713 16033
squeeze 663 -4.691644 -15294.998047 6.5071 16019
squeeze 664 -4.921723 -15336.800781 6.5430 15975
squeeze 665 -5.315026 -15410.511719 6.5790 16007
squeeze 666 -3.847608 -15466.683594 6.6151 15946
squeeze 667 -4.504770 -15504.841797 6.6513 15943
squeeze 668 -3.443990 -15584.836914 6.6876 15937
squeeze 669 -4.164530 -15622.407227 6.7240 15905
squeeze 670 -6.117872 -15685.911133 6.7605 15937
squeeze 671 -6.900276 -15723.040039 6.7971 15910
squeeze 672 -4.511541 -15783.323242 6.8338 15831
squeeze 673 -5.021840 -15848.218750 6.8706 15849
squeeze 674 -5.330733 -15889.007812 6.9075 15842
squeeze 675 -5.186760 -15922.997070 6.9444 15817
squeeze 676 -5.041339 -15965.174805 6.9815 15799
squeeze 677 -5.122275 -15999.385742 7.0187 15773
squeeze 678 -5.122275 -16084.348633 7.0560 15773
squeeze 679 -6.697536 -16118.368164 7.0934 15749
squeeze 680 -5.747701 -16159.807617 7.1309 15748
squeeze 681 -6.420401 -16147.262695 7.1684 15661
squeeze 682 -6.677595 -16224.268555 7.2061 15660
squeeze 683 -6.124798 -16283.779297 7.2439 15655
squeeze 684 -7.515132 -16342.125977 7.2818 15642
squeeze 685 -6.814346 -16395.437500 7.3198 15620
squeeze 686 -7.041468 -16441.453125 7.3578 15611
squeeze 687 -7.645332 -16481.361328 7.3960 15618
squeeze 688 -5.794803 -16548.134766 7.4343 15603
squeeze 689 -9.689800 -16612.958984 7.4726 15546
squeeze 690 -7.336957 -16621.539062 7.5111 15533
squeeze 691 -7.365425 -16696.259766 7.5497 15557
squeeze 692 -7.136581 -16718.154297 7.5883 15480
squeeze 693 -7.296834 -16760.117188 7.6271 15439
squeeze 694 -9.066536 -16811.839844 7.6660 15409
squeeze 695 -6.987278 -16862.695312 7.7049 15410
squeeze 696 -7.766137 -16879.650391 7.7440 15376
squeeze 697 -7.887726 -16924.308594 7.7832 15359
squeeze 698 -4.228214 -16978.585938 7.8224 15362
squeeze 699 -6.544205 -17023.292969 7.8618 15313
squeeze 700 -4.917233 -17040.148438 7.9012 15309
squeeze 701 -4.988078 -17096.048828 7.9408 15304
squeeze 702 -5.797774 -17141.232422 7.9804 15264
squeeze 703 -4.513955 -17202.578125 8.0202 15302
squeeze 704 -4.614631 -17246.591797 8.0600 15285
squeeze 705 -5.647243 -17294.001953 8.1000 15249
squeeze 706 -7.928435 -17240.503906 8.1400 15158
squeeze 707 -8.119696 -17305.058594 8.1802 15147
squeeze 708 -5.962178 -17356.453125 8.2204 15152
squeeze 709 -6.081418 -17382.900391 8.2608 15108
squeeze 710 -5.916171 -17445.966797 8.3012 15109
squeeze 711 -6.222702 -17468.136719 8.3418 15087
squeeze 712 -6.544387 -17525.802734 8.3824 15076
squeeze 713 -5.079452 -17581.390625 8.4232 15082
squeeze 714 -6.073809 -17572.947266 8.4640 15000
squeeze 715 -6.126423 -17622.750000 8.5049 14998
squeeze 716 -7.024131 -17671.328125 8.5460 14979
squeeze 717 -8.800538 -17707.142578 8.5871 14986
squeeze 718 -8.783457 -17736.644531 8.6283 14962
squeeze 719 -7.796701 -17765.388672 8.6697 14897
squeeze 720 -5.462617 -17805.007812 8.7111 14874
squeeze 721 -10.088001 -17834.722656 8.7526 14840
squeeze 722 -9.843612 -17849.773438 8.7943 14798
squeeze 723 -7.255984 -17873.693359 8.8360 14803
squeeze 724 -9.658216 -17936.152344 8.8778 14765
squeeze 725 -8.079553 -17950.337891 8.9198 14723
squeeze 726 -7.582366 -17996.232422 8.9618 14728
squeeze 727 -6.343290 -18019.183594 9.0039 14693
squeeze 728 -5.696537 -18021.931641 9.0461 14649
squeeze 729 -5.130572 -18076.902344 9.0884 14643
squeeze 730 -6.152857 -18112.968750 9.1309 14615
squeeze 731 -5.773029 -18141.714844 9.1734 14586
squeeze 732 -6.217154 -18197.984375 9.2160 14577
squeeze 733 -6.123744 -18215.587891 9.2587 14520
squeeze 734 -5.929081 -18227.384766 9.3015 14501
squeeze 735 -7.177958 -18239.009766 9.3444 14417
squeeze 736 -6.494348 -18278.789062 9.3875 14424
squeeze 737 -8.116100 -18285.496094 9.4306 14353
squeeze 738 -7.386209 -18294.648438 9.4738 14305
squeeze 739 -6.730399 -18345.238281 9.5171 14302
squeeze 740 -7.317544 -18401.357422 9.5605 14281
squeeze 741 -4.899259 -18439.648438 9.6040 14289
squeeze 742 -7.119492 -18473.476562 9.6476 14212
squeeze 743 -5.761382 -18498.705078 9.6913 14206
squeeze 744 -5.657483 -18529.314453 9.7351 14200
squeeze 745 -6.987868 -18555.640625 9.7790 14179
squeeze 746 -6.920104 -18557.296875 9.8230 14135
squeeze 747 -6.268206 -18560.232422 9.8671 14094
squeeze 748 -7.359504 -18581.681641 9.9113 14006
squeeze 749 -8.044610 -18613.406250 9.9556 14010
# squeeze_done crypto=-8.044610 fitness=-18613.406250 nonBinary=14010 elapsed=335.8s
# wrote enigma_m4_tensorlut_coldstart.v (160550 bytes)
