# TensorLUT Red Team — enigma_256_nlff_combo
generation: 5
formula: cubic6
netlist: build/enigma_256_nlff_combo_netlist.json
luts: 4
dffs: 0
batch: 763
explore_gens: 200
polish_gens: 120
pop: 48
polish_lambda: 0.0
explore_seed: 195936478
baseline_crypto: 0.000000
explore_best_crypto: -193.870422
explore_nonbinary: 59
polish_gen_crypto: -114.368736
final_crypto: -114.368736
final_nonbinary: 33
elite_fitness: -114.368736
squeeze_survived: false
verdict: blue_hold
note: explore λ=0; polish λ=0.0. squeeze_survived=false is a Blue hold.