# TensorLUT Red Team — enigma_256_nlff_combo
generation: 5
formula: cubic6
netlist: build/enigma_256_nlff_combo_netlist.json
luts: 4
dffs: 0
batch: 763
explore_gens: 240
polish_gens: 160
pop: 64
polish_lambda: 0.0
explore_seed: 14833185
baseline_crypto: 0.000000
explore_best_crypto: -178.309799
explore_nonbinary: 68
polish_gen_crypto: -114.301460
final_crypto: -114.000000
final_nonbinary: 0
elite_fitness: -114.000000
squeeze_survived: false
verdict: blue_hold
note: explore λ=0; polish λ=0.0. squeeze_survived=false is a Blue hold.