TensorLUT targeted-melt: loading enigma_m4_netlist.json
Stecker cones: forward=11 reverse=5 melt=16
melt-luts 105,106,107,108,109,110,111,113,115,117,119,397,399,542,786,902
# TensorLUT M4 targeted-melt
# netlist=enigma_m4_netlist.json
# LUTs=925 DFFs=49 inits=59200
# meltLUTs=16 frozen=909
# melt-luts 105,106,107,108,109,110,111,113,115,117,119,397,399,542,786,902
# crib_pt=TEST crib_ct=YCPY grundstellung=AAA (L=0 M=0 R=0)
# pop=12 explore=80 squeeze=120 lambdaMax=10.0 seed=2119188496
# resign nonBinary>128 at λ≥0.5*λmax restarts=2
# phase lineage gen bestCrypto bestFitness lambda nonBinary(melt) [RESIGN]
explore 0 0 -4.730421 -4.730421 0.0000 1003
explore 0 1 -4.210874 -4.210874 0.0000 973
explore 0 2 -4.210874 -4.210874 0.0000 973
explore 0 3 -3.970393 -3.970393 0.0000 961
explore 0 4 -3.951621 -3.951621 0.0000 904
explore 0 5 -3.653958 -3.653958 0.0000 882
explore 0 6 -3.618755 -3.618755 0.0000 867
explore 0 7 -3.457946 -3.457946 0.0000 867
explore 0 8 -3.457946 -3.457946 0.0000 867
explore 0 9 -3.286317 -3.286317 0.0000 845
explore 0 10 -3.286317 -3.286317 0.0000 845
explore 0 11 -3.217962 -3.217962 0.0000 819
explore 0 12 -3.191542 -3.191542 0.0000 802
explore 0 13 -3.191542 -3.191542 0.0000 802
explore 0 14 -3.191542 -3.191542 0.0000 802
explore 0 15 -3.059470 -3.059470 0.0000 784
explore 0 16 -3.059470 -3.059470 0.0000 784
explore 0 17 -3.059470 -3.059470 0.0000 784
explore 0 18 -3.059470 -3.059470 0.0000 784
explore 0 19 -3.017196 -3.017196 0.0000 743
explore 0 20 -3.017188 -3.017188 0.0000 763
explore 0 21 -2.978518 -2.978518 0.0000 752
explore 0 22 -2.978518 -2.978518 0.0000 752
explore 0 23 -2.978518 -2.978518 0.0000 752
explore 0 24 -2.963757 -2.963757 0.0000 745
explore 0 25 -2.963757 -2.963757 0.0000 745
explore 0 26 -2.958996 -2.958996 0.0000 721
explore 0 27 -2.958980 -2.958980 0.0000 719
explore 0 28 -2.958978 -2.958978 0.0000 715
explore 0 29 -2.950283 -2.950283 0.0000 712
explore 0 30 -2.950283 -2.950283 0.0000 712
explore 0 31 -2.948928 -2.948928 0.0000 708
explore 0 32 -2.948928 -2.948928 0.0000 708
explore 0 33 -2.948928 -2.948928 0.0000 708
explore 0 34 -2.948899 -2.948899 0.0000 689
explore 0 35 -2.937172 -2.937172 0.0000 685
explore 0 36 -2.937172 -2.937172 0.0000 685
explore 0 37 -2.936520 -2.936520 0.0000 679
explore 0 38 -2.936520 -2.936520 0.0000 679
explore 0 39 -2.936520 -2.936520 0.0000 679
explore 0 40 -2.936509 -2.936509 0.0000 675
explore 0 41 -2.931888 -2.931888 0.0000 666
explore 0 42 -2.931888 -2.931888 0.0000 666
explore 0 43 -2.931888 -2.931888 0.0000 666
explore 0 44 -2.931888 -2.931888 0.0000 666
explore 0 45 -2.928438 -2.928438 0.0000 652
explore 0 46 -2.928438 -2.928438 0.0000 652
explore 0 47 -2.921474 -2.921474 0.0000 640
explore 0 48 -2.920761 -2.920761 0.0000 630
explore 0 49 -2.916336 -2.916336 0.0000 630
explore 0 50 -2.916336 -2.916336 0.0000 630
explore 0 51 -2.916336 -2.916336 0.0000 630
explore 0 52 -2.916300 -2.916300 0.0000 620
explore 0 53 -2.916300 -2.916300 0.0000 620
explore 0 54 -2.916216 -2.916216 0.0000 596
explore 0 55 -2.915514 -2.915514 0.0000 608
explore 0 56 -2.915514 -2.915514 0.0000 608
explore 0 57 -2.915514 -2.915514 0.0000 608
explore 0 58 -2.915375 -2.915375 0.0000 591
explore 0 59 -2.915375 -2.915375 0.0000 591
explore 0 60 -2.911897 -2.911897 0.0000 608
explore 0 61 -2.911897 -2.911897 0.0000 608
explore 0 62 -2.911897 -2.911897 0.0000 608
explore 0 63 -2.911897 -2.911897 0.0000 608
explore 0 64 -2.911897 -2.911897 0.0000 608
explore 0 65 -2.630205 -2.630205 0.0000 584
explore 0 66 -2.630205 -2.630205 0.0000 584
explore 0 67 -2.537216 -2.537216 0.0000 579
explore 0 68 -2.526672 -2.526672 0.0000 570
explore 0 69 -2.526672 -2.526672 0.0000 570
explore 0 70 -2.526672 -2.526672 0.0000 570
explore 0 71 -2.526672 -2.526672 0.0000 570
explore 0 72 -2.526629 -2.526629 0.0000 561
explore 0 73 -2.526629 -2.526629 0.0000 561
explore 0 74 -2.526629 -2.526629 0.0000 561
explore 0 75 -2.481097 -2.481097 0.0000 561
explore 0 76 -2.481097 -2.481097 0.0000 561
explore 0 77 -2.481097 -2.481097 0.0000 561
explore 0 78 -2.480876 -2.480876 0.0000 549
explore 0 79 -2.448675 -2.448675 0.0000 563
# explore_done crypto=-2.448675 fitness=-2.448675 nonBinary=563 elapsed=34.9s
squeeze 0 80 -2.423213 -2.423213 0.0000 562
squeeze 0 81 -2.423213 -2.423213 0.0000 562
squeeze 0 82 -2.411726 -2.411726 0.0000 547
squeeze 0 83 -1.984910 -1.984910 0.0000 541
squeeze 0 84 -1.984910 -1.984910 0.0000 541
squeeze 0 85 -1.939311 -1.939311 0.0000 541
squeeze 0 86 -1.939311 -1.939311 0.0000 541
squeeze 0 87 -1.939083 -1.939083 0.0000 535
squeeze 0 88 -1.939083 -1.939083 0.0000 535
squeeze 0 89 -1.877453 -1.877453 0.0000 528
squeeze 0 90 -1.877453 -1.877453 0.0000 528
squeeze 0 91 -1.874195 -1.874195 0.0000 523
squeeze 0 92 -1.805149 -1.805149 0.0000 522
squeeze 0 93 -1.792467 -1.883955 0.0009 520
squeeze 0 94 -1.792502 -2.155465 0.0034 518
squeeze 0 95 -1.792502 -2.602491 0.0077 515
squeeze 0 96 -1.769627 -3.212250 0.0137 514
squeeze 0 97 -1.769710 -3.993040 0.0214 506
squeeze 0 98 -1.792469 -4.937092 0.0309 502
squeeze 0 99 -1.740232 -5.985875 0.0420 499
squeeze 0 100 -1.740232 -7.285563 0.0549 499
squeeze 0 101 -1.740232 -8.758538 0.0694 499
squeeze 0 102 -1.781473 -10.361783 0.0857 489
squeeze 0 103 -1.740232 -12.015884 0.1037 488
squeeze 0 104 -1.740232 -13.969110 0.1235 488
squeeze 0 105 -1.682522 -15.854612 0.1449 483
squeeze 0 106 -1.740232 -18.113190 0.1680 480
squeeze 0 107 -1.740232 -20.398432 0.1929 479
squeeze 0 108 -1.740941 -22.869192 0.2195 472
squeeze 0 109 -1.686829 -25.347021 0.2478 473
squeeze 0 110 -1.686829 -28.212450 0.2778 473
squeeze 0 111 -1.740941 -30.821030 0.3095 463
squeeze 0 112 -1.746021 -33.906021 0.3429 463
squeeze 0 113 -1.786768 -37.030388 0.3781 462
squeeze 0 114 -1.805929 -39.425457 0.4150 447
squeeze 0 115 -1.805929 -42.923138 0.4535 447
squeeze 0 116 -1.701098 -45.796806 0.4938 441
squeeze 0 117 -1.701098 -49.381268 0.5358 438
squeeze 0 118 -1.701098 -53.066433 0.5796 436
squeeze 0 119 -1.701098 -56.484768 0.6250 431
squeeze 0 120 -1.787950 -60.397839 0.6722 429
squeeze 0 121 -1.639591 -64.274368 0.7210 430
squeeze 0 122 -1.821186 -67.967506 0.7716 420
squeeze 0 123 -1.821186 -72.450752 0.8239 420
squeeze 0 124 -1.831538 -76.406456 0.8779 424
squeeze 0 125 -1.742178 -80.570862 0.9336 420
squeeze 0 126 -1.742178 -84.229935 0.9911 415
squeeze 0 127 -1.742178 -89.153534 1.0502 415
squeeze 0 128 -1.756893 -93.116020 1.1111 406
squeeze 0 129 -1.845201 -97.907639 1.1737 406
squeeze 0 130 -1.844041 -102.887398 1.2380 405
squeeze 0 131 -1.836936 -106.794815 1.3040 400
squeeze 0 132 -1.873431 -110.940430 1.3717 393
squeeze 0 133 -2.252838 -115.450005 1.4412 390
squeeze 0 134 -2.252838 -120.061371 1.5123 386
squeeze 0 135 -1.843832 -124.859100 1.5852 386
squeeze 0 136 -1.986669 -130.347458 1.6598 387
squeeze 0 137 -2.455012 -135.607758 1.7361 384
squeeze 0 138 -1.986669 -140.498108 1.8141 385
squeeze 0 139 -1.986669 -144.720444 1.8939 381
squeeze 0 140 -2.777560 -148.152679 1.9753 371
squeeze 0 141 -2.798585 -150.944229 2.0585 363
squeeze 0 142 -2.798585 -155.377533 2.1433 360
squeeze 0 143 -3.017537 -160.145065 2.2299 356
squeeze 0 144 -2.775789 -165.342316 2.3182 355
squeeze 0 145 -3.367360 -171.097260 2.4083 353
squeeze 0 146 -3.686929 -176.811707 2.5000 352
squeeze 0 147 -3.087981 -180.989136 2.5935 348
squeeze 0 148 -4.087008 -186.615204 2.6886 344
squeeze 0 149 -3.725249 -192.509628 2.7855 345
squeeze 0 150 -3.725249 -197.173645 2.8841 343
squeeze 0 151 -3.843663 -201.387772 2.9844 338
squeeze 0 152 -3.843663 -208.140945 3.0864 338
squeeze 0 153 -3.842680 -213.258911 3.1902 338
squeeze 0 154 -4.524758 -218.057297 3.2956 329
squeeze 0 155 -4.341029 -222.686279 3.4028 329
squeeze 0 156 -3.837302 -228.542282 3.5117 332
squeeze 0 157 -4.339370 -232.943039 3.6223 324
squeeze 0 158 -4.581647 -237.197769 3.7346 321
squeeze 0 159 -3.896779 -240.730743 3.8486 320
squeeze 0 160 -5.563137 -246.673767 3.9643 316
squeeze 0 161 -5.563137 -251.285736 4.0818 313
squeeze 0 162 -5.563137 -254.483582 4.2010 310
squeeze 0 163 -5.541929 -260.530396 4.3218 310
squeeze 0 164 -5.604169 -267.115295 4.4444 309
squeeze 0 165 -5.415788 -271.605072 4.5688 307
squeeze 0 166 -5.760687 -276.052948 4.6948 302
squeeze 0 167 -5.760233 -277.445190 4.8225 296
squeeze 0 168 -5.760233 -284.738403 4.9520 296
squeeze 0 169 -5.760233 -291.986938 5.0832 297 RESIGN
squeeze 1 80 -4.923625 -4.923625 0.0000 1018
squeeze 1 81 -4.898489 -4.898489 0.0000 1010
squeeze 1 82 -4.720841 -4.720841 0.0000 999
squeeze 1 83 -4.480945 -4.480945 0.0000 990
squeeze 1 84 -4.480945 -4.480945 0.0000 990
squeeze 1 85 -3.854991 -3.854991 0.0000 979
squeeze 1 86 -3.783042 -3.783042 0.0000 969
squeeze 1 87 -3.755444 -3.755444 0.0000 969
squeeze 1 88 -3.755444 -3.755444 0.0000 969
squeeze 1 89 -3.497842 -3.497842 0.0000 950
squeeze 1 90 -3.497842 -3.497842 0.0000 950
squeeze 1 91 -3.497838 -3.497838 0.0000 944
squeeze 1 92 -3.458779 -3.458779 0.0000 932
squeeze 1 93 -3.458781 -3.653099 0.0009 925
squeeze 1 94 -3.439957 -4.210020 0.0034 917
squeeze 1 95 -3.439957 -5.172599 0.0077 917
squeeze 1 96 -3.458777 -6.456492 0.0137 897
squeeze 1 97 -3.458772 -8.122050 0.0214 893
squeeze 1 98 -3.422476 -10.081456 0.0309 887
squeeze 1 99 -3.441699 -12.323395 0.0420 872
squeeze 1 100 -3.460392 -14.899981 0.0549 864
squeeze 1 101 -3.214434 -17.760109 0.0694 866
squeeze 1 102 -3.185211 -20.900373 0.0857 856
squeeze 1 103 -3.289491 -24.284990 0.1037 843
squeeze 1 104 -3.388505 -28.058613 0.1235 830
squeeze 1 105 -3.388501 -31.939995 0.1449 820
squeeze 1 106 -3.301923 -36.034073 0.1680 812
squeeze 1 107 -3.218738 -40.584560 0.1929 808
squeeze 1 108 -3.213341 -45.290874 0.2195 798
squeeze 1 109 -3.231312 -49.992767 0.2478 794
squeeze 1 110 -3.488411 -55.108521 0.2778 783
squeeze 1 111 -3.488412 -60.566189 0.3095 779
squeeze 1 112 -3.488412 -66.144890 0.3429 774
squeeze 1 113 -3.488411 -71.907013 0.3781 768
squeeze 1 114 -3.355647 -77.463242 0.4150 758
squeeze 1 115 -3.355648 -83.228310 0.4535 749
squeeze 1 116 -3.313660 -89.425613 0.4938 743
squeeze 1 117 -3.313662 -95.623962 0.5358 736
squeeze 1 118 -3.408935 -102.097992 0.5796 729
squeeze 1 119 -3.247910 -107.562820 0.6250 721
squeeze 1 120 -4.222075 -115.346741 0.6722 713
squeeze 1 121 -3.470946 -121.865852 0.7210 708
squeeze 1 122 -3.538660 -128.643127 0.7716 699
squeeze 1 123 -3.538527 -136.179626 0.8239 696
squeeze 1 124 -3.515378 -143.838135 0.8779 690
squeeze 1 125 -3.573918 -150.811523 0.9336 683
squeeze 1 126 -3.480853 -157.587372 0.9911 675
squeeze 1 127 -3.515581 -166.075409 1.0502 674
squeeze 1 128 -3.499327 -173.094070 1.1111 665
squeeze 1 129 -3.857867 -180.987442 1.1737 659
squeeze 1 130 -3.799964 -187.185150 1.2380 650
squeeze 1 131 -3.809249 -194.939133 1.3040 644
squeeze 1 132 -3.809234 -202.846176 1.3717 640
squeeze 1 133 -3.796874 -210.494324 1.4412 632
squeeze 1 134 -3.796874 -218.348129 1.5123 626
squeeze 1 135 -3.796867 -226.002640 1.5852 621
squeeze 1 136 -3.744050 -232.731781 1.6598 615
squeeze 1 137 -3.703552 -241.568893 1.7361 611
squeeze 1 138 -3.703503 -249.399170 1.8141 606
squeeze 1 139 -3.703502 -259.145752 1.8939 606
squeeze 1 140 -3.537251 -266.505127 1.9753 597
squeeze 1 141 -3.537251 -273.116028 2.0585 589
squeeze 1 142 -3.606802 -284.045807 2.1433 590
squeeze 1 143 -3.608743 -292.236420 2.2299 583
squeeze 1 144 -3.531327 -301.285889 2.3182 581
squeeze 1 145 -3.531317 -307.940643 2.4083 572
squeeze 1 146 -3.531454 -316.045380 2.5000 568
squeeze 1 147 -3.529405 -326.717804 2.5935 564
squeeze 1 148 -3.496300 -336.853912 2.6886 560
squeeze 1 149 -3.861691 -345.761658 2.7855 559
squeeze 1 150 -3.571187 -354.608307 2.8841 553
squeeze 1 151 -3.533838 -360.543213 2.9844 544
squeeze 1 152 -3.533833 -366.952209 3.0864 537
squeeze 1 153 -3.505286 -375.668365 3.1902 529
squeeze 1 154 -3.287002 -381.254028 3.2956 526
squeeze 1 155 -3.505306 -389.434601 3.4028 520
squeeze 1 156 -3.288845 -397.454437 3.5117 516
squeeze 1 157 -3.285127 -407.078003 3.6223 515
squeeze 1 158 -3.305548 -416.852783 3.7346 513
squeeze 1 159 -3.285127 -424.848755 3.8486 507
squeeze 1 160 -3.285017 -436.159729 3.9643 507
squeeze 1 161 -3.285130 -447.758728 4.0818 504
squeeze 1 162 -3.262681 -457.351257 4.2010 503
squeeze 1 163 -3.291842 -459.986481 4.3218 493
squeeze 1 164 -3.279540 -471.821014 4.4444 494
squeeze 1 165 -3.279918 -480.051178 4.5688 490
squeeze 1 166 -3.971933 -483.852722 4.6948 482
squeeze 1 167 -3.971933 -496.910248 4.8225 482
squeeze 1 168 -3.253949 -505.433136 4.9520 477
squeeze 1 169 -3.778678 -511.656677 5.0832 472 RESIGN
squeeze 2 80 -4.570785 -4.570785 0.0000 1008
squeeze 2 81 -4.570785 -4.570785 0.0000 1008
squeeze 2 82 -4.293379 -4.293379 0.0000 998
squeeze 2 83 -4.020415 -4.020415 0.0000 980
squeeze 2 84 -4.020415 -4.020415 0.0000 980
squeeze 2 85 -3.752359 -3.752359 0.0000 971
squeeze 2 86 -3.714159 -3.714159 0.0000 964
squeeze 2 87 -3.670545 -3.670545 0.0000 957
squeeze 2 88 -3.648874 -3.648874 0.0000 943
squeeze 2 89 -3.648874 -3.648874 0.0000 943
squeeze 2 90 -3.518511 -3.518511 0.0000 939
squeeze 2 91 -3.490075 -3.490075 0.0000 938
squeeze 2 92 -3.470350 -3.470350 0.0000 932
squeeze 2 93 -3.232550 -3.426427 0.0009 925
squeeze 2 94 -3.180825 -3.942363 0.0034 910
squeeze 2 95 -3.083786 -4.791252 0.0077 905
squeeze 2 96 -3.083786 -6.119284 0.0137 905
squeeze 2 97 -3.052426 -7.736835 0.0214 898
squeeze 2 98 -3.049565 -9.732009 0.0309 893
squeeze 2 99 -3.045664 -11.988724 0.0420 879
squeeze 2 100 -3.047483 -14.629059 0.0549 870
squeeze 2 101 -3.079069 -17.563993 0.0694 861
squeeze 2 102 -3.075921 -20.778873 0.0857 856
squeeze 2 103 -3.116901 -24.248327 0.1037 844
squeeze 2 104 -3.065886 -27.971474 0.1235 837
squeeze 2 105 -3.105433 -31.998487 0.1449 835
squeeze 2 106 -3.105432 -36.051476 0.1680 821
squeeze 2 107 -3.224764 -40.591232 0.1929 810
squeeze 2 108 -3.096356 -45.152981 0.2195 801
squeeze 2 109 -3.167803 -49.870441 0.2478 793
squeeze 2 110 -3.092223 -55.154892 0.2778 787
squeeze 2 111 -3.186342 -60.603783 0.3095 775
squeeze 2 112 -3.319209 -66.107155 0.3429 774
squeeze 2 113 -3.156789 -70.897919 0.3781 757
squeeze 2 114 -3.225780 -76.717957 0.4150 748
squeeze 2 115 -3.152569 -82.676773 0.4535 741
squeeze 2 116 -3.453076 -89.180305 0.4938 736
squeeze 2 117 -3.482519 -95.771271 0.5358 732
squeeze 2 118 -3.671529 -101.249886 0.5796 719
squeeze 2 119 -3.666847 -107.709892 0.6250 714
squeeze 2 120 -3.731407 -114.865097 0.6722 712
squeeze 2 121 -3.156365 -121.766045 0.7210 706
squeeze 2 122 -3.546681 -128.961487 0.7716 702
squeeze 2 123 -3.455873 -135.864380 0.8239 692
squeeze 2 124 -3.698907 -141.855118 0.8779 678
squeeze 2 125 -3.666843 -149.005722 0.9336 670
squeeze 2 126 -3.666843 -156.092041 0.9911 662
squeeze 2 127 -3.698906 -164.757294 1.0502 662
squeeze 2 128 -3.547574 -172.038116 1.1111 656
squeeze 2 129 -3.547574 -179.221756 1.1737 648
squeeze 2 130 -3.666806 -186.971527 1.2380 642
squeeze 2 131 -3.455739 -195.814529 1.3040 639
squeeze 2 132 -3.485147 -203.642334 1.3717 632
squeeze 2 133 -3.439973 -212.252457 1.4412 632
squeeze 2 134 -3.307748 -220.241943 1.5123 629
squeeze 2 135 -3.519500 -228.547775 1.5852 624
squeeze 2 136 -3.516374 -237.003128 1.6598 619
squeeze 2 137 -3.355500 -246.143448 1.7361 618
squeeze 2 138 -3.553827 -253.993301 1.8141 613
squeeze 2 139 -3.553827 -263.512604 1.8939 608
squeeze 2 140 -3.524027 -269.823608 1.9753 603
squeeze 2 141 -3.524025 -279.223236 2.0585 603
squeeze 2 142 -3.688753 -288.675293 2.1433 598
squeeze 2 143 -3.695724 -296.163818 2.2299 595
squeeze 2 144 -3.662361 -307.006287 2.3182 591
squeeze 2 145 -4.090417 -316.141327 2.4083 581
squeeze 2 146 -3.713162 -325.733887 2.5000 586
squeeze 2 147 -4.491657 -331.426971 2.5935 575
squeeze 2 148 -4.456741 -342.523438 2.6886 575
squeeze 2 149 -4.491648 -349.560028 2.7855 567
squeeze 2 150 -4.491648 -361.773834 2.8841 567
squeeze 2 151 -3.499340 -370.829041 2.9844 560
squeeze 2 152 -3.499664 -379.949005 3.0864 556
squeeze 2 153 -3.457860 -390.737518 3.1902 560
squeeze 2 154 -3.499664 -400.173706 3.2956 550
squeeze 2 155 -4.953709 -409.656769 3.4028 548
squeeze 2 156 -3.438436 -417.319122 3.5117 545
squeeze 2 157 -4.074640 -425.035492 3.6223 539
squeeze 2 158 -4.074640 -436.973083 3.7346 538
squeeze 2 159 -4.074708 -445.282349 3.8486 534
squeeze 2 160 -4.075795 -454.921539 3.9643 531
squeeze 2 161 -4.161177 -464.943237 4.0818 528
squeeze 2 162 -4.161177 -475.758118 4.2010 526
squeeze 2 163 -4.367428 -484.247681 4.3218 517
squeeze 2 164 -4.367427 -492.474121 4.4444 513
squeeze 2 165 -4.363870 -502.816406 4.5688 506
squeeze 2 166 -3.976876 -506.916107 4.6948 505
squeeze 2 167 -3.995790 -517.882263 4.8225 502
squeeze 2 168 -5.195588 -526.944275 4.9520 497
squeeze 2 169 -3.530439 -526.486328 5.0832 489 RESIGN
# squeeze_done crypto=-3.530439 fitness=-291.986938 nonBinary=297 resigns=3 elapsed=153.8s
# wrote enigma_m4_tensorlut_stecker_resign.v (160549 bytes)
targeted-melt finished in 153.8s — log logs/tensorlut-m4-stecker-resign-control.log
