
 /----------------------------------------------------------------------------\
 |  yosys -- Yosys Open SYnthesis Suite                                       |
 |  Copyright (C) 2012 - 2026  Claire Xenia Wolf <claire@yosyshq.com>         |
 |  Distributed under an ISC-like license, type "license" to see terms        |
 \----------------------------------------------------------------------------/
 Yosys 0.68+post (git sha1 c12172fbae8af5e20f6fb52e3d4e92d56ed587b6, Release, AppleClang clang++ 21.0.0.21000101)

-- Executing script file `flow.ys' --

1. Executing Verilog-2005 frontend: lut6.v
Parsing Verilog input from `lut6.v' to AST representation.
Generating RTLIL representation for module `\LUT6'.
Successfully finished Verilog frontend.

2. Executing Verilog-2005 frontend: emitted.v
Parsing Verilog input from `emitted.v' to AST representation.
Generating RTLIL representation for module `\decision6_dut'.
Successfully finished Verilog frontend.

3. Executing HIERARCHY pass (managing design hierarchy).

3.1. Analyzing design hierarchy..
Top module:  \decision6_dut
Used module:     \LUT6
Parameter \INIT = 64'1000100010001000100010001000100010001000100010001000100010001000

3.2. Executing AST frontend in derive mode using pre-parsed AST for module `\LUT6'.
Parameter \INIT = 64'1000100010001000100010001000100010001000100010001000100010001000
Generating RTLIL representation for module `$paramod$21a8bc909cf124d59085eb7f904656a55f93f58c\LUT6'.
Parameter \INIT = 64'1111011111010101111100101101000010100010100000001111001011010000

3.3. Executing AST frontend in derive mode using pre-parsed AST for module `\LUT6'.
Parameter \INIT = 64'1111011111010101111100101101000010100010100000001111001011010000
Generating RTLIL representation for module `$paramod$9436d35be6df844ef76d290c54327a5fb42678c7\LUT6'.
Parameter \INIT = 64'1111011111010101111100101101000010100010100000001111001011010000
Found cached RTLIL representation for module `$paramod$9436d35be6df844ef76d290c54327a5fb42678c7\LUT6'.

3.4. Analyzing design hierarchy..
Top module:  \decision6_dut
Used module:     $paramod$21a8bc909cf124d59085eb7f904656a55f93f58c\LUT6
Used module:     $paramod$9436d35be6df844ef76d290c54327a5fb42678c7\LUT6

3.5. Analyzing design hierarchy..
Top module:  \decision6_dut
Used module:     $paramod$21a8bc909cf124d59085eb7f904656a55f93f58c\LUT6
Used module:     $paramod$9436d35be6df844ef76d290c54327a5fb42678c7\LUT6
Removing unused module `\LUT6'.
Removed 1 unused modules.

4. Executing PROC pass (convert processes to netlists).

4.1. Executing PROC_CLEAN pass (remove empty switches from decision trees).
Cleaned up 0 empty switches.

4.2. Executing PROC_RMDEAD pass (remove dead branches from decision trees).
Removed a total of 0 dead cases.

4.3. Executing PROC_PRUNE pass (remove redundant assignments in processes).
Removed 0 redundant assignments.
Promoted 0 assignments to connections.

4.4. Executing PROC_INIT pass (extract init attributes).

4.5. Executing PROC_ARST pass (detect async resets in processes).

4.6. Executing PROC_ROM pass (convert switches to ROMs).
Converted 0 switches.

4.7. Executing PROC_MUX pass (convert decision trees to multiplexers).

4.8. Executing PROC_DLATCH pass (convert process syncs to latches).

4.9. Executing PROC_DFF pass (convert process syncs to FFs).

4.10. Executing PROC_MEMWR pass (convert process memory writes to cells).

4.11. Executing PROC_CLEAN pass (remove empty switches from decision trees).
Cleaned up 0 empty switches.

4.12. Executing OPT_EXPR pass (perform const folding).
Optimizing module $paramod$21a8bc909cf124d59085eb7f904656a55f93f58c\LUT6.
Optimizing module decision6_dut.
Optimizing module $paramod$9436d35be6df844ef76d290c54327a5fb42678c7\LUT6.

5. Executing FLATTEN pass (flatten design).
Deleting now unused module $paramod$21a8bc909cf124d59085eb7f904656a55f93f58c\LUT6.
Deleting now unused module $paramod$9436d35be6df844ef76d290c54327a5fb42678c7\LUT6.
<suppressed ~3 debug messages>

6. Executing OPT pass (performing simple optimizations).

6.1. Executing OPT_EXPR pass (perform const folding).
Optimizing module decision6_dut.

6.2. Executing OPT_MERGE pass (detect identical cells).
Finding identical cells in module `\decision6_dut'.
Computing hashes of 6 cells of `\decision6_dut'.
Finding duplicate cells in `\decision6_dut'.
Computing hashes of 5 cells of `\decision6_dut'.
Finding duplicate cells in `\decision6_dut'.
<suppressed ~3 debug messages>
Removed a total of 1 cells.

6.3. Executing OPT_MUXTREE pass (detect dead branches in mux trees).
Running muxtree optimizer on module \decision6_dut..
  Creating internal representation of mux trees.
  No muxes found in this module.
Removed 0 multiplexer ports.

6.4. Executing OPT_REDUCE pass (consolidate $*mux and $reduce_* inputs).
  Optimizing cells in module \decision6_dut.
Performed a total of 0 changes.

6.5. Executing OPT_MERGE pass (detect identical cells).
Finding identical cells in module `\decision6_dut'.
Computing hashes of 5 cells of `\decision6_dut'.
Finding duplicate cells in `\decision6_dut'.
Removed a total of 0 cells.

6.6. Executing OPT_DFF pass (perform DFF optimizations).

6.7. Executing OPT_CLEAN pass (remove unused cells and wires).
Finding unused cells or wires in module \decision6_dut..
Removed 0 unused cells and 3 unused wires.
<suppressed ~1 debug messages>

6.8. Executing OPT_EXPR pass (perform const folding).
Optimizing module decision6_dut.

6.9. Rerunning OPT passes. (Maybe there is more to do..)

6.10. Executing OPT_MUXTREE pass (detect dead branches in mux trees).
Running muxtree optimizer on module \decision6_dut..
  Creating internal representation of mux trees.
  No muxes found in this module.
Removed 0 multiplexer ports.

6.11. Executing OPT_REDUCE pass (consolidate $*mux and $reduce_* inputs).
  Optimizing cells in module \decision6_dut.
Performed a total of 0 changes.

6.12. Executing OPT_MERGE pass (detect identical cells).
Finding identical cells in module `\decision6_dut'.
Computing hashes of 5 cells of `\decision6_dut'.
Finding duplicate cells in `\decision6_dut'.
Removed a total of 0 cells.

6.13. Executing OPT_DFF pass (perform DFF optimizations).

6.14. Executing OPT_CLEAN pass (remove unused cells and wires).
Finding unused cells or wires in module \decision6_dut..

6.15. Executing OPT_EXPR pass (perform const folding).
Optimizing module decision6_dut.

6.16. Finished fast OPT passes. (There is nothing left to do.)

7. Executing TECHMAP pass (map to technology primitives).

7.1. Executing Verilog-2005 frontend: /opt/homebrew/bin/../share/yosys/techmap.v
Parsing Verilog input from `/opt/homebrew/bin/../share/yosys/techmap.v' to AST representation.
Generating RTLIL representation for module `\_90_simplemap_bool_ops'.
Generating RTLIL representation for module `\_90_simplemap_reduce_ops'.
Generating RTLIL representation for module `\_90_simplemap_logic_ops'.
Generating RTLIL representation for module `\_90_simplemap_compare_ops'.
Generating RTLIL representation for module `\_90_simplemap_various'.
Generating RTLIL representation for module `\_90_simplemap_registers'.
Generating RTLIL representation for module `\_90_shift_ops_shr_shl_sshl_sshr'.
Generating RTLIL representation for module `\_90_shift_shiftx'.
Generating RTLIL representation for module `\_90_fa'.
Generating RTLIL representation for module `\_90_lcu_brent_kung'.
Generating RTLIL representation for module `\_90_alu'.
Generating RTLIL representation for module `\_90_macc'.
Generating RTLIL representation for module `\_90_alumacc'.
Generating RTLIL representation for module `$__div_mod_u'.
Generating RTLIL representation for module `$__div_mod_trunc'.
Generating RTLIL representation for module `\_90_div'.
Generating RTLIL representation for module `\_90_mod'.
Generating RTLIL representation for module `$__div_mod_floor'.
Generating RTLIL representation for module `\_90_divfloor'.
Generating RTLIL representation for module `\_90_modfloor'.
Generating RTLIL representation for module `\_90_pow'.
Generating RTLIL representation for module `\_90_demux'.
Generating RTLIL representation for module `\_90_lut'.
Generating RTLIL representation for module `$connect'.
Generating RTLIL representation for module `$input_port'.
Successfully finished Verilog frontend.

7.2. Continuing TECHMAP pass.
Using template $paramod$constmap:4d422274ee8c101317934694aa9a0c0f48b8d3bb$paramod$05fd02ee8975e559bee57b6e5e564b3ecd2ab687\_90_shift_shiftx for cells of type $shiftx.
Using template $paramod$constmap:ca9f44ad9fa9402d70f65820c3c5a61a0160c946$paramod$7ff4260567c9b4790ea4ff6c187771bc9869faee\_90_shift_shiftx for cells of type $shiftx.
Using extmapper simplemap for cells of type $mux.
No more expansions possible.
<suppressed ~611 debug messages>

8. Executing OPT pass (performing simple optimizations).

8.1. Executing OPT_EXPR pass (perform const folding).
Optimizing module decision6_dut.
<suppressed ~116 debug messages>

8.2. Executing OPT_MERGE pass (detect identical cells).
Finding identical cells in module `\decision6_dut'.
Computing hashes of 399 cells of `\decision6_dut'.
Finding duplicate cells in `\decision6_dut'.
Computing hashes of 330 cells of `\decision6_dut'.
Finding duplicate cells in `\decision6_dut'.
Computing hashes of 281 cells of `\decision6_dut'.
Finding duplicate cells in `\decision6_dut'.
Computing hashes of 273 cells of `\decision6_dut'.
Finding duplicate cells in `\decision6_dut'.
Computing hashes of 272 cells of `\decision6_dut'.
Finding duplicate cells in `\decision6_dut'.
<suppressed ~381 debug messages>
Removed a total of 127 cells.

8.3. Executing OPT_MUXTREE pass (detect dead branches in mux trees).
Running muxtree optimizer on module \decision6_dut..
  Creating internal representation of mux trees.
  No muxes found in this module.
Removed 0 multiplexer ports.

8.4. Executing OPT_REDUCE pass (consolidate $*mux and $reduce_* inputs).
  Optimizing cells in module \decision6_dut.
Performed a total of 0 changes.

8.5. Executing OPT_MERGE pass (detect identical cells).
Finding identical cells in module `\decision6_dut'.
Computing hashes of 272 cells of `\decision6_dut'.
Finding duplicate cells in `\decision6_dut'.
Removed a total of 0 cells.

8.6. Executing OPT_DFF pass (perform DFF optimizations).

8.7. Executing OPT_CLEAN pass (remove unused cells and wires).
Finding unused cells or wires in module \decision6_dut..
Removed 250 unused cells and 14 unused wires.
<suppressed ~251 debug messages>

8.8. Executing OPT_EXPR pass (perform const folding).
Optimizing module decision6_dut.
<suppressed ~1 debug messages>

8.9. Rerunning OPT passes. (Maybe there is more to do..)

8.10. Executing OPT_MUXTREE pass (detect dead branches in mux trees).
Running muxtree optimizer on module \decision6_dut..
  Creating internal representation of mux trees.
  No muxes found in this module.
Removed 0 multiplexer ports.

8.11. Executing OPT_REDUCE pass (consolidate $*mux and $reduce_* inputs).
  Optimizing cells in module \decision6_dut.
Performed a total of 0 changes.

8.12. Executing OPT_MERGE pass (detect identical cells).
Finding identical cells in module `\decision6_dut'.
Computing hashes of 21 cells of `\decision6_dut'.
Finding duplicate cells in `\decision6_dut'.
Removed a total of 0 cells.

8.13. Executing OPT_DFF pass (perform DFF optimizations).

8.14. Executing OPT_CLEAN pass (remove unused cells and wires).
Finding unused cells or wires in module \decision6_dut..

8.15. Executing OPT_EXPR pass (perform const folding).
Optimizing module decision6_dut.

8.16. Finished fast OPT passes. (There is nothing left to do.)

9. Executing ABC pass (technology mapping using ABC).

9.1. Extracting gate netlist of module `\decision6_dut' to `<abc-temp-dir>/input.blif'..

9.1.1. Executed ABC.
Extracted 18 gates and 26 wires to a netlist network with 6 inputs and 1 outputs.
Running ABC script: <abc-temp-dir>/abc.script
ABC: ======== ABC command line "source <abc-temp-dir>/abc.script"
ABC: + read_blif <abc-temp-dir>/input.blif 
ABC: + read_lut <abc-temp-dir>/lutdefs.txt 
ABC: + strash 
ABC: + &get -n 
ABC: + &fraig -x 
ABC: + &put 
ABC: + scorr 
ABC: Warning: The network is combinational (run "fraig" or "fraig_sweep").
ABC: + dc2 
ABC: + dretime 
ABC: + strash 
ABC: + dch -f 
ABC: + if 
ABC: + mfs2 
ABC: + lutpack -S 1 
ABC: + write_blif <abc-temp-dir>/output.blif 

9.1.2. Re-integrating ABC results.
ABC RESULTS:              $lut cells:        1
ABC RESULTS:        internal signals:       19
ABC RESULTS:           input signals:        6
ABC RESULTS:          output signals:        1
Removing temp directory.
Removing global temp directory.

10. Executing OPT_CLEAN pass (remove unused cells and wires).
Finding unused cells or wires in module \decision6_dut..
Removed 0 unused cells and 16 unused wires.
<suppressed ~5 debug messages>

11. Executing CHECK pass (checking for obvious problems).
Checking module decision6_dut...
Found and reported 0 problems.

12. Printing statistics.

=== decision6_dut ===

        +----------Local Count, excluding submodules.
        | 
       29 wires
       52 wire bits
       29 public wires
       52 public wire bits
        8 ports
        8 port bits
        4 cells
        1   $lut
        3   $scopeinfo

13. Executing JSON backend.

End of script. Logfile hash: 25d2708202, time: 0.07s, user: 0.03s, system: 0.01s, MEM: 20.20 MB peak
Yosys 0.68+post (git sha1 c12172fbae8af5e20f6fb52e3d4e92d56ed587b6, Release, AppleClang clang++ 21.0.0.21000101)
Time spent: 65% 1x abc (0 sec), 8% 5x read_verilog (0 sec), ...
