
 /----------------------------------------------------------------------------\
 |  yosys -- Yosys Open SYnthesis Suite                                       |
 |  Copyright (C) 2012 - 2026  Claire Xenia Wolf <claire@yosyshq.com>         |
 |  Distributed under an ISC-like license, type "license" to see terms        |
 \----------------------------------------------------------------------------/
 Yosys 0.68+post (git sha1 c12172fbae8af5e20f6fb52e3d4e92d56ed587b6, Release, AppleClang clang++ 21.0.0.21000101)

-- Executing script file `flow.ys' --

1. Executing Verilog-2005 frontend: lut6.v
Parsing Verilog input from `lut6.v' to AST representation.
Generating RTLIL representation for module `\LUT6'.
Successfully finished Verilog frontend.

2. Executing Verilog-2005 frontend: emitted.v
Parsing Verilog input from `emitted.v' to AST representation.
Generating RTLIL representation for module `\mux8_dut'.
Successfully finished Verilog frontend.

3. Executing HIERARCHY pass (managing design hierarchy).

3.1. Analyzing design hierarchy..
Top module:  \mux8_dut
Used module:     \LUT6
Parameter \INIT = 64'1010101010101010101010101010101010101010101010101010101010101010

3.2. Executing AST frontend in derive mode using pre-parsed AST for module `\LUT6'.
Parameter \INIT = 64'1010101010101010101010101010101010101010101010101010101010101010
Generating RTLIL representation for module `$paramod$3bb603edebd7ec20b40d6408f00e08b86f5f3952\LUT6'.
Parameter \INIT = 64'1100101011001010110010101100101011001010110010101100101011001010

3.3. Executing AST frontend in derive mode using pre-parsed AST for module `\LUT6'.
Parameter \INIT = 64'1100101011001010110010101100101011001010110010101100101011001010
Generating RTLIL representation for module `$paramod$2af06602961817110579d7c90717c9a7ddb8c2e1\LUT6'.
Parameter \INIT = 64'1100101011001010110010101100101011001010110010101100101011001010
Found cached RTLIL representation for module `$paramod$2af06602961817110579d7c90717c9a7ddb8c2e1\LUT6'.
Parameter \INIT = 64'1100101011001010110010101100101011001010110010101100101011001010
Found cached RTLIL representation for module `$paramod$2af06602961817110579d7c90717c9a7ddb8c2e1\LUT6'.
Parameter \INIT = 64'1100101011001010110010101100101011001010110010101100101011001010
Found cached RTLIL representation for module `$paramod$2af06602961817110579d7c90717c9a7ddb8c2e1\LUT6'.
Parameter \INIT = 64'1100101011001010110010101100101011001010110010101100101011001010
Found cached RTLIL representation for module `$paramod$2af06602961817110579d7c90717c9a7ddb8c2e1\LUT6'.
Parameter \INIT = 64'1100101011001010110010101100101011001010110010101100101011001010
Found cached RTLIL representation for module `$paramod$2af06602961817110579d7c90717c9a7ddb8c2e1\LUT6'.
Parameter \INIT = 64'1100101011001010110010101100101011001010110010101100101011001010
Found cached RTLIL representation for module `$paramod$2af06602961817110579d7c90717c9a7ddb8c2e1\LUT6'.
Parameter \INIT = 64'1100101011001010110010101100101011001010110010101100101011001010
Found cached RTLIL representation for module `$paramod$2af06602961817110579d7c90717c9a7ddb8c2e1\LUT6'.
Parameter \INIT = 64'1100101011001010110010101100101011001010110010101100101011001010
Found cached RTLIL representation for module `$paramod$2af06602961817110579d7c90717c9a7ddb8c2e1\LUT6'.
Parameter \INIT = 64'1100101011001010110010101100101011001010110010101100101011001010
Found cached RTLIL representation for module `$paramod$2af06602961817110579d7c90717c9a7ddb8c2e1\LUT6'.
Parameter \INIT = 64'1100101011001010110010101100101011001010110010101100101011001010
Found cached RTLIL representation for module `$paramod$2af06602961817110579d7c90717c9a7ddb8c2e1\LUT6'.
Parameter \INIT = 64'1100101011001010110010101100101011001010110010101100101011001010
Found cached RTLIL representation for module `$paramod$2af06602961817110579d7c90717c9a7ddb8c2e1\LUT6'.
Parameter \INIT = 64'1100101011001010110010101100101011001010110010101100101011001010
Found cached RTLIL representation for module `$paramod$2af06602961817110579d7c90717c9a7ddb8c2e1\LUT6'.
Parameter \INIT = 64'1100101011001010110010101100101011001010110010101100101011001010
Found cached RTLIL representation for module `$paramod$2af06602961817110579d7c90717c9a7ddb8c2e1\LUT6'.

3.4. Analyzing design hierarchy..
Top module:  \mux8_dut
Used module:     $paramod$3bb603edebd7ec20b40d6408f00e08b86f5f3952\LUT6
Used module:     $paramod$2af06602961817110579d7c90717c9a7ddb8c2e1\LUT6

3.5. Analyzing design hierarchy..
Top module:  \mux8_dut
Used module:     $paramod$3bb603edebd7ec20b40d6408f00e08b86f5f3952\LUT6
Used module:     $paramod$2af06602961817110579d7c90717c9a7ddb8c2e1\LUT6
Removing unused module `\LUT6'.
Removed 1 unused modules.

4. Executing PROC pass (convert processes to netlists).

4.1. Executing PROC_CLEAN pass (remove empty switches from decision trees).
Cleaned up 0 empty switches.

4.2. Executing PROC_RMDEAD pass (remove dead branches from decision trees).
Removed a total of 0 dead cases.

4.3. Executing PROC_PRUNE pass (remove redundant assignments in processes).
Removed 0 redundant assignments.
Promoted 0 assignments to connections.

4.4. Executing PROC_INIT pass (extract init attributes).

4.5. Executing PROC_ARST pass (detect async resets in processes).

4.6. Executing PROC_ROM pass (convert switches to ROMs).
Converted 0 switches.

4.7. Executing PROC_MUX pass (convert decision trees to multiplexers).

4.8. Executing PROC_DLATCH pass (convert process syncs to latches).

4.9. Executing PROC_DFF pass (convert process syncs to FFs).

4.10. Executing PROC_MEMWR pass (convert process memory writes to cells).

4.11. Executing PROC_CLEAN pass (remove empty switches from decision trees).
Cleaned up 0 empty switches.

4.12. Executing OPT_EXPR pass (perform const folding).
Optimizing module $paramod$3bb603edebd7ec20b40d6408f00e08b86f5f3952\LUT6.
Optimizing module mux8_dut.
Optimizing module $paramod$2af06602961817110579d7c90717c9a7ddb8c2e1\LUT6.

5. Executing FLATTEN pass (flatten design).
Deleting now unused module $paramod$3bb603edebd7ec20b40d6408f00e08b86f5f3952\LUT6.
Deleting now unused module $paramod$2af06602961817110579d7c90717c9a7ddb8c2e1\LUT6.
<suppressed ~15 debug messages>

6. Executing OPT pass (performing simple optimizations).

6.1. Executing OPT_EXPR pass (perform const folding).
Optimizing module mux8_dut.

6.2. Executing OPT_MERGE pass (detect identical cells).
Finding identical cells in module `\mux8_dut'.
Computing hashes of 30 cells of `\mux8_dut'.
Finding duplicate cells in `\mux8_dut'.
Computing hashes of 26 cells of `\mux8_dut'.
Finding duplicate cells in `\mux8_dut'.
Computing hashes of 24 cells of `\mux8_dut'.
Finding duplicate cells in `\mux8_dut'.
Computing hashes of 23 cells of `\mux8_dut'.
Finding duplicate cells in `\mux8_dut'.
<suppressed ~21 debug messages>
Removed a total of 7 cells.

6.3. Executing OPT_MUXTREE pass (detect dead branches in mux trees).
Running muxtree optimizer on module \mux8_dut..
  Creating internal representation of mux trees.
  No muxes found in this module.
Removed 0 multiplexer ports.

6.4. Executing OPT_REDUCE pass (consolidate $*mux and $reduce_* inputs).
  Optimizing cells in module \mux8_dut.
Performed a total of 0 changes.

6.5. Executing OPT_MERGE pass (detect identical cells).
Finding identical cells in module `\mux8_dut'.
Computing hashes of 23 cells of `\mux8_dut'.
Finding duplicate cells in `\mux8_dut'.
Removed a total of 0 cells.

6.6. Executing OPT_DFF pass (perform DFF optimizations).

6.7. Executing OPT_CLEAN pass (remove unused cells and wires).
Finding unused cells or wires in module \mux8_dut..
Removed 0 unused cells and 15 unused wires.
<suppressed ~1 debug messages>

6.8. Executing OPT_EXPR pass (perform const folding).
Optimizing module mux8_dut.

6.9. Rerunning OPT passes. (Maybe there is more to do..)

6.10. Executing OPT_MUXTREE pass (detect dead branches in mux trees).
Running muxtree optimizer on module \mux8_dut..
  Creating internal representation of mux trees.
  No muxes found in this module.
Removed 0 multiplexer ports.

6.11. Executing OPT_REDUCE pass (consolidate $*mux and $reduce_* inputs).
  Optimizing cells in module \mux8_dut.
Performed a total of 0 changes.

6.12. Executing OPT_MERGE pass (detect identical cells).
Finding identical cells in module `\mux8_dut'.
Computing hashes of 23 cells of `\mux8_dut'.
Finding duplicate cells in `\mux8_dut'.
Removed a total of 0 cells.

6.13. Executing OPT_DFF pass (perform DFF optimizations).

6.14. Executing OPT_CLEAN pass (remove unused cells and wires).
Finding unused cells or wires in module \mux8_dut..

6.15. Executing OPT_EXPR pass (perform const folding).
Optimizing module mux8_dut.

6.16. Finished fast OPT passes. (There is nothing left to do.)

7. Executing TECHMAP pass (map to technology primitives).

7.1. Executing Verilog-2005 frontend: /opt/homebrew/bin/../share/yosys/techmap.v
Parsing Verilog input from `/opt/homebrew/bin/../share/yosys/techmap.v' to AST representation.
Generating RTLIL representation for module `\_90_simplemap_bool_ops'.
Generating RTLIL representation for module `\_90_simplemap_reduce_ops'.
Generating RTLIL representation for module `\_90_simplemap_logic_ops'.
Generating RTLIL representation for module `\_90_simplemap_compare_ops'.
Generating RTLIL representation for module `\_90_simplemap_various'.
Generating RTLIL representation for module `\_90_simplemap_registers'.
Generating RTLIL representation for module `\_90_shift_ops_shr_shl_sshl_sshr'.
Generating RTLIL representation for module `\_90_shift_shiftx'.
Generating RTLIL representation for module `\_90_fa'.
Generating RTLIL representation for module `\_90_lcu_brent_kung'.
Generating RTLIL representation for module `\_90_alu'.
Generating RTLIL representation for module `\_90_macc'.
Generating RTLIL representation for module `\_90_alumacc'.
Generating RTLIL representation for module `$__div_mod_u'.
Generating RTLIL representation for module `$__div_mod_trunc'.
Generating RTLIL representation for module `\_90_div'.
Generating RTLIL representation for module `\_90_mod'.
Generating RTLIL representation for module `$__div_mod_floor'.
Generating RTLIL representation for module `\_90_divfloor'.
Generating RTLIL representation for module `\_90_modfloor'.
Generating RTLIL representation for module `\_90_pow'.
Generating RTLIL representation for module `\_90_demux'.
Generating RTLIL representation for module `\_90_lut'.
Generating RTLIL representation for module `$connect'.
Generating RTLIL representation for module `$input_port'.
Successfully finished Verilog frontend.

7.2. Continuing TECHMAP pass.
Using template $paramod$constmap:b697c5e5c93cfa4e9eb73c214ece7a8a45607086$paramod$718b4452d1cee70304dc0fe5a95ad61c2d796b1c\_90_shift_shiftx for cells of type $shiftx.
Using template $paramod$constmap:d3d3cce98f2a639f44383726f972c838f50bd0b4$paramod$7ff4260567c9b4790ea4ff6c187771bc9869faee\_90_shift_shiftx for cells of type $shiftx.
Using extmapper simplemap for cells of type $mux.
No more expansions possible.
<suppressed ~603 debug messages>

8. Executing OPT pass (performing simple optimizations).

8.1. Executing OPT_EXPR pass (perform const folding).
Optimizing module mux8_dut.
<suppressed ~455 debug messages>

8.2. Executing OPT_MERGE pass (detect identical cells).
Finding identical cells in module `\mux8_dut'.
Computing hashes of 1032 cells of `\mux8_dut'.
Finding duplicate cells in `\mux8_dut'.
Computing hashes of 666 cells of `\mux8_dut'.
Finding duplicate cells in `\mux8_dut'.
Computing hashes of 364 cells of `\mux8_dut'.
Finding duplicate cells in `\mux8_dut'.
Computing hashes of 196 cells of `\mux8_dut'.
Finding duplicate cells in `\mux8_dut'.
<suppressed ~2508 debug messages>
Removed a total of 836 cells.

8.3. Executing OPT_MUXTREE pass (detect dead branches in mux trees).
Running muxtree optimizer on module \mux8_dut..
  Creating internal representation of mux trees.
  No muxes found in this module.
Removed 0 multiplexer ports.

8.4. Executing OPT_REDUCE pass (consolidate $*mux and $reduce_* inputs).
  Optimizing cells in module \mux8_dut.
Performed a total of 0 changes.

8.5. Executing OPT_MERGE pass (detect identical cells).
Finding identical cells in module `\mux8_dut'.
Computing hashes of 196 cells of `\mux8_dut'.
Finding duplicate cells in `\mux8_dut'.
Removed a total of 0 cells.

8.6. Executing OPT_DFF pass (perform DFF optimizations).

8.7. Executing OPT_CLEAN pass (remove unused cells and wires).
Finding unused cells or wires in module \mux8_dut..
Removed 174 unused cells and 63 unused wires.
<suppressed ~175 debug messages>

8.8. Executing OPT_EXPR pass (perform const folding).
Optimizing module mux8_dut.

8.9. Rerunning OPT passes. (Maybe there is more to do..)

8.10. Executing OPT_MUXTREE pass (detect dead branches in mux trees).
Running muxtree optimizer on module \mux8_dut..
  Creating internal representation of mux trees.
  No muxes found in this module.
Removed 0 multiplexer ports.

8.11. Executing OPT_REDUCE pass (consolidate $*mux and $reduce_* inputs).
  Optimizing cells in module \mux8_dut.
Performed a total of 0 changes.

8.12. Executing OPT_MERGE pass (detect identical cells).
Finding identical cells in module `\mux8_dut'.
Computing hashes of 22 cells of `\mux8_dut'.
Finding duplicate cells in `\mux8_dut'.
Removed a total of 0 cells.

8.13. Executing OPT_DFF pass (perform DFF optimizations).

8.14. Executing OPT_CLEAN pass (remove unused cells and wires).
Finding unused cells or wires in module \mux8_dut..

8.15. Executing OPT_EXPR pass (perform const folding).
Optimizing module mux8_dut.

8.16. Finished fast OPT passes. (There is nothing left to do.)

9. Executing ABC pass (technology mapping using ABC).

9.1. Extracting gate netlist of module `\mux8_dut' to `<abc-temp-dir>/input.blif'..

9.1.1. Executed ABC.
Extracted 7 gates and 18 wires to a netlist network with 11 inputs and 1 outputs.
Running ABC script: <abc-temp-dir>/abc.script
ABC: ======== ABC command line "source <abc-temp-dir>/abc.script"
ABC: + read_blif <abc-temp-dir>/input.blif 
ABC: + read_lut <abc-temp-dir>/lutdefs.txt 
ABC: + strash 
ABC: + &get -n 
ABC: + &fraig -x 
ABC: + &put 
ABC: + scorr 
ABC: Warning: The network is combinational (run "fraig" or "fraig_sweep").
ABC: + dc2 
ABC: + dretime 
ABC: + strash 
ABC: + dch -f 
ABC: + if 
ABC: + mfs2 
ABC: + lutpack -S 1 
ABC: + write_blif <abc-temp-dir>/output.blif 

9.1.2. Re-integrating ABC results.
ABC RESULTS:              $lut cells:        3
ABC RESULTS:        internal signals:        6
ABC RESULTS:           input signals:       11
ABC RESULTS:          output signals:        1
Removing temp directory.
Removing global temp directory.

10. Executing OPT_CLEAN pass (remove unused cells and wires).
Finding unused cells or wires in module \mux8_dut..
Removed 0 unused cells and 36 unused wires.
<suppressed ~25 debug messages>

11. Executing CHECK pass (checking for obvious problems).
Checking module mux8_dut...
Found and reported 0 problems.

12. Printing statistics.

=== mux8_dut ===

        +----------Local Count, excluding submodules.
        | 
      112 wires
      212 wire bits
      110 public wires
      210 public wire bits
       13 ports
       13 port bits
       18 cells
        3   $lut
       15   $scopeinfo

13. Executing JSON backend.

End of script. Logfile hash: 3b6db2768b, time: 0.08s, user: 0.03s, system: 0.01s, MEM: 23.66 MB peak
Yosys 0.68+post (git sha1 c12172fbae8af5e20f6fb52e3d4e92d56ed587b6, Release, AppleClang clang++ 21.0.0.21000101)
Time spent: 58% 1x abc (0 sec), 8% 11x opt_expr (0 sec), ...
